Archive member included because of file (symbol)

/opt/devkitPro/libnds/lib/libnds9.a(console.o)
                              main.o (consoleDemoInit)
/opt/devkitPro/libnds/lib/libnds9.a(initSystem.o)
                              /opt/devkitPro/devkitARM/lib/gcc/arm-eabi/4.3.3/../../../../arm-eabi/lib/thumb/ds_arm9_crt0.o (initSystem)
/opt/devkitPro/libnds/lib/libnds9.a(keys.o)
                              game.o (scanKeys)
/opt/devkitPro/libnds/lib/libnds9.a(sprite.o)
                              Graphics.o (oamMain)
/opt/devkitPro/libnds/lib/libnds9.a(sprite_alloc.o)
                              /opt/devkitPro/libnds/lib/libnds9.a(sprite.o) (oamAllocReset)
/opt/devkitPro/libnds/lib/libnds9.a(system.o)
                              /opt/devkitPro/libnds/lib/libnds9.a(initSystem.o) (powerValueHandler)
/opt/devkitPro/libnds/lib/libnds9.a(trig.o)
                              /opt/devkitPro/libnds/lib/libnds9.a(sprite.o) (sinLerp)
/opt/devkitPro/libnds/lib/libnds9.a(video.o)
                              /opt/devkitPro/libnds/lib/libnds9.a(console.o) (vramSetBankC)
/opt/devkitPro/libnds/lib/libnds9.a(videoGL.o)
                              game.o (glGlobalData)
/opt/devkitPro/libnds/lib/libnds9.a(fifosystem.o)
                              /opt/devkitPro/libnds/lib/libnds9.a(initSystem.o) (fifoSetValue32Handler)
/opt/devkitPro/libnds/lib/libnds9.a(interrupts.o)
                              Timer.o (irqSet)
/opt/devkitPro/libnds/lib/libnds9.a(dcache.o)
                              /opt/devkitPro/libnds/lib/libnds9.a(sprite.o) (DC_FlushRange)
/opt/devkitPro/libnds/lib/libnds9.a(biosCalls.o)
                              /opt/devkitPro/libnds/lib/libnds9.a(system.o) (swiDelay)
/opt/devkitPro/libnds/lib/libnds9.a(debugprint.o)
                              /opt/devkitPro/libnds/lib/libnds9.a(console.o) (nocashMessage)
/opt/devkitPro/libnds/lib/libnds9.a(interruptDispatcher.o)
                              /opt/devkitPro/libnds/lib/libnds9.a(interrupts.o) (IntrMain)
/opt/devkitPro/libnds/lib/libnds9.a(default_font.bin.o)
                              /opt/devkitPro/libnds/lib/libnds9.a(console.o) (default_font_bin)
/opt/devkitPro/libnds/lib/libnds9.a(background.o)
                              /opt/devkitPro/libnds/lib/libnds9.a(console.o) (bgState)
/opt/devkitPro/devkitARM/lib/gcc/arm-eabi/4.3.3/thumb/libgcc.a(_divsi3.o)
                              Timer.o (__aeabi_idiv)
/opt/devkitPro/devkitARM/lib/gcc/arm-eabi/4.3.3/thumb/libgcc.a(_dvmd_tls.o)
                              /opt/devkitPro/devkitARM/lib/gcc/arm-eabi/4.3.3/thumb/libgcc.a(_divsi3.o) (__div0)
/opt/devkitPro/devkitARM/lib/gcc/arm-eabi/4.3.3/thumb/libgcc.a(_addsubdf3.o)
                              Graphics.o (__aeabi_dadd)
/opt/devkitPro/devkitARM/lib/gcc/arm-eabi/4.3.3/thumb/libgcc.a(_muldivdf3.o)
                              Graphics.o (__aeabi_dmul)
/opt/devkitPro/devkitARM/lib/gcc/arm-eabi/4.3.3/thumb/libgcc.a(_cmpdf2.o)
                              Graphics.o (__aeabi_dcmplt)
/opt/devkitPro/devkitARM/lib/gcc/arm-eabi/4.3.3/thumb/libgcc.a(_muldi3.o)
                              /opt/devkitPro/libnds/lib/libnds9.a(videoGL.o) (__aeabi_lmul)
/opt/devkitPro/devkitARM/lib/gcc/arm-eabi/4.3.3/../../../../arm-eabi/lib/thumb/libg.a(lib_a-bsearch.o)
                              /opt/devkitPro/libnds/lib/libnds9.a(trig.o) (bsearch)
/opt/devkitPro/devkitARM/lib/gcc/arm-eabi/4.3.3/../../../../arm-eabi/lib/thumb/libg.a(lib_a-clock.o)
                              main.o (clock)
/opt/devkitPro/devkitARM/lib/gcc/arm-eabi/4.3.3/../../../../arm-eabi/lib/thumb/libg.a(lib_a-impure.o)
                              /opt/devkitPro/libnds/lib/libnds9.a(console.o) (_impure_ptr)
/opt/devkitPro/devkitARM/lib/gcc/arm-eabi/4.3.3/../../../../arm-eabi/lib/thumb/libg.a(lib_a-init.o)
                              /opt/devkitPro/devkitARM/lib/gcc/arm-eabi/4.3.3/../../../../arm-eabi/lib/thumb/ds_arm9_crt0.o (__libc_init_array)
/opt/devkitPro/devkitARM/lib/gcc/arm-eabi/4.3.3/../../../../arm-eabi/lib/thumb/libg.a(lib_a-iprintf.o)
                              /opt/devkitPro/libnds/lib/libnds9.a(console.o) (iprintf)
/opt/devkitPro/devkitARM/lib/gcc/arm-eabi/4.3.3/../../../../arm-eabi/lib/thumb/libg.a(lib_a-malloc.o)
                              /opt/devkitPro/libnds/lib/libnds9.a(sprite_alloc.o) (malloc)
/opt/devkitPro/devkitARM/lib/gcc/arm-eabi/4.3.3/../../../../arm-eabi/lib/thumb/libg.a(lib_a-mallocr.o)
                              /opt/devkitPro/devkitARM/lib/gcc/arm-eabi/4.3.3/../../../../arm-eabi/lib/thumb/libg.a(lib_a-malloc.o) (_malloc_r)
/opt/devkitPro/devkitARM/lib/gcc/arm-eabi/4.3.3/../../../../arm-eabi/lib/thumb/libg.a(lib_a-memcpy.o)
                              /opt/devkitPro/libnds/lib/libnds9.a(console.o) (memcpy)
/opt/devkitPro/devkitARM/lib/gcc/arm-eabi/4.3.3/../../../../arm-eabi/lib/thumb/libg.a(lib_a-memset.o)
                              /opt/devkitPro/libnds/lib/libnds9.a(background.o) (memset)
[...]
Memory Configuration

Name             Origin             Length             Attributes
rom              0x08000000         0x02000000
ewram            0x02000000         0x003ff000
dtcm             0x0b000000         0x00004000
vectors          0x01000000         0x00000100
itcm             0x01000100         0x00007f00
*default*        0x00000000         0xffffffff

Linker script and memory map

                0x01000000                __vectors_start = 0x1000000
                0x01000100                __itcm_start = 0x1000100
                0x023ff000                __ewram_end = 0x23ff000
                0x023ff000                __eheap_end = 0x23ff000
                0x0b000000                __dtcm_start = 0xb000000
                0x0b004000                __dtcm_top = 0xb004000
                0x0b003ff8                __irq_flags = (__dtcm_top - 0x8)
                0x0b003ffc                __irq_vector = (__dtcm_top - 0x4)
                0x0b003f00                __sp_svc = (__dtcm_top - 0x100)
                0x0b003e00                __sp_irq = (__sp_svc - 0x100)
                0x0b003d00                __sp_usr = (__sp_irq - 0x100)

.init           0x02000000      0x30c
                0x02000000                __text_start = .
 *(.init)
 .init          0x02000000      0x300 /opt/devkitPro/devkitARM/lib/gcc/arm-eabi/4.3.3/../../../../arm-eabi/lib/thumb/ds_arm9_crt0.o
                0x02000000                _start
 .init          0x02000300        0x4 /opt/devkitPro/devkitARM/lib/gcc/arm-eabi/4.3.3/thumb/crti.o
                0x02000300                _init
 .init          0x02000304        0x8 /opt/devkitPro/devkitARM/lib/gcc/arm-eabi/4.3.3/thumb/crtn.o
                0x0200030c                . = ALIGN (0x4)

.plt
 *(.plt)

.text           0x02000310     0xab3c
 *(EXCLUDE_FILE(*.itcm*) .text)
 .text          0x02000310        0x0 /opt/devkitPro/devkitARM/lib/gcc/arm-eabi/4.3.3/../../../../arm-eabi/lib/thumb/ds_arm9_crt0.o
 .text          0x02000310        0x0 /opt/devkitPro/devkitARM/lib/gcc/arm-eabi/4.3.3/thumb/crti.o
 .text          0x02000310       0x70 /opt/devkitPro/devkitARM/lib/gcc/arm-eabi/4.3.3/thumb/crtbegin.o
 .text          0x02000380        0x0 soundbank.bin.o
 .text          0x02000380        0x0 Balcony1.o
 .text          0x02000380        0x0 Balcony2.o
 .text          0x02000380        0x0 Building1.o
 .text          0x02000380        0x0 Building2.o
 .text          0x02000380        0x0 clouds.o
 .text          0x02000380        0x0 game_over.o
 .text          0x02000380        0x0 NyanCat1.o
 .text          0x02000380        0x0 NyanCat2.o
 .text          0x02000380        0x0 NyanCat3.o
 .text          0x02000380       0xa4 game.o
                0x0200040c                game_checkCollision
                0x02000418                game_play
                0x02000380                game_over
                0x020003d8                game_checkInput
                0x02000398                game_init
 *fill*         0x02000424        0x4 ff
 .text          0x02000428      0xf28 Graphics.o
                0x02000e90                graphics_update_map
                0x02000fbc                graphics_shift_sprite
                0x0200053c                graphics_init_sprite
                0x02000b50                graphics_build
                0x020012b4                graphics_game_over
                0x02000a0c                graphics_setup_BG0
                0x02000428                graphics_init
                0x02000f4c                graphics_shift_main
                0x02001168                graphics_jump
                0x02000690                graphics_setup_BG2
                0x02001134                graphics_shift_back
                0x02000734                graphics_setup_BG1
                0x020011a8                graphics_checkCollision
 .text          0x02001350       0x20 main.o
                0x02001350                main
 .text          0x02001370      0x12c Timer.o
                0x02001370                timer_setup
                0x02001444                timer_increase_speed
                0x02001428                timer_disable
 .text          0x0200149c      0xa28 /opt/devkitPro/libnds/lib/libnds9.a(console.o)
                0x02001bcc                con_write
                0x0200149c                consoleGetDefault
                0x02001a20                consoleInit
                0x02001974                consoleSetFont
                0x02001e94                nocash_write
                0x02001550                consolePrintChar
                0x020019c0                consoleClear
                0x02001998                consoleSetWindow
                0x020014a4                consoleSelect
                0x02001b90                consoleDemoInit
                0x020016fc                consoleLoadFont
                0x020019d4                consoleDebugInit
 .text          0x02001ec4       0xec /opt/devkitPro/libnds/lib/libnds9.a(initSystem.o)
                0x02001ec4                initSystem
 .text          0x02001fb0      0x134 /opt/devkitPro/libnds/lib/libnds9.a(keys.o)
                0x02002070                keysSetRepeat
                0x02002060                keysDownRepeat
                0x020020ac                keysCurrent
                0x02002040                keysHeld
                0x02002094                keysUp
                0x0200204c                keysDown
                0x02001fb0                scanKeys
 .text          0x020020e4      0x484 /opt/devkitPro/libnds/lib/libnds9.a(sprite.o)
                0x020020e4                oamDisable
                0x0200216c                oamClear
                0x02002398                oamRotateScale
                0x02002138                oamGetGfxPtr
                0x02002114                oamEnable
                0x02002194                oamGfxPtrToOffset
                0x020023f8                oamUpdate
                0x0200245c                oamInit
                0x020021cc                oamSet
 .text          0x02002568      0x364 /opt/devkitPro/libnds/lib/libnds9.a(sprite_alloc.o)
                0x020025a4                oamCountFragments
                0x02002568                resizeBuffer
                0x020026e0                oamAllocReset
                0x02002584                getAllocHeader
                0x020026cc                oamFreeGfx
                0x02002718                simpleAlloc
                0x02002894                oamAllocateGfx
                0x020025f0                simpleFree
 .text          0x020028cc       0xf4 /opt/devkitPro/libnds/lib/libnds9.a(system.o)
                0x0200297c                systemMsgHandler
                0x02002914                powerOn
                0x02002964                powerValueHandler
                0x020028cc                ledBlink
                0x02002948                systemSleep
                0x020028e4                powerOff
 .text          0x020029c0      0x264 /opt/devkitPro/libnds/lib/libnds9.a(trig.o)
                0x02002b58                arcSinComp
                0x02002b88                asinLerp
                0x02002b18                tanLerp
                0x020029c0                sinLutLookup
                0x02002acc                tanLutLookup
                0x02002ab0                cosLerp
                0x02002c08                acosLerp
                0x02002a10                sinLerp
 .text          0x02002c24      0x144 /opt/devkitPro/libnds/lib/libnds9.a(video.o)
                0x02002cd8                vramSetBankF
                0x02002c68                vramRestoreMainBanks
                0x02002d00                vramSetBankH
                0x02002cb0                vramSetBankD
                0x02002cc4                vramSetBankE
                0x02002d28                setBrightness
                0x02002cec                vramSetBankG
                0x02002c88                vramSetBankB
                0x02002c9c                vramSetBankC
                0x02002d14                vramSetBankI
                0x02002c24                vramSetMainBanks
                0x02002c74                vramSetBankA
 .text          0x02002d68      0xa94 /opt/devkitPro/libnds/lib/libnds9.a(videoGL.o)
                0x02002eb0                glTexCoord2f32
                0x020031ec                glTexImage2D
                0x02002e24                glGenTextures
                0x02002df4                glResetTextures
                0x02003508                glRotatef32i
                0x02003194                glTexLoadPal
                0x02002f3c                glTexParameter
                0x02002d68                glGetGlobals
                0x02002fbc                getNextPaletteSlot
                0x02003010                vramGetBank
                0x02002fac                alignVal
                0x02002f94                glGetTexParameter
                0x020031c8                gluTexLoadPal
                0x02002d70                glMaterialf
                0x02002e64                glBindTexture
                0x02002f6c                glGetTexturePointer
                0x020030d0                vramIsTextureBank
                0x02002e94                glColorTable
                0x02003130                getNextTextureSlot
                0x02003364                glInit_C
 .text          0x020037fc     0x18b8 /opt/devkitPro/libnds/lib/libnds9.a(fifosystem.o)
                0x02004798                fifoInternalRecvPopFirst
                0x02003884                fifoCheckValue32
                0x02003994                fifoCheckDatamsgLength
                0x0200418c                fifoGetLostWordCount
                0x020040fc                fifoGetBufferUsage
                0x02004e5c                fifoSendValue32
                0x02004d6c                fifoInternalSend
                0x02003e64                fifoGetDatamsg
                0x02003c7c                fifoGetValue32
                0x02003a94                fifoGetAddress
                0x02003a24                fifoCountDatamsg
                0x02003dcc                fifoForceValue32Handler
                0x0200390c                fifoCheckDatamsg
                0x02004738                fifoInternalRecvPeek
                0x02004c8c                fifoInternalAllocFreeBlock
                0x02003c54                fifoSetAddressHandler
                0x020046f8                fifoInternalProtect
                0x02004040                fifoForceDatamsgHandler
                0x02004ba0                fifoInternalSendEnqueue
                0x02004e04                fifoSendDatamsg
                0x020049d8                fifoInternalSendEmpty
                0x02004b24                fifoInternalSendInterrupt
                0x02004ea4                fifoSendAddress
                0x020049e8                fifoInternalSendDeque
                0x02004198                fifoInternalRecvInterrupt
                0x020037fc                fifoCheckAddress
                0x02004ce0                fifoInternalFreeCheck
                0x0200486c                fifoInternalRecvWordCount
                0x020048ec                fifoInternalRecvPushBack
                0x02004714                fifoInternalUnprotect
                0x02003be4                fifoForceAddressHandler
                0x02003e3c                fifoSetValue32Handler
                0x02004abc                fifoInternalBeginSend
                0x02004ee0                fifoInit
                0x020040d4                fifoSetDatamsgHandler
                0x02004cbc                fifoInternalFreeBlock
 .text          0x020050b4      0x1a8 /opt/devkitPro/libnds/lib/libnds9.a(interrupts.o)
                0x02005194                irqEnable
                0x020050b8                irqSet
                0x020051e0                irqDisable
                0x02005118                irqInit
                0x020050b4                irqDummy
                0x02005164                irqInitHandler
                0x0200522c                irqClear
 .text          0x0200525c       0x70 /opt/devkitPro/libnds/lib/libnds9.a(dcache.o)
                0x0200525c                DC_FlushAll
                0x02005288                DC_FlushRange
                0x020052b0                DC_InvalidateRange
                0x020052a4                DC_InvalidateAll
 *fill*         0x020052cc        0x4 ff
 .text          0x020052d0       0x70 /opt/devkitPro/libnds/lib/libnds9.a(biosCalls.o)
                0x020052e0                swiSleep
                0x0200531a                swiDecompressLZSSVram
                0x02005302                swiFastCopy
                0x02005306                swiSqrt
                0x020052d0                swiSoftReset
                0x0200530a                swiCRC16
                0x0200531e                swiDecompressHuffman
                0x02005336                swiSetHaltCR
                0x020052ec                swiRemainder
                0x02005312                swiUnpackBits
                0x02005316                swiDecompressLZSSWram
                0x02005332                swiDecodeDelta16
                0x020052d4                swiDelay
                0x020052f2                swiDivMod
                0x02005326                swiDecompressRLEVram
                0x02005322                swiDecompressRLEWram
                0x0200532e                swiDecodeDelta8
                0x020052e8                swiDivide
                0x020052e4                swiChangeSoundBias
                0x020052dc                swiWaitForVBlank
                0x020052d8                swiIntrWait
                0x0200530e                swiIsDebugger
                0x0200532a                swiWaitForIRQ
                0x020052fe                swiCopy
 .text          0x02005340       0x98 /opt/devkitPro/libnds/lib/libnds9.a(debugprint.o)
                0x02005340                nocashMessage
 .text          0x020053d8        0x0 /opt/devkitPro/libnds/lib/libnds9.a(interruptDispatcher.o)
 .text          0x020053d8        0x0 /opt/devkitPro/libnds/lib/libnds9.a(default_font.bin.o)
 .text          0x020053d8      0x320 /opt/devkitPro/libnds/lib/libnds9.a(background.o)
                0x02005434                bgUpdate
                0x02005628                bgInit_call
                0x020053e4                checkIfText
                0x0200552c                bgInitSub_call
                0x020053d8                bgIsText
 .text          0x020056f8       0xa4 /opt/devkitPro/devkitARM/lib/gcc/arm-eabi/4.3.3/thumb/libgcc.a(_divsi3.o)
                0x020056f8                __aeabi_idiv
                0x020056f8                __divsi3
                0x0200578c                __aeabi_idivmod
 .text          0x0200579c        0x4 /opt/devkitPro/devkitARM/lib/gcc/arm-eabi/4.3.3/thumb/libgcc.a(_dvmd_tls.o)
                0x0200579c                __aeabi_ldiv0
                0x0200579c                __div0
                0x0200579c                __aeabi_idiv0
 .text          0x020057a0      0x41c /opt/devkitPro/devkitARM/lib/gcc/arm-eabi/4.3.3/thumb/libgcc.a(_addsubdf3.o)
                0x02005b5c                __floatdidf
                0x02005ae0                __floatsidf
                0x02005abc                __aeabi_ui2d
                0x020057a0                __aeabi_drsub
                0x02005b08                __extendsfdf2
                0x020057ac                __adddf3
                0x02005abc                __floatunsidf
                0x020057ac                __aeabi_dadd
                0x02005b48                __aeabi_ul2d
                0x020057a8                __aeabi_dsub
                0x02005b48                __floatundidf
                0x02005ae0                __aeabi_i2d
                0x02005b5c                __aeabi_l2d
                0x02005b08                __aeabi_f2d
                0x020057a8                __subdf3
 .text          0x02005bbc      0x49c /opt/devkitPro/devkitARM/lib/gcc/arm-eabi/4.3.3/thumb/libgcc.a(_muldivdf3.o)
                0x02005e4c                __aeabi_ddiv
                0x02005bbc                __aeabi_dmul
                0x02005e4c                __divdf3
                0x02005bbc                __muldf3
 .text          0x02006058      0x140 /opt/devkitPro/devkitARM/lib/gcc/arm-eabi/4.3.3/thumb/libgcc.a(_cmpdf2.o)
                0x02006150                __aeabi_dcmple
                0x02006068                __cmpdf2
                0x02006068                __eqdf2
                0x02006058                __gtdf2
                0x02006108                __aeabi_cdcmple
                0x020060ec                __aeabi_cdrcmple
                0x02006060                __ltdf2
                0x02006138                __aeabi_dcmplt
                0x02006060                __ledf2
                0x02006180                __aeabi_dcmpgt
                0x02006168                __aeabi_dcmpge
                0x02006068                __nedf2
                0x02006120                __aeabi_dcmpeq
                0x02006108                __aeabi_cdcmpeq
                0x02006058                __gedf2
 .text          0x02006198       0x70 /opt/devkitPro/devkitARM/lib/gcc/arm-eabi/4.3.3/thumb/libgcc.a(_muldi3.o)
                0x02006198                __aeabi_lmul
                0x02006198                __muldi3
 .text          0x02006208       0x5c /opt/devkitPro/devkitARM/lib/gcc/arm-eabi/4.3.3/../../../../arm-eabi/lib/thumb/libg.a(lib_a-bsearch.o)
                0x02006208                bsearch
 .text          0x02006264       0x2c /opt/devkitPro/devkitARM/lib/gcc/arm-eabi/4.3.3/../../../../arm-eabi/lib/thumb/libg.a(lib_a-clock.o)
                0x02006264                clock
 .text          0x02006290        0x0 /opt/devkitPro/devkitARM/lib/gcc/arm-eabi/4.3.3/../../../../arm-eabi/lib/thumb/libg.a(lib_a-impure.o)
 .text          0x02006290       0x88 /opt/devkitPro/devkitARM/lib/gcc/arm-eabi/4.3.3/../../../../arm-eabi/lib/thumb/libg.a(lib_a-init.o)
                0x020062c0                __libc_init_array
                0x02006290                __libc_fini_array
 .text          0x02006318       0x3c /opt/devkitPro/devkitARM/lib/gcc/arm-eabi/4.3.3/../../../../arm-eabi/lib/thumb/libg.a(lib_a-iprintf.o)
                0x02006318                _iprintf_r
                0x02006330                iprintf
 .text          0x02006354       0x30 /opt/devkitPro/devkitARM/lib/gcc/arm-eabi/4.3.3/../../../../arm-eabi/lib/thumb/libg.a(lib_a-malloc.o)
                0x0200636c                malloc
                0x02006354                free
 .text          0x02006384      0x510 /opt/devkitPro/devkitARM/lib/gcc/arm-eabi/4.3.3/../../../../arm-eabi/lib/thumb/libg.a(lib_a-mallocr.o)
                0x02006384                _malloc_r
 .text          0x02006894       0x88 /opt/devkitPro/devkitARM/lib/gcc/arm-eabi/4.3.3/../../../../arm-eabi/lib/thumb/libg.a(lib_a-memcpy.o)
                0x02006894                memcpy
 .text          0x0200691c       0xb0 /opt/devkitPro/devkitARM/lib/gcc/arm-eabi/4.3.3/../../../../arm-eabi/lib/thumb/libg.a(lib_a-memset.o)
                0x0200691c                memset
 .text          0x020069cc        0x8 /opt/devkitPro/devkitARM/lib/gcc/arm-eabi/4.3.3/../../../../arm-eabi/lib/thumb/libg.a(lib_a-mlock.o)
                0x020069d0                __malloc_unlock
                0x020069cc                __malloc_lock
 *fill*         0x020069d4        0x4 ff
 .text          0x020069d8       0x58 /opt/devkitPro/devkitARM/lib/gcc/arm-eabi/4.3.3/../../../../arm-eabi/lib/thumb/libg.a(lib_a-rand.o)
                0x020069ec                rand
                0x020069d8                srand
 .text          0x02006a30       0x1c /opt/devkitPro/devkitARM/lib/gcc/arm-eabi/4.3.3/../../../../arm-eabi/lib/thumb/libg.a(lib_a-realloc.o)
                0x02006a30                realloc
 .text          0x02006a4c      0x340 /opt/devkitPro/devkitARM/lib/gcc/arm-eabi/4.3.3/../../../../arm-eabi/lib/thumb/libg.a(lib_a-reallocr.o)
                0x02006a4c                _realloc_r
 .text          0x02006d8c      0x114 /opt/devkitPro/devkitARM/lib/gcc/arm-eabi/4.3.3/../../../../arm-eabi/lib/thumb/libg.a(lib_a-setvbuf.o)
                0x02006d8c                setvbuf
 .text          0x02006ea0       0xa4 /opt/devkitPro/devkitARM/lib/gcc/arm-eabi/4.3.3/../../../../arm-eabi/lib/thumb/libg.a(lib_a-siscanf.o)
                0x02006ea4                _siscanf_r
                0x02006ef4                siscanf
 .text          0x02006f44       0x60 /opt/devkitPro/devkitARM/lib/gcc/arm-eabi/4.3.3/../../../../arm-eabi/lib/thumb/libg.a(lib_a-strlen.o)
                0x02006f44                strlen
 .text          0x02006fa4      0x8fc /opt/devkitPro/devkitARM/lib/gcc/arm-eabi/4.3.3/../../../../arm-eabi/lib/thumb/libg.a(lib_a-svfiscanf.o)
                0x02007078                __ssvfiscanf_r
 .text          0x020078a0      0x1a0 /opt/devkitPro/devkitARM/lib/gcc/arm-eabi/4.3.3/../../../../arm-eabi/lib/thumb/libg.a(lib_a-ungetc.o)
                0x02007a24                ungetc
                0x020078a0                __submore
                0x0200791c                _ungetc_r
 .text          0x02007a40      0xc44 /opt/devkitPro/devkitARM/lib/gcc/arm-eabi/4.3.3/../../../../arm-eabi/lib/thumb/libg.a(lib_a-vfiprintf.o)
                0x02008660                vfiprintf
                0x02007a60                _vfiprintf_r
 .text          0x02008684       0x68 /opt/devkitPro/devkitARM/lib/gcc/arm-eabi/4.3.3/../../../../arm-eabi/lib/thumb/libg.a(lib_a-wcrtomb.o)
                0x02008684                _wcrtomb_r
                0x020086c8                wcrtomb
 .text          0x020086ec      0x108 /opt/devkitPro/devkitARM/lib/gcc/arm-eabi/4.3.3/../../../../arm-eabi/lib/thumb/libg.a(lib_a-wcsrtombs.o)
                0x020086ec                _wcsrtombs_r
                0x020087cc                wcsrtombs
 .text          0x020087f4      0x2c8 /opt/devkitPro/devkitARM/lib/gcc/arm-eabi/4.3.3/../../../../arm-eabi/lib/thumb/libg.a(lib_a-wctomb_r.o)
                0x020087f4                _wctomb_r
 .text          0x02008abc       0xc8 /opt/devkitPro/devkitARM/lib/gcc/arm-eabi/4.3.3/../../../../arm-eabi/lib/thumb/libg.a(lib_a-wsetup.o)
                0x02008abc                __swsetup_r
 .text          0x02008b84        0x0 /opt/devkitPro/devkitARM/lib/gcc/arm-eabi/4.3.3/../../../../arm-eabi/lib/thumb/libg.a(lib_a-ctype_.o)
 .text          0x02008b84      0x150 /opt/devkitPro/devkitARM/lib/gcc/arm-eabi/4.3.3/../../../../arm-eabi/lib/thumb/libg.a(lib_a-fflush.o)
                0x02008ca0                fflush
                0x02008b84                _fflush_r
 .text          0x02008cd4      0x1f0 /opt/devkitPro/devkitARM/lib/gcc/arm-eabi/4.3.3/../../../../arm-eabi/lib/thumb/libg.a(lib_a-findfp.o)
                0x02008da0                __sinit
                0x02008dfc                __sfmoreglue
                0x02008d38                _cleanup
                0x02008d24                _cleanup_r
                0x02008d08                __fp_lock_all
                0x02008cd4                __sfp_lock_acquire
                0x02008e30                __sfp
                0x02008ce0                __sinit_lock_release
                0x02008cec                __fp_unlock_all
                0x02008cd8                __sfp_lock_release
                0x02008cdc                __sinit_lock_acquire
 .text          0x02008ec4      0x23c /opt/devkitPro/devkitARM/lib/gcc/arm-eabi/4.3.3/../../../../arm-eabi/lib/thumb/libg.a(lib_a-freer.o)
                0x02008f6c                _free_r
                0x02008ec4                _malloc_trim_r
 .text          0x02009100      0x318 /opt/devkitPro/devkitARM/lib/gcc/arm-eabi/4.3.3/../../../../arm-eabi/lib/thumb/libg.a(lib_a-fvwrite.o)
                0x02009100                __sfvwrite_r
 .text          0x02009418       0xc8 /opt/devkitPro/devkitARM/lib/gcc/arm-eabi/4.3.3/../../../../arm-eabi/lib/thumb/libg.a(lib_a-fwalk.o)
                0x02009480                _fwalk
                0x02009418                _fwalk_reent
 .text          0x020094e0       0xec /opt/devkitPro/devkitARM/lib/gcc/arm-eabi/4.3.3/../../../../arm-eabi/lib/thumb/libg.a(lib_a-iswspace.o)
                0x020094e0                iswspace
 .text          0x020095cc      0x178 /opt/devkitPro/devkitARM/lib/gcc/arm-eabi/4.3.3/../../../../arm-eabi/lib/thumb/libg.a(lib_a-jp2uc.o)
                0x020095cc                __jp2uc
 .text          0x02009744      0x28c /opt/devkitPro/devkitARM/lib/gcc/arm-eabi/4.3.3/../../../../arm-eabi/lib/thumb/libg.a(lib_a-locale.o)
                0x02009760                _setlocale_r
                0x02009744                __locale_charset
                0x02009750                _localeconv_r
                0x020099b4                setlocale
                0x02009758                localeconv
 .text          0x020099d0       0xe8 /opt/devkitPro/devkitARM/lib/gcc/arm-eabi/4.3.3/../../../../arm-eabi/lib/thumb/libg.a(lib_a-makebuf.o)
                0x020099d0                __smakebuf_r
 .text          0x02009ab8       0x70 /opt/devkitPro/devkitARM/lib/gcc/arm-eabi/4.3.3/../../../../arm-eabi/lib/thumb/libg.a(lib_a-mbrtowc.o)
                0x02009b00                mbrtowc
                0x02009ab8                _mbrtowc_r
 .text          0x02009b28      0x69c /opt/devkitPro/devkitARM/lib/gcc/arm-eabi/4.3.3/../../../../arm-eabi/lib/thumb/libg.a(lib_a-mbtowc_r.o)
                0x02009b28                _mbtowc_r
 .text          0x0200a1c4       0x8c /opt/devkitPro/devkitARM/lib/gcc/arm-eabi/4.3.3/../../../../arm-eabi/lib/thumb/libg.a(lib_a-memchr.o)
                0x0200a1c4                memchr
 .text          0x0200a250       0xb0 /opt/devkitPro/devkitARM/lib/gcc/arm-eabi/4.3.3/../../../../arm-eabi/lib/thumb/libg.a(lib_a-memmove.o)
                0x0200a250                memmove
 .text          0x0200a300       0x78 /opt/devkitPro/devkitARM/lib/gcc/arm-eabi/4.3.3/../../../../arm-eabi/lib/thumb/libg.a(lib_a-sccl.o)
                0x0200a300                __sccl
 .text          0x0200a378       0xb8 /opt/devkitPro/devkitARM/lib/gcc/arm-eabi/4.3.3/../../../../arm-eabi/lib/thumb/libg.a(lib_a-stdio.o)
                0x0200a38c                __sseek
                0x0200a400                __sread
                0x0200a378                __sclose
                0x0200a3c0                __swrite
 .text          0x0200a430       0x5c /opt/devkitPro/devkitARM/lib/gcc/arm-eabi/4.3.3/../../../../arm-eabi/lib/thumb/libg.a(lib_a-strcmp.o)
                0x0200a430                strcmp
 .text          0x0200a48c       0x48 /opt/devkitPro/devkitARM/lib/gcc/arm-eabi/4.3.3/../../../../arm-eabi/lib/thumb/libg.a(lib_a-strcpy.o)
                0x0200a48c                strcpy
 .text          0x0200a4d4      0x18c /opt/devkitPro/devkitARM/lib/gcc/arm-eabi/4.3.3/../../../../arm-eabi/lib/thumb/libg.a(lib_a-strtol.o)
                0x0200a63c                strtol
                0x0200a4d4                _strtol_r
 .text          0x0200a660      0x190 /opt/devkitPro/devkitARM/lib/gcc/arm-eabi/4.3.3/../../../../arm-eabi/lib/thumb/libg.a(lib_a-strtoul.o)
                0x0200a7cc                strtoul
                0x0200a660                _strtoul_r
 .text          0x0200a7f0       0xc0 /opt/devkitPro/devkitARM/lib/gcc/arm-eabi/4.3.3/../../../../arm-eabi/lib/thumb/libg.a(lib_a-fclose.o)
                0x0200a7f0                _fclose_r
                0x0200a894                fclose
 .text          0x0200a8b0      0x134 /opt/devkitPro/devkitARM/lib/gcc/arm-eabi/4.3.3/../../../../arm-eabi/lib/thumb/libsysbase.a(iosupport.o)
                0x0200a9c0                RemoveDevice
                0x0200a8b0                setDefaultDevice
                0x0200a8c4                AddDevice
                0x0200a9a0                GetDeviceOpTab
                0x0200a93c                FindDevice
 .text          0x0200a9e4       0x54 /opt/devkitPro/devkitARM/lib/gcc/arm-eabi/4.3.3/../../../../arm-eabi/lib/thumb/libsysbase.a(close.o)
                0x0200a9e4                _close_r
 .text          0x0200aa38       0x5c /opt/devkitPro/devkitARM/lib/gcc/arm-eabi/4.3.3/../../../../arm-eabi/lib/thumb/libsysbase.a(fstat.o)
                0x0200aa38                _fstat_r
 .text          0x0200aa94        0x4 /opt/devkitPro/devkitARM/lib/gcc/arm-eabi/4.3.3/../../../../arm-eabi/lib/thumb/libsysbase.a(isatty.o)
                0x0200aa94                _isatty_r
 .text          0x0200aa98       0x54 /opt/devkitPro/devkitARM/lib/gcc/arm-eabi/4.3.3/../../../../arm-eabi/lib/thumb/libsysbase.a(lseek.o)
                0x0200aa98                _lseek_r
 .text          0x0200aaec       0x54 /opt/devkitPro/devkitARM/lib/gcc/arm-eabi/4.3.3/../../../../arm-eabi/lib/thumb/libsysbase.a(read.o)
                0x0200aaec                _read_r
 .text          0x0200ab40       0x54 /opt/devkitPro/devkitARM/lib/gcc/arm-eabi/4.3.3/../../../../arm-eabi/lib/thumb/libsysbase.a(sbrk.o)
                0x0200ab40                _sbrk_r
 .text          0x0200ab94       0x4c /opt/devkitPro/devkitARM/lib/gcc/arm-eabi/4.3.3/../../../../arm-eabi/lib/thumb/libsysbase.a(times.o)
                0x0200ab9c                _gettimeofday_r
                0x0200ab94                _times_r
                0x0200abc8                _times
 .text          0x0200abe0       0x54 /opt/devkitPro/devkitARM/lib/gcc/arm-eabi/4.3.3/../../../../arm-eabi/lib/thumb/libsysbase.a(write.o)
                0x0200abe0                _write_r
 .text          0x0200ac34        0x0 /opt/devkitPro/devkitARM/lib/gcc/arm-eabi/4.3.3/../../../../arm-eabi/lib/thumb/libsysbase.a(malloc_vars.o)
 .text          0x0200ac34       0x54 /opt/devkitPro/devkitARM/lib/gcc/arm-eabi/4.3.3/../../../../arm-eabi/lib/thumb/libsysbase.a(build_argv.o)
                0x0200ac34                build_argv
 .text          0x0200ac88       0x90 /opt/devkitPro/devkitARM/lib/gcc/arm-eabi/4.3.3/../../../../arm-eabi/lib/thumb/libsysbase.a(handle_manager.o)
                0x0200ace8                __release_handle
                0x0200aca8                __alloc_handle
                0x0200ac88                __get_handle
 .text          0x0200ad18       0x8c /opt/devkitPro/devkitARM/lib/gcc/arm-eabi/4.3.3/thumb/libgcc.a(_udivsi3.o)
                0x0200ad18                __udivsi3
                0x0200ad18                __aeabi_uidiv
                0x0200ad94                __aeabi_uidivmod
 .text          0x0200ada4        0xc /opt/devkitPro/devkitARM/lib/gcc/arm-eabi/4.3.3/../../../../arm-eabi/lib/thumb/libg.a(lib_a-errno.o)
                0x0200ada4                __errno
 .text          0x0200adb0       0x9c /opt/devkitPro/devkitARM/lib/gcc/arm-eabi/4.3.3/../../../../arm-eabi/lib/thumb/libg.a(lib_a-strncmp.o)
                0x0200adb0                strncmp
 .text          0x0200ae4c        0x0 /opt/devkitPro/devkitARM/lib/gcc/arm-eabi/4.3.3/thumb/crtend.o
 .text          0x0200ae4c        0x0 /opt/devkitPro/devkitARM/lib/gcc/arm-eabi/4.3.3/thumb/crtn.o
 *(.text.*)
 *(.stub)
 *(.gnu.warning)
 *(.gnu.linkonce.t*)
 *(.glue_7)
 .glue_7        0x0200ae4c        0x0 /opt/devkitPro/devkitARM/lib/gcc/arm-eabi/4.3.3/../../../../arm-eabi/lib/thumb/ds_arm9_crt0.o
 .glue_7        0x0200ae4c        0x0 /opt/devkitPro/devkitARM/lib/gcc/arm-eabi/4.3.3/thumb/crti.o
 .glue_7        0x0200ae4c        0x0 /opt/devkitPro/devkitARM/lib/gcc/arm-eabi/4.3.3/thumb/crtbegin.o
 .glue_7        0x0200ae4c        0x0 soundbank.bin.o
 .glue_7        0x0200ae4c        0x0 Balcony1.o
 .glue_7        0x0200ae4c        0x0 Balcony2.o
 .glue_7        0x0200ae4c        0x0 Building1.o
 .glue_7        0x0200ae4c        0x0 Building2.o
 .glue_7        0x0200ae4c        0x0 clouds.o
 .glue_7        0x0200ae4c        0x0 game_over.o
 .glue_7        0x0200ae4c        0x0 NyanCat1.o
 .glue_7        0x0200ae4c        0x0 NyanCat2.o
 .glue_7        0x0200ae4c        0x0 NyanCat3.o
 .glue_7        0x0200ae4c        0x0 game.o
 .glue_7        0x0200ae4c        0x0 Graphics.o
 .glue_7        0x0200ae4c        0x0 main.o
 .glue_7        0x0200ae4c        0x0 Timer.o
 .glue_7        0x0200ae4c        0x0 /opt/devkitPro/libnds/lib/libnds9.a(console.o)
 .glue_7        0x0200ae4c        0x0 /opt/devkitPro/libnds/lib/libnds9.a(initSystem.o)
 .glue_7        0x0200ae4c        0x0 /opt/devkitPro/libnds/lib/libnds9.a(keys.o)
 .glue_7        0x0200ae4c        0x0 /opt/devkitPro/libnds/lib/libnds9.a(sprite.o)
 .glue_7        0x0200ae4c        0x0 /opt/devkitPro/libnds/lib/libnds9.a(sprite_alloc.o)
 .glue_7        0x0200ae4c        0x0 /opt/devkitPro/libnds/lib/libnds9.a(system.o)
 .glue_7        0x0200ae4c        0x0 /opt/devkitPro/libnds/lib/libnds9.a(trig.o)
 .glue_7        0x0200ae4c        0x0 /opt/devkitPro/libnds/lib/libnds9.a(video.o)
 .glue_7        0x0200ae4c        0x0 /opt/devkitPro/libnds/lib/libnds9.a(videoGL.o)
 .glue_7        0x0200ae4c        0x0 /opt/devkitPro/libnds/lib/libnds9.a(fifosystem.o)
 .glue_7        0x0200ae4c        0x0 /opt/devkitPro/libnds/lib/libnds9.a(interrupts.o)
 .glue_7        0x0200ae4c        0x0 /opt/devkitPro/libnds/lib/libnds9.a(dcache.o)
 .glue_7        0x0200ae4c        0x0 /opt/devkitPro/libnds/lib/libnds9.a(biosCalls.o)
 .glue_7        0x0200ae4c        0x0 /opt/devkitPro/libnds/lib/libnds9.a(debugprint.o)
 .glue_7        0x0200ae4c        0x0 /opt/devkitPro/libnds/lib/libnds9.a(interruptDispatcher.o)
 .glue_7        0x0200ae4c        0x0 /opt/devkitPro/libnds/lib/libnds9.a(default_font.bin.o)
 .glue_7        0x0200ae4c        0x0 /opt/devkitPro/libnds/lib/libnds9.a(background.o)
 .glue_7        0x0200ae4c        0x0 /opt/devkitPro/devkitARM/lib/gcc/arm-eabi/4.3.3/thumb/libgcc.a(_divsi3.o)
 .glue_7        0x0200ae4c        0x0 /opt/devkitPro/devkitARM/lib/gcc/arm-eabi/4.3.3/thumb/libgcc.a(_dvmd_tls.o)
 .glue_7        0x0200ae4c        0x0 /opt/devkitPro/devkitARM/lib/gcc/arm-eabi/4.3.3/thumb/libgcc.a(_addsubdf3.o)
 .glue_7        0x0200ae4c        0x0 /opt/devkitPro/devkitARM/lib/gcc/arm-eabi/4.3.3/thumb/libgcc.a(_muldivdf3.o)
 .glue_7        0x0200ae4c        0x0 /opt/devkitPro/devkitARM/lib/gcc/arm-eabi/4.3.3/thumb/libgcc.a(_cmpdf2.o)
 .glue_7        0x0200ae4c        0x0 /opt/devkitPro/devkitARM/lib/gcc/arm-eabi/4.3.3/thumb/libgcc.a(_muldi3.o)
 .glue_7        0x0200ae4c        0x0 /opt/devkitPro/devkitARM/lib/gcc/arm-eabi/4.3.3/../../../../arm-eabi/lib/thumb/libg.a(lib_a-bsearch.o)
 .glue_7        0x0200ae4c        0x0 /opt/devkitPro/devkitARM/lib/gcc/arm-eabi/4.3.3/../../../../arm-eabi/lib/thumb/libg.a(lib_a-clock.o)
 .glue_7        0x0200ae4c        0x0 /opt/devkitPro/devkitARM/lib/gcc/arm-eabi/4.3.3/../../../../arm-eabi/lib/thumb/libg.a(lib_a-impure.o)
 .glue_7        0x0200ae4c        0x0 /opt/devkitPro/devkitARM/lib/gcc/arm-eabi/4.3.3/../../../../arm-eabi/lib/thumb/libg.a(lib_a-init.o)
 .glue_7        0x0200ae4c        0x0 /opt/devkitPro/devkitARM/lib/gcc/arm-eabi/4.3.3/../../../../arm-eabi/lib/thumb/libg.a(lib_a-iprintf.o)
 .glue_7        0x0200ae4c        0x0 /opt/devkitPro/devkitARM/lib/gcc/arm-eabi/4.3.3/../../../../arm-eabi/lib/thumb/libg.a(lib_a-malloc.o)
 .glue_7        0x0200ae4c        0x0 /opt/devkitPro/devkitARM/lib/gcc/arm-eabi/4.3.3/../../../../arm-eabi/lib/thumb/libg.a(lib_a-mallocr.o)
 .glue_7        0x0200ae4c        0x0 /opt/devkitPro/devkitARM/lib/gcc/arm-eabi/4.3.3/../../../../arm-eabi/lib/thumb/libg.a(lib_a-memcpy.o)
 .glue_7        0x0200ae4c        0x0 /opt/devkitPro/devkitARM/lib/gcc/arm-eabi/4.3.3/../../../../arm-eabi/lib/thumb/libg.a(lib_a-memset.o)
 .glue_7        0x0200ae4c        0x0 /opt/devkitPro/devkitARM/lib/gcc/arm-eabi/4.3.3/../../../../arm-eabi/lib/thumb/libg.a(lib_a-mlock.o)
 .glue_7        0x0200ae4c        0x0 /opt/devkitPro/devkitARM/lib/gcc/arm-eabi/4.3.3/../../../../arm-eabi/lib/thumb/libg.a(lib_a-rand.o)
 .glue_7        0x0200ae4c        0x0 /opt/devkitPro/devkitARM/lib/gcc/arm-eabi/4.3.3/../../../../arm-eabi/lib/thumb/libg.a(lib_a-realloc.o)
 .glue_7        0x0200ae4c        0x0 /opt/devkitPro/devkitARM/lib/gcc/arm-eabi/4.3.3/../../../../arm-eabi/lib/thumb/libg.a(lib_a-reallocr.o)
 .glue_7        0x0200ae4c        0x0 /opt/devkitPro/devkitARM/lib/gcc/arm-eabi/4.3.3/../../../../arm-eabi/lib/thumb/libg.a(lib_a-setvbuf.o)
 .glue_7        0x0200ae4c        0x0 /opt/devkitPro/devkitARM/lib/gcc/arm-eabi/4.3.3/../../../../arm-eabi/lib/thumb/libg.a(lib_a-siscanf.o)
 .glue_7        0x0200ae4c        0x0 /opt/devkitPro/devkitARM/lib/gcc/arm-eabi/4.3.3/../../../../arm-eabi/lib/thumb/libg.a(lib_a-strlen.o)
 .glue_7        0x0200ae4c        0x0 /opt/devkitPro/devkitARM/lib/gcc/arm-eabi/4.3.3/../../../../arm-eabi/lib/thumb/libg.a(lib_a-svfiscanf.o)
 .glue_7        0x0200ae4c        0x0 /opt/devkitPro/devkitARM/lib/gcc/arm-eabi/4.3.3/../../../../arm-eabi/lib/thumb/libg.a(lib_a-ungetc.o)
 .glue_7        0x0200ae4c        0x0 /opt/devkitPro/devkitARM/lib/gcc/arm-eabi/4.3.3/../../../../arm-eabi/lib/thumb/libg.a(lib_a-vfiprintf.o)
 .glue_7        0x0200ae4c        0x0 /opt/devkitPro/devkitARM/lib/gcc/arm-eabi/4.3.3/../../../../arm-eabi/lib/thumb/libg.a(lib_a-wcrtomb.o)
 .glue_7        0x0200ae4c        0x0 /opt/devkitPro/devkitARM/lib/gcc/arm-eabi/4.3.3/../../../../arm-eabi/lib/thumb/libg.a(lib_a-wcsrtombs.o)
 .glue_7        0x0200ae4c        0x0 /opt/devkitPro/devkitARM/lib/gcc/arm-eabi/4.3.3/../../../../arm-eabi/lib/thumb/libg.a(lib_a-wctomb_r.o)
 .glue_7        0x0200ae4c        0x0 /opt/devkitPro/devkitARM/lib/gcc/arm-eabi/4.3.3/../../../../arm-eabi/lib/thumb/libg.a(lib_a-wsetup.o)
 .glue_7        0x0200ae4c        0x0 /opt/devkitPro/devkitARM/lib/gcc/arm-eabi/4.3.3/../../../../arm-eabi/lib/thumb/libg.a(lib_a-ctype_.o)
 .glue_7        0x0200ae4c        0x0 /opt/devkitPro/devkitARM/lib/gcc/arm-eabi/4.3.3/../../../../arm-eabi/lib/thumb/libg.a(lib_a-fflush.o)
 .glue_7        0x0200ae4c        0x0 /opt/devkitPro/devkitARM/lib/gcc/arm-eabi/4.3.3/../../../../arm-eabi/lib/thumb/libg.a(lib_a-findfp.o)
 .glue_7        0x0200ae4c        0x0 /opt/devkitPro/devkitARM/lib/gcc/arm-eabi/4.3.3/../../../../arm-eabi/lib/thumb/libg.a(lib_a-freer.o)
 .glue_7        0x0200ae4c        0x0 /opt/devkitPro/devkitARM/lib/gcc/arm-eabi/4.3.3/../../../../arm-eabi/lib/thumb/libg.a(lib_a-fvwrite.o)
 .glue_7        0x0200ae4c        0x0 /opt/devkitPro/devkitARM/lib/gcc/arm-eabi/4.3.3/../../../../arm-eabi/lib/thumb/libg.a(lib_a-fwalk.o)
 .glue_7        0x0200ae4c        0x0 /opt/devkitPro/devkitARM/lib/gcc/arm-eabi/4.3.3/../../../../arm-eabi/lib/thumb/libg.a(lib_a-iswspace.o)
 .glue_7        0x0200ae4c        0x0 /opt/devkitPro/devkitARM/lib/gcc/arm-eabi/4.3.3/../../../../arm-eabi/lib/thumb/libg.a(lib_a-jp2uc.o)
 .glue_7        0x0200ae4c        0x0 /opt/devkitPro/devkitARM/lib/gcc/arm-eabi/4.3.3/../../../../arm-eabi/lib/thumb/libg.a(lib_a-locale.o)
 .glue_7        0x0200ae4c        0x0 /opt/devkitPro/devkitARM/lib/gcc/arm-eabi/4.3.3/../../../../arm-eabi/lib/thumb/libg.a(lib_a-makebuf.o)
 .glue_7        0x0200ae4c        0x0 /opt/devkitPro/devkitARM/lib/gcc/arm-eabi/4.3.3/../../../../arm-eabi/lib/thumb/libg.a(lib_a-mbrtowc.o)
 .glue_7        0x0200ae4c        0x0 /opt/devkitPro/devkitARM/lib/gcc/arm-eabi/4.3.3/../../../../arm-eabi/lib/thumb/libg.a(lib_a-mbtowc_r.o)
 .glue_7        0x0200ae4c        0x0 /opt/devkitPro/devkitARM/lib/gcc/arm-eabi/4.3.3/../../../../arm-eabi/lib/thumb/libg.a(lib_a-memchr.o)
 .glue_7        0x0200ae4c        0x0 /opt/devkitPro/devkitARM/lib/gcc/arm-eabi/4.3.3/../../../../arm-eabi/lib/thumb/libg.a(lib_a-memmove.o)
 .glue_7        0x0200ae4c        0x0 /opt/devkitPro/devkitARM/lib/gcc/arm-eabi/4.3.3/../../../../arm-eabi/lib/thumb/libg.a(lib_a-sccl.o)
 .glue_7        0x0200ae4c        0x0 /opt/devkitPro/devkitARM/lib/gcc/arm-eabi/4.3.3/../../../../arm-eabi/lib/thumb/libg.a(lib_a-stdio.o)
 .glue_7        0x0200ae4c        0x0 /opt/devkitPro/devkitARM/lib/gcc/arm-eabi/4.3.3/../../../../arm-eabi/lib/thumb/libg.a(lib_a-strcmp.o)
 .glue_7        0x0200ae4c        0x0 /opt/devkitPro/devkitARM/lib/gcc/arm-eabi/4.3.3/../../../../arm-eabi/lib/thumb/libg.a(lib_a-strcpy.o)
 .glue_7        0x0200ae4c        0x0 /opt/devkitPro/devkitARM/lib/gcc/arm-eabi/4.3.3/../../../../arm-eabi/lib/thumb/libg.a(lib_a-strtol.o)
 .glue_7        0x0200ae4c        0x0 /opt/devkitPro/devkitARM/lib/gcc/arm-eabi/4.3.3/../../../../arm-eabi/lib/thumb/libg.a(lib_a-strtoul.o)
 .glue_7        0x0200ae4c        0x0 /opt/devkitPro/devkitARM/lib/gcc/arm-eabi/4.3.3/../../../../arm-eabi/lib/thumb/libg.a(lib_a-fclose.o)
 .glue_7        0x0200ae4c        0x0 /opt/devkitPro/devkitARM/lib/gcc/arm-eabi/4.3.3/../../../../arm-eabi/lib/thumb/libsysbase.a(iosupport.o)
 .glue_7        0x0200ae4c        0x0 /opt/devkitPro/devkitARM/lib/gcc/arm-eabi/4.3.3/../../../../arm-eabi/lib/thumb/libsysbase.a(close.o)
 .glue_7        0x0200ae4c        0x0 /opt/devkitPro/devkitARM/lib/gcc/arm-eabi/4.3.3/../../../../arm-eabi/lib/thumb/libsysbase.a(fstat.o)
 .glue_7        0x0200ae4c        0x0 /opt/devkitPro/devkitARM/lib/gcc/arm-eabi/4.3.3/../../../../arm-eabi/lib/thumb/libsysbase.a(isatty.o)
 .glue_7        0x0200ae4c        0x0 /opt/devkitPro/devkitARM/lib/gcc/arm-eabi/4.3.3/../../../../arm-eabi/lib/thumb/libsysbase.a(lseek.o)
 .glue_7        0x0200ae4c        0x0 /opt/devkitPro/devkitARM/lib/gcc/arm-eabi/4.3.3/../../../../arm-eabi/lib/thumb/libsysbase.a(read.o)
 .glue_7        0x0200ae4c        0x0 /opt/devkitPro/devkitARM/lib/gcc/arm-eabi/4.3.3/../../../../arm-eabi/lib/thumb/libsysbase.a(sbrk.o)
 .glue_7        0x0200ae4c        0x0 /opt/devkitPro/devkitARM/lib/gcc/arm-eabi/4.3.3/../../../../arm-eabi/lib/thumb/libsysbase.a(times.o)
 .glue_7        0x0200ae4c        0x0 /opt/devkitPro/devkitARM/lib/gcc/arm-eabi/4.3.3/../../../../arm-eabi/lib/thumb/libsysbase.a(write.o)
 .glue_7        0x0200ae4c        0x0 /opt/devkitPro/devkitARM/lib/gcc/arm-eabi/4.3.3/../../../../arm-eabi/lib/thumb/libsysbase.a(malloc_vars.o)
 .glue_7        0x0200ae4c        0x0 /opt/devkitPro/devkitARM/lib/gcc/arm-eabi/4.3.3/../../../../arm-eabi/lib/thumb/libsysbase.a(build_argv.o)
 .glue_7        0x0200ae4c        0x0 /opt/devkitPro/devkitARM/lib/gcc/arm-eabi/4.3.3/../../../../arm-eabi/lib/thumb/libsysbase.a(handle_manager.o)
 .glue_7        0x0200ae4c        0x0 /opt/devkitPro/devkitARM/lib/gcc/arm-eabi/4.3.3/thumb/libgcc.a(_udivsi3.o)
 .glue_7        0x0200ae4c        0x0 /opt/devkitPro/devkitARM/lib/gcc/arm-eabi/4.3.3/../../../../arm-eabi/lib/thumb/libg.a(lib_a-errno.o)
 .glue_7        0x0200ae4c        0x0 /opt/devkitPro/devkitARM/lib/gcc/arm-eabi/4.3.3/../../../../arm-eabi/lib/thumb/libg.a(lib_a-strncmp.o)
 .glue_7        0x0200ae4c        0x0 /opt/devkitPro/devkitARM/lib/gcc/arm-eabi/4.3.3/thumb/crtend.o
 .glue_7        0x0200ae4c        0x0 /opt/devkitPro/devkitARM/lib/gcc/arm-eabi/4.3.3/thumb/crtn.o
 *(.glue_7t)
 .glue_7t       0x0200ae4c        0x0 /opt/devkitPro/devkitARM/lib/gcc/arm-eabi/4.3.3/../../../../arm-eabi/lib/thumb/ds_arm9_crt0.o
 .glue_7t       0x0200ae4c        0x0 /opt/devkitPro/devkitARM/lib/gcc/arm-eabi/4.3.3/thumb/crti.o
 .glue_7t       0x0200ae4c        0x0 /opt/devkitPro/devkitARM/lib/gcc/arm-eabi/4.3.3/thumb/crtbegin.o
 .glue_7t       0x0200ae4c        0x0 soundbank.bin.o
 .glue_7t       0x0200ae4c        0x0 Balcony1.o
 .glue_7t       0x0200ae4c        0x0 Balcony2.o
 .glue_7t       0x0200ae4c        0x0 Building1.o
 .glue_7t       0x0200ae4c        0x0 Building2.o
 .glue_7t       0x0200ae4c        0x0 clouds.o
 .glue_7t       0x0200ae4c        0x0 game_over.o
 .glue_7t       0x0200ae4c        0x0 NyanCat1.o
 .glue_7t       0x0200ae4c        0x0 NyanCat2.o
 .glue_7t       0x0200ae4c        0x0 NyanCat3.o
 .glue_7t       0x0200ae4c        0x0 game.o
 .glue_7t       0x0200ae4c        0x0 Graphics.o
 .glue_7t       0x0200ae4c        0x0 main.o
 .glue_7t       0x0200ae4c        0x0 Timer.o
 .glue_7t       0x0200ae4c        0x0 /opt/devkitPro/libnds/lib/libnds9.a(console.o)
 .glue_7t       0x0200ae4c        0x0 /opt/devkitPro/libnds/lib/libnds9.a(initSystem.o)
 .glue_7t       0x0200ae4c        0x0 /opt/devkitPro/libnds/lib/libnds9.a(keys.o)
 .glue_7t       0x0200ae4c        0x0 /opt/devkitPro/libnds/lib/libnds9.a(sprite.o)
 .glue_7t       0x0200ae4c        0x0 /opt/devkitPro/libnds/lib/libnds9.a(sprite_alloc.o)
 .glue_7t       0x0200ae4c        0x0 /opt/devkitPro/libnds/lib/libnds9.a(system.o)
 .glue_7t       0x0200ae4c        0x0 /opt/devkitPro/libnds/lib/libnds9.a(trig.o)
 .glue_7t       0x0200ae4c        0x0 /opt/devkitPro/libnds/lib/libnds9.a(video.o)
 .glue_7t       0x0200ae4c        0x0 /opt/devkitPro/libnds/lib/libnds9.a(videoGL.o)
 .glue_7t       0x0200ae4c        0x0 /opt/devkitPro/libnds/lib/libnds9.a(fifosystem.o)
 .glue_7t       0x0200ae4c        0x0 /opt/devkitPro/libnds/lib/libnds9.a(interrupts.o)
 .glue_7t       0x0200ae4c        0x0 /opt/devkitPro/libnds/lib/libnds9.a(dcache.o)
 .glue_7t       0x0200ae4c        0x0 /opt/devkitPro/libnds/lib/libnds9.a(biosCalls.o)
 .glue_7t       0x0200ae4c        0x0 /opt/devkitPro/libnds/lib/libnds9.a(debugprint.o)
 .glue_7t       0x0200ae4c        0x0 /opt/devkitPro/libnds/lib/libnds9.a(interruptDispatcher.o)
 .glue_7t       0x0200ae4c        0x0 /opt/devkitPro/libnds/lib/libnds9.a(default_font.bin.o)
 .glue_7t       0x0200ae4c        0x0 /opt/devkitPro/libnds/lib/libnds9.a(background.o)
 .glue_7t       0x0200ae4c        0x0 /opt/devkitPro/devkitARM/lib/gcc/arm-eabi/4.3.3/thumb/libgcc.a(_divsi3.o)
 .glue_7t       0x0200ae4c        0x0 /opt/devkitPro/devkitARM/lib/gcc/arm-eabi/4.3.3/thumb/libgcc.a(_dvmd_tls.o)
 .glue_7t       0x0200ae4c        0x0 /opt/devkitPro/devkitARM/lib/gcc/arm-eabi/4.3.3/thumb/libgcc.a(_addsubdf3.o)
 .glue_7t       0x0200ae4c        0x0 /opt/devkitPro/devkitARM/lib/gcc/arm-eabi/4.3.3/thumb/libgcc.a(_muldivdf3.o)
 .glue_7t       0x0200ae4c        0x0 /opt/devkitPro/devkitARM/lib/gcc/arm-eabi/4.3.3/thumb/libgcc.a(_cmpdf2.o)
 .glue_7t       0x0200ae4c        0x0 /opt/devkitPro/devkitARM/lib/gcc/arm-eabi/4.3.3/thumb/libgcc.a(_muldi3.o)
 .glue_7t       0x0200ae4c        0x0 /opt/devkitPro/devkitARM/lib/gcc/arm-eabi/4.3.3/../../../../arm-eabi/lib/thumb/libg.a(lib_a-bsearch.o)
 .glue_7t       0x0200ae4c        0x0 /opt/devkitPro/devkitARM/lib/gcc/arm-eabi/4.3.3/../../../../arm-eabi/lib/thumb/libg.a(lib_a-clock.o)
 .glue_7t       0x0200ae4c        0x0 /opt/devkitPro/devkitARM/lib/gcc/arm-eabi/4.3.3/../../../../arm-eabi/lib/thumb/libg.a(lib_a-impure.o)
 .glue_7t       0x0200ae4c        0x0 /opt/devkitPro/devkitARM/lib/gcc/arm-eabi/4.3.3/../../../../arm-eabi/lib/thumb/libg.a(lib_a-init.o)
 .glue_7t       0x0200ae4c        0x0 /opt/devkitPro/devkitARM/lib/gcc/arm-eabi/4.3.3/../../../../arm-eabi/lib/thumb/libg.a(lib_a-iprintf.o)
 .glue_7t       0x0200ae4c        0x0 /opt/devkitPro/devkitARM/lib/gcc/arm-eabi/4.3.3/../../../../arm-eabi/lib/thumb/libg.a(lib_a-malloc.o)
 .glue_7t       0x0200ae4c        0x0 /opt/devkitPro/devkitARM/lib/gcc/arm-eabi/4.3.3/../../../../arm-eabi/lib/thumb/libg.a(lib_a-mallocr.o)
 .glue_7t       0x0200ae4c        0x0 /opt/devkitPro/devkitARM/lib/gcc/arm-eabi/4.3.3/../../../../arm-eabi/lib/thumb/libg.a(lib_a-memcpy.o)
 .glue_7t       0x0200ae4c        0x0 /opt/devkitPro/devkitARM/lib/gcc/arm-eabi/4.3.3/../../../../arm-eabi/lib/thumb/libg.a(lib_a-memset.o)
 .glue_7t       0x0200ae4c        0x0 /opt/devkitPro/devkitARM/lib/gcc/arm-eabi/4.3.3/../../../../arm-eabi/lib/thumb/libg.a(lib_a-mlock.o)
 .glue_7t       0x0200ae4c        0x0 /opt/devkitPro/devkitARM/lib/gcc/arm-eabi/4.3.3/../../../../arm-eabi/lib/thumb/libg.a(lib_a-rand.o)
 .glue_7t       0x0200ae4c        0x0 /opt/devkitPro/devkitARM/lib/gcc/arm-eabi/4.3.3/../../../../arm-eabi/lib/thumb/libg.a(lib_a-realloc.o)
 .glue_7t       0x0200ae4c        0x0 /opt/devkitPro/devkitARM/lib/gcc/arm-eabi/4.3.3/../../../../arm-eabi/lib/thumb/libg.a(lib_a-reallocr.o)
 .glue_7t       0x0200ae4c        0x0 /opt/devkitPro/devkitARM/lib/gcc/arm-eabi/4.3.3/../../../../arm-eabi/lib/thumb/libg.a(lib_a-setvbuf.o)
 .glue_7t       0x0200ae4c        0x0 /opt/devkitPro/devkitARM/lib/gcc/arm-eabi/4.3.3/../../../../arm-eabi/lib/thumb/libg.a(lib_a-siscanf.o)
 .glue_7t       0x0200ae4c        0x0 /opt/devkitPro/devkitARM/lib/gcc/arm-eabi/4.3.3/../../../../arm-eabi/lib/thumb/libg.a(lib_a-strlen.o)
 .glue_7t       0x0200ae4c        0x0 /opt/devkitPro/devkitARM/lib/gcc/arm-eabi/4.3.3/../../../../arm-eabi/lib/thumb/libg.a(lib_a-svfiscanf.o)
 .glue_7t       0x0200ae4c        0x0 /opt/devkitPro/devkitARM/lib/gcc/arm-eabi/4.3.3/../../../../arm-eabi/lib/thumb/libg.a(lib_a-ungetc.o)
 .glue_7t       0x0200ae4c        0x0 /opt/devkitPro/devkitARM/lib/gcc/arm-eabi/4.3.3/../../../../arm-eabi/lib/thumb/libg.a(lib_a-vfiprintf.o)
 .glue_7t       0x0200ae4c        0x0 /opt/devkitPro/devkitARM/lib/gcc/arm-eabi/4.3.3/../../../../arm-eabi/lib/thumb/libg.a(lib_a-wcrtomb.o)
 .glue_7t       0x0200ae4c        0x0 /opt/devkitPro/devkitARM/lib/gcc/arm-eabi/4.3.3/../../../../arm-eabi/lib/thumb/libg.a(lib_a-wcsrtombs.o)
 .glue_7t       0x0200ae4c        0x0 /opt/devkitPro/devkitARM/lib/gcc/arm-eabi/4.3.3/../../../../arm-eabi/lib/thumb/libg.a(lib_a-wctomb_r.o)
 .glue_7t       0x0200ae4c        0x0 /opt/devkitPro/devkitARM/lib/gcc/arm-eabi/4.3.3/../../../../arm-eabi/lib/thumb/libg.a(lib_a-wsetup.o)
 .glue_7t       0x0200ae4c        0x0 /opt/devkitPro/devkitARM/lib/gcc/arm-eabi/4.3.3/../../../../arm-eabi/lib/thumb/libg.a(lib_a-ctype_.o)
 .glue_7t       0x0200ae4c        0x0 /opt/devkitPro/devkitARM/lib/gcc/arm-eabi/4.3.3/../../../../arm-eabi/lib/thumb/libg.a(lib_a-fflush.o)
 .glue_7t       0x0200ae4c        0x0 /opt/devkitPro/devkitARM/lib/gcc/arm-eabi/4.3.3/../../../../arm-eabi/lib/thumb/libg.a(lib_a-findfp.o)
 .glue_7t       0x0200ae4c        0x0 /opt/devkitPro/devkitARM/lib/gcc/arm-eabi/4.3.3/../../../../arm-eabi/lib/thumb/libg.a(lib_a-freer.o)
 .glue_7t       0x0200ae4c        0x0 /opt/devkitPro/devkitARM/lib/gcc/arm-eabi/4.3.3/../../../../arm-eabi/lib/thumb/libg.a(lib_a-fvwrite.o)
 .glue_7t       0x0200ae4c        0x0 /opt/devkitPro/devkitARM/lib/gcc/arm-eabi/4.3.3/../../../../arm-eabi/lib/thumb/libg.a(lib_a-fwalk.o)
 .glue_7t       0x0200ae4c        0x0 /opt/devkitPro/devkitARM/lib/gcc/arm-eabi/4.3.3/../../../../arm-eabi/lib/thumb/libg.a(lib_a-iswspace.o)
 .glue_7t       0x0200ae4c        0x0 /opt/devkitPro/devkitARM/lib/gcc/arm-eabi/4.3.3/../../../../arm-eabi/lib/thumb/libg.a(lib_a-jp2uc.o)
 .glue_7t       0x0200ae4c        0x0 /opt/devkitPro/devkitARM/lib/gcc/arm-eabi/4.3.3/../../../../arm-eabi/lib/thumb/libg.a(lib_a-locale.o)
 .glue_7t       0x0200ae4c        0x0 /opt/devkitPro/devkitARM/lib/gcc/arm-eabi/4.3.3/../../../../arm-eabi/lib/thumb/libg.a(lib_a-makebuf.o)
 .glue_7t       0x0200ae4c        0x0 /opt/devkitPro/devkitARM/lib/gcc/arm-eabi/4.3.3/../../../../arm-eabi/lib/thumb/libg.a(lib_a-mbrtowc.o)
 .glue_7t       0x0200ae4c        0x0 /opt/devkitPro/devkitARM/lib/gcc/arm-eabi/4.3.3/../../../../arm-eabi/lib/thumb/libg.a(lib_a-mbtowc_r.o)
 .glue_7t       0x0200ae4c        0x0 /opt/devkitPro/devkitARM/lib/gcc/arm-eabi/4.3.3/../../../../arm-eabi/lib/thumb/libg.a(lib_a-memchr.o)
 .glue_7t       0x0200ae4c        0x0 /opt/devkitPro/devkitARM/lib/gcc/arm-eabi/4.3.3/../../../../arm-eabi/lib/thumb/libg.a(lib_a-memmove.o)
 .glue_7t       0x0200ae4c        0x0 /opt/devkitPro/devkitARM/lib/gcc/arm-eabi/4.3.3/../../../../arm-eabi/lib/thumb/libg.a(lib_a-sccl.o)
 .glue_7t       0x0200ae4c        0x0 /opt/devkitPro/devkitARM/lib/gcc/arm-eabi/4.3.3/../../../../arm-eabi/lib/thumb/libg.a(lib_a-stdio.o)
 .glue_7t       0x0200ae4c        0x0 /opt/devkitPro/devkitARM/lib/gcc/arm-eabi/4.3.3/../../../../arm-eabi/lib/thumb/libg.a(lib_a-strcmp.o)
 .glue_7t       0x0200ae4c        0x0 /opt/devkitPro/devkitARM/lib/gcc/arm-eabi/4.3.3/../../../../arm-eabi/lib/thumb/libg.a(lib_a-strcpy.o)
 .glue_7t       0x0200ae4c        0x0 /opt/devkitPro/devkitARM/lib/gcc/arm-eabi/4.3.3/../../../../arm-eabi/lib/thumb/libg.a(lib_a-strtol.o)
 .glue_7t       0x0200ae4c        0x0 /opt/devkitPro/devkitARM/lib/gcc/arm-eabi/4.3.3/../../../../arm-eabi/lib/thumb/libg.a(lib_a-strtoul.o)
 .glue_7t       0x0200ae4c        0x0 /opt/devkitPro/devkitARM/lib/gcc/arm-eabi/4.3.3/../../../../arm-eabi/lib/thumb/libg.a(lib_a-fclose.o)
 .glue_7t       0x0200ae4c        0x0 /opt/devkitPro/devkitARM/lib/gcc/arm-eabi/4.3.3/../../../../arm-eabi/lib/thumb/libsysbase.a(iosupport.o)
 .glue_7t       0x0200ae4c        0x0 /opt/devkitPro/devkitARM/lib/gcc/arm-eabi/4.3.3/../../../../arm-eabi/lib/thumb/libsysbase.a(close.o)
 .glue_7t       0x0200ae4c        0x0 /opt/devkitPro/devkitARM/lib/gcc/arm-eabi/4.3.3/../../../../arm-eabi/lib/thumb/libsysbase.a(fstat.o)
 .glue_7t       0x0200ae4c        0x0 /opt/devkitPro/devkitARM/lib/gcc/arm-eabi/4.3.3/../../../../arm-eabi/lib/thumb/libsysbase.a(isatty.o)
 .glue_7t       0x0200ae4c        0x0 /opt/devkitPro/devkitARM/lib/gcc/arm-eabi/4.3.3/../../../../arm-eabi/lib/thumb/libsysbase.a(lseek.o)
 .glue_7t       0x0200ae4c        0x0 /opt/devkitPro/devkitARM/lib/gcc/arm-eabi/4.3.3/../../../../arm-eabi/lib/thumb/libsysbase.a(read.o)
 .glue_7t       0x0200ae4c        0x0 /opt/devkitPro/devkitARM/lib/gcc/arm-eabi/4.3.3/../../../../arm-eabi/lib/thumb/libsysbase.a(sbrk.o)
 .glue_7t       0x0200ae4c        0x0 /opt/devkitPro/devkitARM/lib/gcc/arm-eabi/4.3.3/../../../../arm-eabi/lib/thumb/libsysbase.a(times.o)
 .glue_7t       0x0200ae4c        0x0 /opt/devkitPro/devkitARM/lib/gcc/arm-eabi/4.3.3/../../../../arm-eabi/lib/thumb/libsysbase.a(write.o)
 .glue_7t       0x0200ae4c        0x0 /opt/devkitPro/devkitARM/lib/gcc/arm-eabi/4.3.3/../../../../arm-eabi/lib/thumb/libsysbase.a(malloc_vars.o)
 .glue_7t       0x0200ae4c        0x0 /opt/devkitPro/devkitARM/lib/gcc/arm-eabi/4.3.3/../../../../arm-eabi/lib/thumb/libsysbase.a(build_argv.o)
 .glue_7t       0x0200ae4c        0x0 /opt/devkitPro/devkitARM/lib/gcc/arm-eabi/4.3.3/../../../../arm-eabi/lib/thumb/libsysbase.a(handle_manager.o)
 .glue_7t       0x0200ae4c        0x0 /opt/devkitPro/devkitARM/lib/gcc/arm-eabi/4.3.3/thumb/libgcc.a(_udivsi3.o)
 .glue_7t       0x0200ae4c        0x0 /opt/devkitPro/devkitARM/lib/gcc/arm-eabi/4.3.3/../../../../arm-eabi/lib/thumb/libg.a(lib_a-errno.o)
 .glue_7t       0x0200ae4c        0x0 /opt/devkitPro/devkitARM/lib/gcc/arm-eabi/4.3.3/../../../../arm-eabi/lib/thumb/libg.a(lib_a-strncmp.o)
 .glue_7t       0x0200ae4c        0x0 /opt/devkitPro/devkitARM/lib/gcc/arm-eabi/4.3.3/thumb/crtend.o
 .glue_7t       0x0200ae4c        0x0 /opt/devkitPro/devkitARM/lib/gcc/arm-eabi/4.3.3/thumb/crtn.o
                0x0200ae4c                . = ALIGN (0x4)

.vfp11_veneer   0x00000000        0x0
 .vfp11_veneer  0x00000000        0x0 /opt/devkitPro/devkitARM/lib/gcc/arm-eabi/4.3.3/../../../../arm-eabi/lib/thumb/ds_arm9_crt0.o
 .vfp11_veneer  0x00000000        0x0 /opt/devkitPro/devkitARM/lib/gcc/arm-eabi/4.3.3/thumb/crti.o
 .vfp11_veneer  0x00000000        0x0 /opt/devkitPro/devkitARM/lib/gcc/arm-eabi/4.3.3/thumb/crtbegin.o
 .vfp11_veneer  0x00000000        0x0 soundbank.bin.o
 .vfp11_veneer  0x00000000        0x0 Balcony1.o
 .vfp11_veneer  0x00000000        0x0 Balcony2.o
 .vfp11_veneer  0x00000000        0x0 Building1.o
 .vfp11_veneer  0x00000000        0x0 Building2.o
 .vfp11_veneer  0x00000000        0x0 clouds.o
 .vfp11_veneer  0x00000000        0x0 game_over.o
 .vfp11_veneer  0x00000000        0x0 NyanCat1.o
 .vfp11_veneer  0x00000000        0x0 NyanCat2.o
 .vfp11_veneer  0x00000000        0x0 NyanCat3.o
 .vfp11_veneer  0x00000000        0x0 game.o
 .vfp11_veneer  0x00000000        0x0 Graphics.o
 .vfp11_veneer  0x00000000        0x0 main.o
 .vfp11_veneer  0x00000000        0x0 Timer.o
 .vfp11_veneer  0x00000000        0x0 /opt/devkitPro/libnds/lib/libnds9.a(console.o)
 .vfp11_veneer  0x00000000        0x0 /opt/devkitPro/libnds/lib/libnds9.a(initSystem.o)
 .vfp11_veneer  0x00000000        0x0 /opt/devkitPro/libnds/lib/libnds9.a(keys.o)
 .vfp11_veneer  0x00000000        0x0 /opt/devkitPro/libnds/lib/libnds9.a(sprite.o)
 .vfp11_veneer  0x00000000        0x0 /opt/devkitPro/libnds/lib/libnds9.a(sprite_alloc.o)
 .vfp11_veneer  0x00000000        0x0 /opt/devkitPro/libnds/lib/libnds9.a(system.o)
 .vfp11_veneer  0x00000000        0x0 /opt/devkitPro/libnds/lib/libnds9.a(trig.o)
 .vfp11_veneer  0x00000000        0x0 /opt/devkitPro/libnds/lib/libnds9.a(video.o)
 .vfp11_veneer  0x00000000        0x0 /opt/devkitPro/libnds/lib/libnds9.a(videoGL.o)
 .vfp11_veneer  0x00000000        0x0 /opt/devkitPro/libnds/lib/libnds9.a(fifosystem.o)
 .vfp11_veneer  0x00000000        0x0 /opt/devkitPro/libnds/lib/libnds9.a(interrupts.o)
 .vfp11_veneer  0x00000000        0x0 /opt/devkitPro/libnds/lib/libnds9.a(dcache.o)
 .vfp11_veneer  0x00000000        0x0 /opt/devkitPro/libnds/lib/libnds9.a(biosCalls.o)
 .vfp11_veneer  0x00000000        0x0 /opt/devkitPro/libnds/lib/libnds9.a(debugprint.o)
 .vfp11_veneer  0x00000000        0x0 /opt/devkitPro/libnds/lib/libnds9.a(interruptDispatcher.o)
 .vfp11_veneer  0x00000000        0x0 /opt/devkitPro/libnds/lib/libnds9.a(default_font.bin.o)
 .vfp11_veneer  0x00000000        0x0 /opt/devkitPro/libnds/lib/libnds9.a(background.o)
 .vfp11_veneer  0x00000000        0x0 /opt/devkitPro/devkitARM/lib/gcc/arm-eabi/4.3.3/thumb/libgcc.a(_divsi3.o)
 .vfp11_veneer  0x00000000        0x0 /opt/devkitPro/devkitARM/lib/gcc/arm-eabi/4.3.3/thumb/libgcc.a(_dvmd_tls.o)
 .vfp11_veneer  0x00000000        0x0 /opt/devkitPro/devkitARM/lib/gcc/arm-eabi/4.3.3/thumb/libgcc.a(_addsubdf3.o)
 .vfp11_veneer  0x00000000        0x0 /opt/devkitPro/devkitARM/lib/gcc/arm-eabi/4.3.3/thumb/libgcc.a(_muldivdf3.o)
 .vfp11_veneer  0x00000000        0x0 /opt/devkitPro/devkitARM/lib/gcc/arm-eabi/4.3.3/thumb/libgcc.a(_cmpdf2.o)
 .vfp11_veneer  0x00000000        0x0 /opt/devkitPro/devkitARM/lib/gcc/arm-eabi/4.3.3/thumb/libgcc.a(_muldi3.o)
 .vfp11_veneer  0x00000000        0x0 /opt/devkitPro/devkitARM/lib/gcc/arm-eabi/4.3.3/../../../../arm-eabi/lib/thumb/libg.a(lib_a-bsearch.o)
 .vfp11_veneer  0x00000000        0x0 /opt/devkitPro/devkitARM/lib/gcc/arm-eabi/4.3.3/../../../../arm-eabi/lib/thumb/libg.a(lib_a-clock.o)
 .vfp11_veneer  0x00000000        0x0 /opt/devkitPro/devkitARM/lib/gcc/arm-eabi/4.3.3/../../../../arm-eabi/lib/thumb/libg.a(lib_a-impure.o)
 .vfp11_veneer  0x00000000        0x0 /opt/devkitPro/devkitARM/lib/gcc/arm-eabi/4.3.3/../../../../arm-eabi/lib/thumb/libg.a(lib_a-init.o)
 .vfp11_veneer  0x00000000        0x0 /opt/devkitPro/devkitARM/lib/gcc/arm-eabi/4.3.3/../../../../arm-eabi/lib/thumb/libg.a(lib_a-iprintf.o)
 .vfp11_veneer  0x00000000        0x0 /opt/devkitPro/devkitARM/lib/gcc/arm-eabi/4.3.3/../../../../arm-eabi/lib/thumb/libg.a(lib_a-malloc.o)
 .vfp11_veneer  0x00000000        0x0 /opt/devkitPro/devkitARM/lib/gcc/arm-eabi/4.3.3/../../../../arm-eabi/lib/thumb/libg.a(lib_a-mallocr.o)
 .vfp11_veneer  0x00000000        0x0 /opt/devkitPro/devkitARM/lib/gcc/arm-eabi/4.3.3/../../../../arm-eabi/lib/thumb/libg.a(lib_a-memcpy.o)
 .vfp11_veneer  0x00000000        0x0 /opt/devkitPro/devkitARM/lib/gcc/arm-eabi/4.3.3/../../../../arm-eabi/lib/thumb/libg.a(lib_a-memset.o)
 .vfp11_veneer  0x00000000        0x0 /opt/devkitPro/devkitARM/lib/gcc/arm-eabi/4.3.3/../../../../arm-eabi/lib/thumb/libg.a(lib_a-mlock.o)
 .vfp11_veneer  0x00000000        0x0 /opt/devkitPro/devkitARM/lib/gcc/arm-eabi/4.3.3/../../../../arm-eabi/lib/thumb/libg.a(lib_a-rand.o)
 .vfp11_veneer  0x00000000        0x0 /opt/devkitPro/devkitARM/lib/gcc/arm-eabi/4.3.3/../../../../arm-eabi/lib/thumb/libg.a(lib_a-realloc.o)
 .vfp11_veneer  0x00000000        0x0 /opt/devkitPro/devkitARM/lib/gcc/arm-eabi/4.3.3/../../../../arm-eabi/lib/thumb/libg.a(lib_a-reallocr.o)
 .vfp11_veneer  0x00000000        0x0 /opt/devkitPro/devkitARM/lib/gcc/arm-eabi/4.3.3/../../../../arm-eabi/lib/thumb/libg.a(lib_a-setvbuf.o)
 .vfp11_veneer  0x00000000        0x0 /opt/devkitPro/devkitARM/lib/gcc/arm-eabi/4.3.3/../../../../arm-eabi/lib/thumb/libg.a(lib_a-siscanf.o)
 .vfp11_veneer  0x00000000        0x0 /opt/devkitPro/devkitARM/lib/gcc/arm-eabi/4.3.3/../../../../arm-eabi/lib/thumb/libg.a(lib_a-strlen.o)
 .vfp11_veneer  0x00000000        0x0 /opt/devkitPro/devkitARM/lib/gcc/arm-eabi/4.3.3/../../../../arm-eabi/lib/thumb/libg.a(lib_a-svfiscanf.o)
 .vfp11_veneer  0x00000000        0x0 /opt/devkitPro/devkitARM/lib/gcc/arm-eabi/4.3.3/../../../../arm-eabi/lib/thumb/libg.a(lib_a-ungetc.o)
 .vfp11_veneer  0x00000000        0x0 /opt/devkitPro/devkitARM/lib/gcc/arm-eabi/4.3.3/../../../../arm-eabi/lib/thumb/libg.a(lib_a-vfiprintf.o)
 .vfp11_veneer  0x00000000        0x0 /opt/devkitPro/devkitARM/lib/gcc/arm-eabi/4.3.3/../../../../arm-eabi/lib/thumb/libg.a(lib_a-wcrtomb.o)
 .vfp11_veneer  0x00000000        0x0 /opt/devkitPro/devkitARM/lib/gcc/arm-eabi/4.3.3/../../../../arm-eabi/lib/thumb/libg.a(lib_a-wcsrtombs.o)
 .vfp11_veneer  0x00000000        0x0 /opt/devkitPro/devkitARM/lib/gcc/arm-eabi/4.3.3/../../../../arm-eabi/lib/thumb/libg.a(lib_a-wctomb_r.o)
 .vfp11_veneer  0x00000000        0x0 /opt/devkitPro/devkitARM/lib/gcc/arm-eabi/4.3.3/../../../../arm-eabi/lib/thumb/libg.a(lib_a-wsetup.o)
 .vfp11_veneer  0x00000000        0x0 /opt/devkitPro/devkitARM/lib/gcc/arm-eabi/4.3.3/../../../../arm-eabi/lib/thumb/libg.a(lib_a-ctype_.o)
 .vfp11_veneer  0x00000000        0x0 /opt/devkitPro/devkitARM/lib/gcc/arm-eabi/4.3.3/../../../../arm-eabi/lib/thumb/libg.a(lib_a-fflush.o)
 .vfp11_veneer  0x00000000        0x0 /opt/devkitPro/devkitARM/lib/gcc/arm-eabi/4.3.3/../../../../arm-eabi/lib/thumb/libg.a(lib_a-findfp.o)
 .vfp11_veneer  0x00000000        0x0 /opt/devkitPro/devkitARM/lib/gcc/arm-eabi/4.3.3/../../../../arm-eabi/lib/thumb/libg.a(lib_a-freer.o)
 .vfp11_veneer  0x00000000        0x0 /opt/devkitPro/devkitARM/lib/gcc/arm-eabi/4.3.3/../../../../arm-eabi/lib/thumb/libg.a(lib_a-fvwrite.o)
 .vfp11_veneer  0x00000000        0x0 /opt/devkitPro/devkitARM/lib/gcc/arm-eabi/4.3.3/../../../../arm-eabi/lib/thumb/libg.a(lib_a-fwalk.o)
 .vfp11_veneer  0x00000000        0x0 /opt/devkitPro/devkitARM/lib/gcc/arm-eabi/4.3.3/../../../../arm-eabi/lib/thumb/libg.a(lib_a-iswspace.o)
 .vfp11_veneer  0x00000000        0x0 /opt/devkitPro/devkitARM/lib/gcc/arm-eabi/4.3.3/../../../../arm-eabi/lib/thumb/libg.a(lib_a-jp2uc.o)
 .vfp11_veneer  0x00000000        0x0 /opt/devkitPro/devkitARM/lib/gcc/arm-eabi/4.3.3/../../../../arm-eabi/lib/thumb/libg.a(lib_a-locale.o)
 .vfp11_veneer  0x00000000        0x0 /opt/devkitPro/devkitARM/lib/gcc/arm-eabi/4.3.3/../../../../arm-eabi/lib/thumb/libg.a(lib_a-makebuf.o)
 .vfp11_veneer  0x00000000        0x0 /opt/devkitPro/devkitARM/lib/gcc/arm-eabi/4.3.3/../../../../arm-eabi/lib/thumb/libg.a(lib_a-mbrtowc.o)
 .vfp11_veneer  0x00000000        0x0 /opt/devkitPro/devkitARM/lib/gcc/arm-eabi/4.3.3/../../../../arm-eabi/lib/thumb/libg.a(lib_a-mbtowc_r.o)
 .vfp11_veneer  0x00000000        0x0 /opt/devkitPro/devkitARM/lib/gcc/arm-eabi/4.3.3/../../../../arm-eabi/lib/thumb/libg.a(lib_a-memchr.o)
 .vfp11_veneer  0x00000000        0x0 /opt/devkitPro/devkitARM/lib/gcc/arm-eabi/4.3.3/../../../../arm-eabi/lib/thumb/libg.a(lib_a-memmove.o)
 .vfp11_veneer  0x00000000        0x0 /opt/devkitPro/devkitARM/lib/gcc/arm-eabi/4.3.3/../../../../arm-eabi/lib/thumb/libg.a(lib_a-sccl.o)
 .vfp11_veneer  0x00000000        0x0 /opt/devkitPro/devkitARM/lib/gcc/arm-eabi/4.3.3/../../../../arm-eabi/lib/thumb/libg.a(lib_a-stdio.o)
 .vfp11_veneer  0x00000000        0x0 /opt/devkitPro/devkitARM/lib/gcc/arm-eabi/4.3.3/../../../../arm-eabi/lib/thumb/libg.a(lib_a-strcmp.o)
 .vfp11_veneer  0x00000000        0x0 /opt/devkitPro/devkitARM/lib/gcc/arm-eabi/4.3.3/../../../../arm-eabi/lib/thumb/libg.a(lib_a-strcpy.o)
 .vfp11_veneer  0x00000000        0x0 /opt/devkitPro/devkitARM/lib/gcc/arm-eabi/4.3.3/../../../../arm-eabi/lib/thumb/libg.a(lib_a-strtol.o)
 .vfp11_veneer  0x00000000        0x0 /opt/devkitPro/devkitARM/lib/gcc/arm-eabi/4.3.3/../../../../arm-eabi/lib/thumb/libg.a(lib_a-strtoul.o)
 .vfp11_veneer  0x00000000        0x0 /opt/devkitPro/devkitARM/lib/gcc/arm-eabi/4.3.3/../../../../arm-eabi/lib/thumb/libg.a(lib_a-fclose.o)
 .vfp11_veneer  0x00000000        0x0 /opt/devkitPro/devkitARM/lib/gcc/arm-eabi/4.3.3/../../../../arm-eabi/lib/thumb/libsysbase.a(iosupport.o)
 .vfp11_veneer  0x00000000        0x0 /opt/devkitPro/devkitARM/lib/gcc/arm-eabi/4.3.3/../../../../arm-eabi/lib/thumb/libsysbase.a(close.o)
 .vfp11_veneer  0x00000000        0x0 /opt/devkitPro/devkitARM/lib/gcc/arm-eabi/4.3.3/../../../../arm-eabi/lib/thumb/libsysbase.a(fstat.o)
 .vfp11_veneer  0x00000000        0x0 /opt/devkitPro/devkitARM/lib/gcc/arm-eabi/4.3.3/../../../../arm-eabi/lib/thumb/libsysbase.a(isatty.o)
 .vfp11_veneer  0x00000000        0x0 /opt/devkitPro/devkitARM/lib/gcc/arm-eabi/4.3.3/../../../../arm-eabi/lib/thumb/libsysbase.a(lseek.o)
 .vfp11_veneer  0x00000000        0x0 /opt/devkitPro/devkitARM/lib/gcc/arm-eabi/4.3.3/../../../../arm-eabi/lib/thumb/libsysbase.a(read.o)
 .vfp11_veneer  0x00000000        0x0 /opt/devkitPro/devkitARM/lib/gcc/arm-eabi/4.3.3/../../../../arm-eabi/lib/thumb/libsysbase.a(sbrk.o)
 .vfp11_veneer  0x00000000        0x0 /opt/devkitPro/devkitARM/lib/gcc/arm-eabi/4.3.3/../../../../arm-eabi/lib/thumb/libsysbase.a(times.o)
 .vfp11_veneer  0x00000000        0x0 /opt/devkitPro/devkitARM/lib/gcc/arm-eabi/4.3.3/../../../../arm-eabi/lib/thumb/libsysbase.a(write.o)
 .vfp11_veneer  0x00000000        0x0 /opt/devkitPro/devkitARM/lib/gcc/arm-eabi/4.3.3/../../../../arm-eabi/lib/thumb/libsysbase.a(malloc_vars.o)
 .vfp11_veneer  0x00000000        0x0 /opt/devkitPro/devkitARM/lib/gcc/arm-eabi/4.3.3/../../../../arm-eabi/lib/thumb/libsysbase.a(build_argv.o)
 .vfp11_veneer  0x00000000        0x0 /opt/devkitPro/devkitARM/lib/gcc/arm-eabi/4.3.3/../../../../arm-eabi/lib/thumb/libsysbase.a(handle_manager.o)
 .vfp11_veneer  0x00000000        0x0 /opt/devkitPro/devkitARM/lib/gcc/arm-eabi/4.3.3/thumb/libgcc.a(_udivsi3.o)
 .vfp11_veneer  0x00000000        0x0 /opt/devkitPro/devkitARM/lib/gcc/arm-eabi/4.3.3/../../../../arm-eabi/lib/thumb/libg.a(lib_a-errno.o)
 .vfp11_veneer  0x00000000        0x0 /opt/devkitPro/devkitARM/lib/gcc/arm-eabi/4.3.3/../../../../arm-eabi/lib/thumb/libg.a(lib_a-strncmp.o)
 .vfp11_veneer  0x00000000        0x0 /opt/devkitPro/devkitARM/lib/gcc/arm-eabi/4.3.3/thumb/crtend.o
 .vfp11_veneer  0x00000000        0x0 /opt/devkitPro/devkitARM/lib/gcc/arm-eabi/4.3.3/thumb/crtn.o

.v4_bx          0x00000000        0x0
 .v4_bx         0x00000000        0x0 /opt/devkitPro/devkitARM/lib/gcc/arm-eabi/4.3.3/../../../../arm-eabi/lib/thumb/ds_arm9_crt0.o
 .v4_bx         0x00000000        0x0 /opt/devkitPro/devkitARM/lib/gcc/arm-eabi/4.3.3/thumb/crti.o
 .v4_bx         0x00000000        0x0 /opt/devkitPro/devkitARM/lib/gcc/arm-eabi/4.3.3/thumb/crtbegin.o
 .v4_bx         0x00000000        0x0 soundbank.bin.o
 .v4_bx         0x00000000        0x0 Balcony1.o
 .v4_bx         0x00000000        0x0 Balcony2.o
 .v4_bx         0x00000000        0x0 Building1.o
 .v4_bx         0x00000000        0x0 Building2.o
 .v4_bx         0x00000000        0x0 clouds.o
 .v4_bx         0x00000000        0x0 game_over.o
 .v4_bx         0x00000000        0x0 NyanCat1.o
 .v4_bx         0x00000000        0x0 NyanCat2.o
 .v4_bx         0x00000000        0x0 NyanCat3.o
 .v4_bx         0x00000000        0x0 game.o
 .v4_bx         0x00000000        0x0 Graphics.o
 .v4_bx         0x00000000        0x0 main.o
 .v4_bx         0x00000000        0x0 Timer.o
 .v4_bx         0x00000000        0x0 /opt/devkitPro/libnds/lib/libnds9.a(console.o)
 .v4_bx         0x00000000        0x0 /opt/devkitPro/libnds/lib/libnds9.a(initSystem.o)
 .v4_bx         0x00000000        0x0 /opt/devkitPro/libnds/lib/libnds9.a(keys.o)
 .v4_bx         0x00000000        0x0 /opt/devkitPro/libnds/lib/libnds9.a(sprite.o)
 .v4_bx         0x00000000        0x0 /opt/devkitPro/libnds/lib/libnds9.a(sprite_alloc.o)
 .v4_bx         0x00000000        0x0 /opt/devkitPro/libnds/lib/libnds9.a(system.o)
 .v4_bx         0x00000000        0x0 /opt/devkitPro/libnds/lib/libnds9.a(trig.o)
 .v4_bx         0x00000000        0x0 /opt/devkitPro/libnds/lib/libnds9.a(video.o)
 .v4_bx         0x00000000        0x0 /opt/devkitPro/libnds/lib/libnds9.a(videoGL.o)
 .v4_bx         0x00000000        0x0 /opt/devkitPro/libnds/lib/libnds9.a(fifosystem.o)
 .v4_bx         0x00000000        0x0 /opt/devkitPro/libnds/lib/libnds9.a(interrupts.o)
 .v4_bx         0x00000000        0x0 /opt/devkitPro/libnds/lib/libnds9.a(dcache.o)
 .v4_bx         0x00000000        0x0 /opt/devkitPro/libnds/lib/libnds9.a(biosCalls.o)
 .v4_bx         0x00000000        0x0 /opt/devkitPro/libnds/lib/libnds9.a(debugprint.o)
 .v4_bx         0x00000000        0x0 /opt/devkitPro/libnds/lib/libnds9.a(interruptDispatcher.o)
 .v4_bx         0x00000000        0x0 /opt/devkitPro/libnds/lib/libnds9.a(default_font.bin.o)
 .v4_bx         0x00000000        0x0 /opt/devkitPro/libnds/lib/libnds9.a(background.o)
 .v4_bx         0x00000000        0x0 /opt/devkitPro/devkitARM/lib/gcc/arm-eabi/4.3.3/thumb/libgcc.a(_divsi3.o)
 .v4_bx         0x00000000        0x0 /opt/devkitPro/devkitARM/lib/gcc/arm-eabi/4.3.3/thumb/libgcc.a(_dvmd_tls.o)
 .v4_bx         0x00000000        0x0 /opt/devkitPro/devkitARM/lib/gcc/arm-eabi/4.3.3/thumb/libgcc.a(_addsubdf3.o)
 .v4_bx         0x00000000        0x0 /opt/devkitPro/devkitARM/lib/gcc/arm-eabi/4.3.3/thumb/libgcc.a(_muldivdf3.o)
 .v4_bx         0x00000000        0x0 /opt/devkitPro/devkitARM/lib/gcc/arm-eabi/4.3.3/thumb/libgcc.a(_cmpdf2.o)
 .v4_bx         0x00000000        0x0 /opt/devkitPro/devkitARM/lib/gcc/arm-eabi/4.3.3/thumb/libgcc.a(_muldi3.o)
 .v4_bx         0x00000000        0x0 /opt/devkitPro/devkitARM/lib/gcc/arm-eabi/4.3.3/../../../../arm-eabi/lib/thumb/libg.a(lib_a-bsearch.o)
 .v4_bx         0x00000000        0x0 /opt/devkitPro/devkitARM/lib/gcc/arm-eabi/4.3.3/../../../../arm-eabi/lib/thumb/libg.a(lib_a-clock.o)
 .v4_bx         0x00000000        0x0 /opt/devkitPro/devkitARM/lib/gcc/arm-eabi/4.3.3/../../../../arm-eabi/lib/thumb/libg.a(lib_a-impure.o)
 .v4_bx         0x00000000        0x0 /opt/devkitPro/devkitARM/lib/gcc/arm-eabi/4.3.3/../../../../arm-eabi/lib/thumb/libg.a(lib_a-init.o)
 .v4_bx         0x00000000        0x0 /opt/devkitPro/devkitARM/lib/gcc/arm-eabi/4.3.3/../../../../arm-eabi/lib/thumb/libg.a(lib_a-iprintf.o)
 .v4_bx         0x00000000        0x0 /opt/devkitPro/devkitARM/lib/gcc/arm-eabi/4.3.3/../../../../arm-eabi/lib/thumb/libg.a(lib_a-malloc.o)
 .v4_bx         0x00000000        0x0 /opt/devkitPro/devkitARM/lib/gcc/arm-eabi/4.3.3/../../../../arm-eabi/lib/thumb/libg.a(lib_a-mallocr.o)
 .v4_bx         0x00000000        0x0 /opt/devkitPro/devkitARM/lib/gcc/arm-eabi/4.3.3/../../../../arm-eabi/lib/thumb/libg.a(lib_a-memcpy.o)
 .v4_bx         0x00000000        0x0 /opt/devkitPro/devkitARM/lib/gcc/arm-eabi/4.3.3/../../../../arm-eabi/lib/thumb/libg.a(lib_a-memset.o)
 .v4_bx         0x00000000        0x0 /opt/devkitPro/devkitARM/lib/gcc/arm-eabi/4.3.3/../../../../arm-eabi/lib/thumb/libg.a(lib_a-mlock.o)
 .v4_bx         0x00000000        0x0 /opt/devkitPro/devkitARM/lib/gcc/arm-eabi/4.3.3/../../../../arm-eabi/lib/thumb/libg.a(lib_a-rand.o)
 .v4_bx         0x00000000        0x0 /opt/devkitPro/devkitARM/lib/gcc/arm-eabi/4.3.3/../../../../arm-eabi/lib/thumb/libg.a(lib_a-realloc.o)
 .v4_bx         0x00000000        0x0 /opt/devkitPro/devkitARM/lib/gcc/arm-eabi/4.3.3/../../../../arm-eabi/lib/thumb/libg.a(lib_a-reallocr.o)
 .v4_bx         0x00000000        0x0 /opt/devkitPro/devkitARM/lib/gcc/arm-eabi/4.3.3/../../../../arm-eabi/lib/thumb/libg.a(lib_a-setvbuf.o)
 .v4_bx         0x00000000        0x0 /opt/devkitPro/devkitARM/lib/gcc/arm-eabi/4.3.3/../../../../arm-eabi/lib/thumb/libg.a(lib_a-siscanf.o)
 .v4_bx         0x00000000        0x0 /opt/devkitPro/devkitARM/lib/gcc/arm-eabi/4.3.3/../../../../arm-eabi/lib/thumb/libg.a(lib_a-strlen.o)
 .v4_bx         0x00000000        0x0 /opt/devkitPro/devkitARM/lib/gcc/arm-eabi/4.3.3/../../../../arm-eabi/lib/thumb/libg.a(lib_a-svfiscanf.o)
 .v4_bx         0x00000000        0x0 /opt/devkitPro/devkitARM/lib/gcc/arm-eabi/4.3.3/../../../../arm-eabi/lib/thumb/libg.a(lib_a-ungetc.o)
 .v4_bx         0x00000000        0x0 /opt/devkitPro/devkitARM/lib/gcc/arm-eabi/4.3.3/../../../../arm-eabi/lib/thumb/libg.a(lib_a-vfiprintf.o)
 .v4_bx         0x00000000        0x0 /opt/devkitPro/devkitARM/lib/gcc/arm-eabi/4.3.3/../../../../arm-eabi/lib/thumb/libg.a(lib_a-wcrtomb.o)
 .v4_bx         0x00000000        0x0 /opt/devkitPro/devkitARM/lib/gcc/arm-eabi/4.3.3/../../../../arm-eabi/lib/thumb/libg.a(lib_a-wcsrtombs.o)
 .v4_bx         0x00000000        0x0 /opt/devkitPro/devkitARM/lib/gcc/arm-eabi/4.3.3/../../../../arm-eabi/lib/thumb/libg.a(lib_a-wctomb_r.o)
 .v4_bx         0x00000000        0x0 /opt/devkitPro/devkitARM/lib/gcc/arm-eabi/4.3.3/../../../../arm-eabi/lib/thumb/libg.a(lib_a-wsetup.o)
 .v4_bx         0x00000000        0x0 /opt/devkitPro/devkitARM/lib/gcc/arm-eabi/4.3.3/../../../../arm-eabi/lib/thumb/libg.a(lib_a-ctype_.o)
 .v4_bx         0x00000000        0x0 /opt/devkitPro/devkitARM/lib/gcc/arm-eabi/4.3.3/../../../../arm-eabi/lib/thumb/libg.a(lib_a-fflush.o)
 .v4_bx         0x00000000        0x0 /opt/devkitPro/devkitARM/lib/gcc/arm-eabi/4.3.3/../../../../arm-eabi/lib/thumb/libg.a(lib_a-findfp.o)
 .v4_bx         0x00000000        0x0 /opt/devkitPro/devkitARM/lib/gcc/arm-eabi/4.3.3/../../../../arm-eabi/lib/thumb/libg.a(lib_a-freer.o)
 .v4_bx         0x00000000        0x0 /opt/devkitPro/devkitARM/lib/gcc/arm-eabi/4.3.3/../../../../arm-eabi/lib/thumb/libg.a(lib_a-fvwrite.o)
 .v4_bx         0x00000000        0x0 /opt/devkitPro/devkitARM/lib/gcc/arm-eabi/4.3.3/../../../../arm-eabi/lib/thumb/libg.a(lib_a-fwalk.o)
 .v4_bx         0x00000000        0x0 /opt/devkitPro/devkitARM/lib/gcc/arm-eabi/4.3.3/../../../../arm-eabi/lib/thumb/libg.a(lib_a-iswspace.o)
 .v4_bx         0x00000000        0x0 /opt/devkitPro/devkitARM/lib/gcc/arm-eabi/4.3.3/../../../../arm-eabi/lib/thumb/libg.a(lib_a-jp2uc.o)
 .v4_bx         0x00000000        0x0 /opt/devkitPro/devkitARM/lib/gcc/arm-eabi/4.3.3/../../../../arm-eabi/lib/thumb/libg.a(lib_a-locale.o)
 .v4_bx         0x00000000        0x0 /opt/devkitPro/devkitARM/lib/gcc/arm-eabi/4.3.3/../../../../arm-eabi/lib/thumb/libg.a(lib_a-makebuf.o)
 .v4_bx         0x00000000        0x0 /opt/devkitPro/devkitARM/lib/gcc/arm-eabi/4.3.3/../../../../arm-eabi/lib/thumb/libg.a(lib_a-mbrtowc.o)
 .v4_bx         0x00000000        0x0 /opt/devkitPro/devkitARM/lib/gcc/arm-eabi/4.3.3/../../../../arm-eabi/lib/thumb/libg.a(lib_a-mbtowc_r.o)
 .v4_bx         0x00000000        0x0 /opt/devkitPro/devkitARM/lib/gcc/arm-eabi/4.3.3/../../../../arm-eabi/lib/thumb/libg.a(lib_a-memchr.o)
 .v4_bx         0x00000000        0x0 /opt/devkitPro/devkitARM/lib/gcc/arm-eabi/4.3.3/../../../../arm-eabi/lib/thumb/libg.a(lib_a-memmove.o)
 .v4_bx         0x00000000        0x0 /opt/devkitPro/devkitARM/lib/gcc/arm-eabi/4.3.3/../../../../arm-eabi/lib/thumb/libg.a(lib_a-sccl.o)
 .v4_bx         0x00000000        0x0 /opt/devkitPro/devkitARM/lib/gcc/arm-eabi/4.3.3/../../../../arm-eabi/lib/thumb/libg.a(lib_a-stdio.o)
 .v4_bx         0x00000000        0x0 /opt/devkitPro/devkitARM/lib/gcc/arm-eabi/4.3.3/../../../../arm-eabi/lib/thumb/libg.a(lib_a-strcmp.o)
 .v4_bx         0x00000000        0x0 /opt/devkitPro/devkitARM/lib/gcc/arm-eabi/4.3.3/../../../../arm-eabi/lib/thumb/libg.a(lib_a-strcpy.o)
 .v4_bx         0x00000000        0x0 /opt/devkitPro/devkitARM/lib/gcc/arm-eabi/4.3.3/../../../../arm-eabi/lib/thumb/libg.a(lib_a-strtol.o)
 .v4_bx         0x00000000        0x0 /opt/devkitPro/devkitARM/lib/gcc/arm-eabi/4.3.3/../../../../arm-eabi/lib/thumb/libg.a(lib_a-strtoul.o)
 .v4_bx         0x00000000        0x0 /opt/devkitPro/devkitARM/lib/gcc/arm-eabi/4.3.3/../../../../arm-eabi/lib/thumb/libg.a(lib_a-fclose.o)
 .v4_bx         0x00000000        0x0 /opt/devkitPro/devkitARM/lib/gcc/arm-eabi/4.3.3/../../../../arm-eabi/lib/thumb/libsysbase.a(iosupport.o)
 .v4_bx         0x00000000        0x0 /opt/devkitPro/devkitARM/lib/gcc/arm-eabi/4.3.3/../../../../arm-eabi/lib/thumb/libsysbase.a(close.o)
 .v4_bx         0x00000000        0x0 /opt/devkitPro/devkitARM/lib/gcc/arm-eabi/4.3.3/../../../../arm-eabi/lib/thumb/libsysbase.a(fstat.o)
 .v4_bx         0x00000000        0x0 /opt/devkitPro/devkitARM/lib/gcc/arm-eabi/4.3.3/../../../../arm-eabi/lib/thumb/libsysbase.a(isatty.o)
 .v4_bx         0x00000000        0x0 /opt/devkitPro/devkitARM/lib/gcc/arm-eabi/4.3.3/../../../../arm-eabi/lib/thumb/libsysbase.a(lseek.o)
 .v4_bx         0x00000000        0x0 /opt/devkitPro/devkitARM/lib/gcc/arm-eabi/4.3.3/../../../../arm-eabi/lib/thumb/libsysbase.a(read.o)
 .v4_bx         0x00000000        0x0 /opt/devkitPro/devkitARM/lib/gcc/arm-eabi/4.3.3/../../../../arm-eabi/lib/thumb/libsysbase.a(sbrk.o)
 .v4_bx         0x00000000        0x0 /opt/devkitPro/devkitARM/lib/gcc/arm-eabi/4.3.3/../../../../arm-eabi/lib/thumb/libsysbase.a(times.o)
 .v4_bx         0x00000000        0x0 /opt/devkitPro/devkitARM/lib/gcc/arm-eabi/4.3.3/../../../../arm-eabi/lib/thumb/libsysbase.a(write.o)
 .v4_bx         0x00000000        0x0 /opt/devkitPro/devkitARM/lib/gcc/arm-eabi/4.3.3/../../../../arm-eabi/lib/thumb/libsysbase.a(malloc_vars.o)
 .v4_bx         0x00000000        0x0 /opt/devkitPro/devkitARM/lib/gcc/arm-eabi/4.3.3/../../../../arm-eabi/lib/thumb/libsysbase.a(build_argv.o)
 .v4_bx         0x00000000        0x0 /opt/devkitPro/devkitARM/lib/gcc/arm-eabi/4.3.3/../../../../arm-eabi/lib/thumb/libsysbase.a(handle_manager.o)
 .v4_bx         0x00000000        0x0 /opt/devkitPro/devkitARM/lib/gcc/arm-eabi/4.3.3/thumb/libgcc.a(_udivsi3.o)
 .v4_bx         0x00000000        0x0 /opt/devkitPro/devkitARM/lib/gcc/arm-eabi/4.3.3/../../../../arm-eabi/lib/thumb/libg.a(lib_a-errno.o)
 .v4_bx         0x00000000        0x0 /opt/devkitPro/devkitARM/lib/gcc/arm-eabi/4.3.3/../../../../arm-eabi/lib/thumb/libg.a(lib_a-strncmp.o)
 .v4_bx         0x00000000        0x0 /opt/devkitPro/devkitARM/lib/gcc/arm-eabi/4.3.3/thumb/crtend.o
 .v4_bx         0x00000000        0x0 /opt/devkitPro/devkitARM/lib/gcc/arm-eabi/4.3.3/thumb/crtn.o

.fini           0x0200ae4c        0xc
 *(.fini)
 .fini          0x0200ae4c        0x4 /opt/devkitPro/devkitARM/lib/gcc/arm-eabi/4.3.3/thumb/crti.o
                0x0200ae4c                _fini
 .fini          0x0200ae50        0x8 /opt/devkitPro/devkitARM/lib/gcc/arm-eabi/4.3.3/thumb/crtn.o
                0x0200ae58                __text_end = .

.rodata         0x0200ae58     0x9f00
 *(.rodata)
 .rodata        0x0200ae58       0xa0 Balcony1.o
                0x0200ae58                Balcony1Tiles
                0x0200aed8                Balcony1Pal
 .rodata        0x0200aef8       0xe0 Balcony2.o
                0x0200afb8                Balcony2Pal
                0x0200aef8                Balcony2Tiles
 .rodata        0x0200afd8      0x220 Building1.o
                0x0200afd8                Building1Tiles
                0x0200b1d8                Building1Pal
 .rodata        0x0200b1f8      0x220 Building2.o
                0x0200b3f8                Building2Pal
                0x0200b1f8                Building2Tiles
 .rodata        0x0200b418      0xfe0 clouds.o
                0x0200b418                cloudsTiles
                0x0200c3d8                cloudsPal
                0x0200bbd8                cloudsMap
 .rodata        0x0200c3f8     0x1820 game_over.o
                0x0200c3f8                game_overTiles
                0x0200dbf8                game_overPal
 .rodata        0x0200dc18      0x600 NyanCat1.o
                0x0200dc18                NyanCat1Tiles
                0x0200e018                NyanCat1Pal
 .rodata        0x0200e218      0x600 NyanCat2.o
                0x0200e618                NyanCat2Pal
                0x0200e218                NyanCat2Tiles
 .rodata        0x0200e818      0x600 NyanCat3.o
                0x0200ec18                NyanCat3Pal
                0x0200e818                NyanCat3Tiles
 .rodata        0x0200ee18      0x18c /opt/devkitPro/libnds/lib/libnds9.a(console.o)
 .rodata        0x0200efa4       0x44 /opt/devkitPro/libnds/lib/libnds9.a(videoGL.o)
 .rodata        0x0200efe8     0x2004 /opt/devkitPro/libnds/lib/libnds9.a(default_font.bin.o)
                0x02010fe8                default_font_bin_end
                0x02010fe8                default_font_bin_size
                0x0200efe8                default_font_bin
 .rodata        0x02010fec        0x4 /opt/devkitPro/devkitARM/lib/gcc/arm-eabi/4.3.3/../../../../arm-eabi/lib/thumb/libg.a(lib_a-impure.o)
                0x02010fec                _global_impure_ptr
 .rodata        0x02010ff0      0x340 /opt/devkitPro/devkitARM/lib/gcc/arm-eabi/4.3.3/../../../../arm-eabi/lib/thumb/libg.a(lib_a-svfiscanf.o)
 .rodata        0x02011330      0x184 /opt/devkitPro/devkitARM/lib/gcc/arm-eabi/4.3.3/../../../../arm-eabi/lib/thumb/libg.a(lib_a-vfiprintf.o)
 .rodata        0x020114b4      0x101 /opt/devkitPro/devkitARM/lib/gcc/arm-eabi/4.3.3/../../../../arm-eabi/lib/thumb/libg.a(lib_a-ctype_.o)
                0x020114b4                _ctype_
 *fill*         0x020115b5        0x3 ff
 .rodata        0x020115b8     0x34ec /opt/devkitPro/devkitARM/lib/gcc/arm-eabi/4.3.3/../../../../arm-eabi/lib/thumb/libg.a(lib_a-jp2uc.o)
 .rodata        0x02014aa4       0xb8 /opt/devkitPro/devkitARM/lib/gcc/arm-eabi/4.3.3/../../../../arm-eabi/lib/thumb/libg.a(lib_a-locale.o)
 .rodata        0x02014b5c       0xa8 /opt/devkitPro/devkitARM/lib/gcc/arm-eabi/4.3.3/../../../../arm-eabi/lib/thumb/libg.a(lib_a-mbtowc_r.o)
 .rodata        0x02014c04       0x5c /opt/devkitPro/devkitARM/lib/gcc/arm-eabi/4.3.3/../../../../arm-eabi/lib/thumb/libsysbase.a(iosupport.o)
                0x02014c04                dotab_stdnull
 *all.rodata*(*)
 *(.roda)
 *(.rodata.*)
 .rodata.str1.4
                0x02014c60       0x44 /opt/devkitPro/libnds/lib/libnds9.a(console.o)
 .rodata.str1.4
                0x02014ca4        0x2 /opt/devkitPro/devkitARM/lib/gcc/arm-eabi/4.3.3/../../../../arm-eabi/lib/thumb/libg.a(lib_a-impure.o)
                                  0x4 (size before relaxing)
 *fill*         0x02014ca6        0x2 ff
 .rodata.str1.4
                0x02014ca8       0x4a /opt/devkitPro/devkitARM/lib/gcc/arm-eabi/4.3.3/../../../../arm-eabi/lib/thumb/libg.a(lib_a-vfiprintf.o)
                                 0x4c (size before relaxing)
 *fill*         0x02014cf2        0x2 ff
 .rodata.str1.4
                0x02014cf4       0x1e /opt/devkitPro/devkitARM/lib/gcc/arm-eabi/4.3.3/../../../../arm-eabi/lib/thumb/libg.a(lib_a-wctomb_r.o)
                                 0x20 (size before relaxing)
 .rodata.str1.4
                0x00000000       0x20 /opt/devkitPro/devkitARM/lib/gcc/arm-eabi/4.3.3/../../../../arm-eabi/lib/thumb/libg.a(lib_a-iswspace.o)
 *fill*         0x02014d12        0x2 ff
 .rodata.str1.4
                0x02014d14       0x3a /opt/devkitPro/devkitARM/lib/gcc/arm-eabi/4.3.3/../../../../arm-eabi/lib/thumb/libg.a(lib_a-locale.o)
                                 0x64 (size before relaxing)
 .rodata.str1.4
                0x00000000        0x4 /opt/devkitPro/devkitARM/lib/gcc/arm-eabi/4.3.3/../../../../arm-eabi/lib/thumb/libg.a(lib_a-mbrtowc.o)
 .rodata.str1.4
                0x00000000       0x20 /opt/devkitPro/devkitARM/lib/gcc/arm-eabi/4.3.3/../../../../arm-eabi/lib/thumb/libg.a(lib_a-mbtowc_r.o)
 *fill*         0x02014d4e        0x2 ff
 .rodata.str1.4
                0x02014d50        0x8 /opt/devkitPro/devkitARM/lib/gcc/arm-eabi/4.3.3/../../../../arm-eabi/lib/thumb/libsysbase.a(iosupport.o)
 *(.gnu.linkonce.r*)
                0x02014d58                . = ALIGN (0x4)

.ARM.extab
 *(.ARM.extab* .gnu.linkonce.armextab.*)
                0x02014d58                __exidx_start = .

.ARM.exidx
 *(.ARM.exidx* .gnu.linkonce.armexidx.*)
                0x02014d58                __exidx_end = .
                0x02014d58                . = ALIGN (0x4)
                0x02014d58                PROVIDE (__preinit_array_start, .)

.preinit_array
 *(.preinit_array)
                0x02014d58                PROVIDE (__preinit_array_end, .)
                0x02014d58                PROVIDE (__init_array_start, .)

.init_array     0x02014d58        0x4
 *(.init_array)
 .init_array    0x02014d58        0x4 /opt/devkitPro/devkitARM/lib/gcc/arm-eabi/4.3.3/thumb/crtbegin.o
                0x02014d5c                PROVIDE (__init_array_end, .)
                0x02014d5c                PROVIDE (__fini_array_start, .)

.fini_array     0x02014d5c        0x4
 *(.fini_array)
 .fini_array    0x02014d5c        0x4 /opt/devkitPro/devkitARM/lib/gcc/arm-eabi/4.3.3/thumb/crtbegin.o
                0x02014d60                PROVIDE (__fini_array_end, .)

.ctors          0x02014d60        0x0
 *crtbegin.o(.ctors)
 *(EXCLUDE_FILE(*crtend.o) .ctors)
 *(SORT(.ctors.*))
 *(.ctors)
                0x02014d60                . = ALIGN (0x4)

.dtors          0x02014d60        0x0
 *crtbegin.o(.dtors)
 *(EXCLUDE_FILE(*crtend.o) .dtors)
 *(SORT(.dtors.*))
 *(.dtors)
                0x02014d60                . = ALIGN (0x4)

.eh_frame       0x02014d60        0x4
 *(.eh_frame)
 .eh_frame      0x02014d60        0x0 /opt/devkitPro/devkitARM/lib/gcc/arm-eabi/4.3.3/thumb/crtbegin.o
 .eh_frame      0x02014d60        0x4 /opt/devkitPro/devkitARM/lib/gcc/arm-eabi/4.3.3/thumb/crtend.o
                0x02014d64                . = ALIGN (0x4)

.gcc_except_table
                0x02014d64        0x0
 *(.gcc_except_table)
                0x02014d64                . = ALIGN (0x4)

.jcr            0x02014d64        0x4
 *(.jcr)
 .jcr           0x02014d64        0x0 /opt/devkitPro/devkitARM/lib/gcc/arm-eabi/4.3.3/thumb/crtbegin.o
 .jcr           0x02014d64        0x4 /opt/devkitPro/devkitARM/lib/gcc/arm-eabi/4.3.3/thumb/crtend.o

.got
 *(.got.plt)
 *(.got)
 *(.rel.got)

.ewram          0x02014d68        0x0
                0x02014d68                __ewram_start = ABSOLUTE (.)
 *(.ewram)
 *ewram.*(.text)
                0x02014d68                . = ALIGN (0x4)

.data           0x02014d68      0xd0c
                0x02014d68                __data_start = ABSOLUTE (.)
 *(.data)
 .data          0x02014d68        0x0 /opt/devkitPro/devkitARM/lib/gcc/arm-eabi/4.3.3/../../../../arm-eabi/lib/thumb/ds_arm9_crt0.o
 .data          0x02014d68        0x0 /opt/devkitPro/devkitARM/lib/gcc/arm-eabi/4.3.3/thumb/crti.o
 .data          0x02014d68        0x4 /opt/devkitPro/devkitARM/lib/gcc/arm-eabi/4.3.3/thumb/crtbegin.o
                0x02014d68                __dso_handle
 .data          0x02014d6c        0x0 soundbank.bin.o
 .data          0x02014d6c        0x0 Balcony1.o
 .data          0x02014d6c        0x0 Balcony2.o
 .data          0x02014d6c        0x0 Building1.o
 .data          0x02014d6c        0x0 Building2.o
 .data          0x02014d6c        0x0 clouds.o
 .data          0x02014d6c        0x0 game_over.o
 .data          0x02014d6c        0x0 NyanCat1.o
 .data          0x02014d6c        0x0 NyanCat2.o
 .data          0x02014d6c        0x0 NyanCat3.o
 .data          0x02014d6c        0x4 game.o
 .data          0x02014d70       0x38 Graphics.o
                0x02014d94                cat_rot
                0x02014da0                obst_cnt
                0x02014d84                bg_shift_back
                0x02014d78                prob
                0x02014d90                inc
                0x02014d9c                cat_state
                0x02014d8c                y_pos_sprite
                0x02014d98                speed
                0x02014d88                x_pos_sprite
                0x02014d80                bg_shift_main
 .data          0x02014da8        0x4 main.o
 .data          0x02014dac        0x4 Timer.o
 .data          0x02014db0       0x64 /opt/devkitPro/libnds/lib/libnds9.a(console.o)
                0x02014db0                defaultConsole
                0x02014e0c                currentConsole
 .data          0x02014e14        0x0 /opt/devkitPro/libnds/lib/libnds9.a(initSystem.o)
 .data          0x02014e14        0x3 /opt/devkitPro/libnds/lib/libnds9.a(keys.o)
 *fill*         0x02014e17        0x1 ff
 .data          0x02014e18       0x28 /opt/devkitPro/libnds/lib/libnds9.a(sprite.o)
                0x02014e2c                oamSub
                0x02014e18                oamMain
 .data          0x02014e40        0x0 /opt/devkitPro/libnds/lib/libnds9.a(sprite_alloc.o)
 .data          0x02014e40        0x0 /opt/devkitPro/libnds/lib/libnds9.a(system.o)
 .data          0x02014e40      0x308 /opt/devkitPro/libnds/lib/libnds9.a(trig.o)
                0x02014e40                SIN_LUT
                0x02014f44                TAN_LUT
 .data          0x02015148        0x0 /opt/devkitPro/libnds/lib/libnds9.a(video.o)
 .data          0x02015148        0x4 /opt/devkitPro/libnds/lib/libnds9.a(videoGL.o)
 .data          0x0201514c        0x0 /opt/devkitPro/libnds/lib/libnds9.a(fifosystem.o)
 .data          0x0201514c        0x0 /opt/devkitPro/libnds/lib/libnds9.a(interrupts.o)
 .data          0x0201514c        0x0 /opt/devkitPro/libnds/lib/libnds9.a(dcache.o)
 .data          0x0201514c        0x0 /opt/devkitPro/libnds/lib/libnds9.a(biosCalls.o)
 .data          0x0201514c        0x0 /opt/devkitPro/libnds/lib/libnds9.a(debugprint.o)
 .data          0x0201514c        0x0 /opt/devkitPro/libnds/lib/libnds9.a(interruptDispatcher.o)
 .data          0x0201514c        0x0 /opt/devkitPro/libnds/lib/libnds9.a(default_font.bin.o)
 .data          0x0201514c       0x60 /opt/devkitPro/libnds/lib/libnds9.a(background.o)
                0x0201514c                bgControl
                0x0201518c                bgTransform
                0x0201516c                bgScrollTable
 .data          0x020151ac        0x0 /opt/devkitPro/devkitARM/lib/gcc/arm-eabi/4.3.3/thumb/libgcc.a(_divsi3.o)
 .data          0x020151ac        0x0 /opt/devkitPro/devkitARM/lib/gcc/arm-eabi/4.3.3/thumb/libgcc.a(_dvmd_tls.o)
 .data          0x020151ac        0x0 /opt/devkitPro/devkitARM/lib/gcc/arm-eabi/4.3.3/thumb/libgcc.a(_addsubdf3.o)
 .data          0x020151ac        0x0 /opt/devkitPro/devkitARM/lib/gcc/arm-eabi/4.3.3/thumb/libgcc.a(_muldivdf3.o)
 .data          0x020151ac        0x0 /opt/devkitPro/devkitARM/lib/gcc/arm-eabi/4.3.3/thumb/libgcc.a(_cmpdf2.o)
 .data          0x020151ac        0x0 /opt/devkitPro/devkitARM/lib/gcc/arm-eabi/4.3.3/thumb/libgcc.a(_muldi3.o)
 .data          0x020151ac        0x0 /opt/devkitPro/devkitARM/lib/gcc/arm-eabi/4.3.3/../../../../arm-eabi/lib/thumb/libg.a(lib_a-bsearch.o)
 .data          0x020151ac        0x0 /opt/devkitPro/devkitARM/lib/gcc/arm-eabi/4.3.3/../../../../arm-eabi/lib/thumb/libg.a(lib_a-clock.o)
 *fill*         0x020151ac        0x4 ff
 .data          0x020151b0      0x430 /opt/devkitPro/devkitARM/lib/gcc/arm-eabi/4.3.3/../../../../arm-eabi/lib/thumb/libg.a(lib_a-impure.o)
                0x020151b0                _impure_ptr
 .data          0x020155e0        0x0 /opt/devkitPro/devkitARM/lib/gcc/arm-eabi/4.3.3/../../../../arm-eabi/lib/thumb/libg.a(lib_a-init.o)
 .data          0x020155e0        0x0 /opt/devkitPro/devkitARM/lib/gcc/arm-eabi/4.3.3/../../../../arm-eabi/lib/thumb/libg.a(lib_a-iprintf.o)
 .data          0x020155e0        0x0 /opt/devkitPro/devkitARM/lib/gcc/arm-eabi/4.3.3/../../../../arm-eabi/lib/thumb/libg.a(lib_a-malloc.o)
 .data          0x020155e0      0x410 /opt/devkitPro/devkitARM/lib/gcc/arm-eabi/4.3.3/../../../../arm-eabi/lib/thumb/libg.a(lib_a-mallocr.o)
                0x020159ec                __malloc_sbrk_base
                0x020155e0                __malloc_av_
                0x020159e8                __malloc_trim_threshold
 .data          0x020159f0        0x0 /opt/devkitPro/devkitARM/lib/gcc/arm-eabi/4.3.3/../../../../arm-eabi/lib/thumb/libg.a(lib_a-memcpy.o)
 .data          0x020159f0        0x0 /opt/devkitPro/devkitARM/lib/gcc/arm-eabi/4.3.3/../../../../arm-eabi/lib/thumb/libg.a(lib_a-memset.o)
 .data          0x020159f0        0x0 /opt/devkitPro/devkitARM/lib/gcc/arm-eabi/4.3.3/../../../../arm-eabi/lib/thumb/libg.a(lib_a-mlock.o)
 .data          0x020159f0        0x0 /opt/devkitPro/devkitARM/lib/gcc/arm-eabi/4.3.3/../../../../arm-eabi/lib/thumb/libg.a(lib_a-rand.o)
 .data          0x020159f0        0x0 /opt/devkitPro/devkitARM/lib/gcc/arm-eabi/4.3.3/../../../../arm-eabi/lib/thumb/libg.a(lib_a-realloc.o)
 .data          0x020159f0        0x0 /opt/devkitPro/devkitARM/lib/gcc/arm-eabi/4.3.3/../../../../arm-eabi/lib/thumb/libg.a(lib_a-reallocr.o)
 .data          0x020159f0        0x0 /opt/devkitPro/devkitARM/lib/gcc/arm-eabi/4.3.3/../../../../arm-eabi/lib/thumb/libg.a(lib_a-setvbuf.o)
 .data          0x020159f0        0x0 /opt/devkitPro/devkitARM/lib/gcc/arm-eabi/4.3.3/../../../../arm-eabi/lib/thumb/libg.a(lib_a-siscanf.o)
 .data          0x020159f0        0x0 /opt/devkitPro/devkitARM/lib/gcc/arm-eabi/4.3.3/../../../../arm-eabi/lib/thumb/libg.a(lib_a-strlen.o)
 .data          0x020159f0        0x0 /opt/devkitPro/devkitARM/lib/gcc/arm-eabi/4.3.3/../../../../arm-eabi/lib/thumb/libg.a(lib_a-svfiscanf.o)
 .data          0x020159f0        0x0 /opt/devkitPro/devkitARM/lib/gcc/arm-eabi/4.3.3/../../../../arm-eabi/lib/thumb/libg.a(lib_a-ungetc.o)
 .data          0x020159f0        0x0 /opt/devkitPro/devkitARM/lib/gcc/arm-eabi/4.3.3/../../../../arm-eabi/lib/thumb/libg.a(lib_a-vfiprintf.o)
 .data          0x020159f0        0x0 /opt/devkitPro/devkitARM/lib/gcc/arm-eabi/4.3.3/../../../../arm-eabi/lib/thumb/libg.a(lib_a-wcrtomb.o)
 .data          0x020159f0        0x0 /opt/devkitPro/devkitARM/lib/gcc/arm-eabi/4.3.3/../../../../arm-eabi/lib/thumb/libg.a(lib_a-wcsrtombs.o)
 .data          0x020159f0        0x0 /opt/devkitPro/devkitARM/lib/gcc/arm-eabi/4.3.3/../../../../arm-eabi/lib/thumb/libg.a(lib_a-wctomb_r.o)
 .data          0x020159f0        0x0 /opt/devkitPro/devkitARM/lib/gcc/arm-eabi/4.3.3/../../../../arm-eabi/lib/thumb/libg.a(lib_a-wsetup.o)
 .data          0x020159f0        0x8 /opt/devkitPro/devkitARM/lib/gcc/arm-eabi/4.3.3/../../../../arm-eabi/lib/thumb/libg.a(lib_a-ctype_.o)
                0x020159f0                __ctype_ptr
                0x020159f4                __ctype_ptr__
 .data          0x020159f8        0x0 /opt/devkitPro/devkitARM/lib/gcc/arm-eabi/4.3.3/../../../../arm-eabi/lib/thumb/libg.a(lib_a-fflush.o)
 .data          0x020159f8        0x0 /opt/devkitPro/devkitARM/lib/gcc/arm-eabi/4.3.3/../../../../arm-eabi/lib/thumb/libg.a(lib_a-findfp.o)
 .data          0x020159f8        0x0 /opt/devkitPro/devkitARM/lib/gcc/arm-eabi/4.3.3/../../../../arm-eabi/lib/thumb/libg.a(lib_a-freer.o)
 .data          0x020159f8        0x0 /opt/devkitPro/devkitARM/lib/gcc/arm-eabi/4.3.3/../../../../arm-eabi/lib/thumb/libg.a(lib_a-fvwrite.o)