Archive member included because of file (symbol)

/opt/devkitPro/libnds/lib/libfat.a(libfat.o)
                              Score.o (fatInitDefault)
/opt/devkitPro/libnds/lib/libfat.a(partition.o)
                              /opt/devkitPro/libnds/lib/libfat.a(libfat.o) (_FAT_partition_destructor)
/opt/devkitPro/libnds/lib/libfat.a(cache.o)
                              /opt/devkitPro/libnds/lib/libfat.a(partition.o) (_FAT_cache_destructor)
/opt/devkitPro/libnds/lib/libfat.a(disc.o)
                              /opt/devkitPro/libnds/lib/libfat.a(libfat.o) (_FAT_disc_interfaces)
/opt/devkitPro/libnds/lib/libfat.a(fatdir.o)
                              /opt/devkitPro/libnds/lib/libfat.a(libfat.o) (_FAT_link_r)
/opt/devkitPro/libnds/lib/libfat.a(fatfile.o)
                              /opt/devkitPro/libnds/lib/libfat.a(libfat.o) (_FAT_ftruncate_r)
/opt/devkitPro/libnds/lib/libfat.a(file_allocation_table.o)
                              /opt/devkitPro/libnds/lib/libfat.a(fatfile.o) (_FAT_fat_nextCluster)
/opt/devkitPro/libnds/lib/libfat.a(filetime.o)
                              /opt/devkitPro/libnds/lib/libfat.a(fatdir.o) (_FAT_filetime_getDateFromRTC)
/opt/devkitPro/libnds/lib/libfat.a(directory.o)
                              /opt/devkitPro/libnds/lib/libfat.a(fatdir.o) (_FAT_directory_entryGetCluster)
/opt/devkitPro/libnds/lib/libnds9.a(console.o)
                              Graphics.o (consoleSetWindow)
/opt/devkitPro/libnds/lib/libnds9.a(initSystem.o)
                              /opt/devkitPro/devkitARM/lib/gcc/arm-eabi/4.3.3/../../../../arm-eabi/lib/thumb/ds_arm9_crt0.o (initSystem)
/opt/devkitPro/libnds/lib/libnds9.a(keys.o)
                              game.o (scanKeys)
/opt/devkitPro/libnds/lib/libnds9.a(sprite.o)
                              Graphics.o (oamMain)
/opt/devkitPro/libnds/lib/libnds9.a(sprite_alloc.o)
                              Graphics.o (oamFreeGfx)
/opt/devkitPro/libnds/lib/libnds9.a(system.o)
                              /opt/devkitPro/libnds/lib/libnds9.a(initSystem.o) (powerValueHandler)
/opt/devkitPro/libnds/lib/libnds9.a(touch.o)
                              game.o (touchRead)
/opt/devkitPro/libnds/lib/libnds9.a(trig.o)
                              /opt/devkitPro/libnds/lib/libnds9.a(sprite.o) (sinLerp)
/opt/devkitPro/libnds/lib/libnds9.a(video.o)
                              /opt/devkitPro/libnds/lib/libnds9.a(console.o) (vramSetBankC)
/opt/devkitPro/libnds/lib/libnds9.a(videoGL.o)
                              Audio.o (glGlobalData)
/opt/devkitPro/libnds/lib/libnds9.a(dldi.o)
                              /opt/devkitPro/libnds/lib/libfat.a(disc.o) (dldiGetInternal)
/opt/devkitPro/libnds/lib/libnds9.a(fifosystem.o)
                              /opt/devkitPro/libnds/lib/libnds9.a(initSystem.o) (fifoSetValue32Handler)
/opt/devkitPro/libnds/lib/libnds9.a(interrupts.o)
                              Timer.o (irqSet)
/opt/devkitPro/libnds/lib/libnds9.a(dcache.o)
                              /opt/devkitPro/libnds/lib/libnds9.a(sprite.o) (DC_FlushRange)
/opt/devkitPro/libnds/lib/libnds9.a(dldi_stub.o)
                              /opt/devkitPro/libnds/lib/libnds9.a(dldi.o) (_io_dldi_stub)
/opt/devkitPro/libnds/lib/libnds9.a(biosCalls.o)
                              /opt/devkitPro/libnds/lib/libnds9.a(system.o) (swiDelay)
/opt/devkitPro/libnds/lib/libnds9.a(debugprint.o)
                              /opt/devkitPro/libnds/lib/libnds9.a(console.o) (nocashMessage)
/opt/devkitPro/libnds/lib/libnds9.a(interruptDispatcher.o)
                              /opt/devkitPro/libnds/lib/libnds9.a(interrupts.o) (IntrMain)
/opt/devkitPro/libnds/lib/libnds9.a(default_font.bin.o)
                              /opt/devkitPro/libnds/lib/libnds9.a(console.o) (default_font_bin)
/opt/devkitPro/libnds/lib/libnds9.a(background.o)
                              /opt/devkitPro/libnds/lib/libnds9.a(console.o) (bgState)
/opt/devkitPro/libnds/lib/libmm9.a(mm_comms.o)
                              Audio.o (mmStart)
/opt/devkitPro/libnds/lib/libmm9.a(mm_main9.o)
                              /opt/devkitPro/libnds/lib/libmm9.a(mm_comms.o) (mmCallback)
/opt/devkitPro/libnds/lib/libmm9.a(mm_memory.o)
                              Audio.o (mmLoad)
/opt/devkitPro/libnds/lib/libmm9.a(mm_soundbank.o)
                              /opt/devkitPro/libnds/lib/libmm9.a(mm_main9.o) (mmSoundBankInMemory)
/opt/devkitPro/libnds/lib/libmm9.a(mm_flusher.o)
                              /opt/devkitPro/libnds/lib/libmm9.a(mm_memory.o) (mmFlushBank)
/opt/devkitPro/devkitARM/lib/gcc/arm-eabi/4.3.3/thumb/libgcc.a(_udivsi3.o)
                              /opt/devkitPro/libnds/lib/libfat.a(partition.o) (__aeabi_uidiv)
/opt/devkitPro/devkitARM/lib/gcc/arm-eabi/4.3.3/thumb/libgcc.a(_divsi3.o)
                              game.o (__aeabi_idiv)
/opt/devkitPro/devkitARM/lib/gcc/arm-eabi/4.3.3/thumb/libgcc.a(_dvmd_tls.o)
[...]
Memory Configuration

Name             Origin             Length             Attributes
rom              0x08000000         0x02000000
ewram            0x02000000         0x003ff000
dtcm             0x0b000000         0x00004000
vectors          0x01000000         0x00000100
itcm             0x01000100         0x00007f00
*default*        0x00000000         0xffffffff

Linker script and memory map

                0x01000000                __vectors_start = 0x1000000
                0x01000100                __itcm_start = 0x1000100
                0x023ff000                __ewram_end = 0x23ff000
                0x023ff000                __eheap_end = 0x23ff000
                0x0b000000                __dtcm_start = 0xb000000
                0x0b004000                __dtcm_top = 0xb004000
                0x0b003ff8                __irq_flags = (__dtcm_top - 0x8)
                0x0b003ffc                __irq_vector = (__dtcm_top - 0x4)
                0x0b003f00                __sp_svc = (__dtcm_top - 0x100)
                0x0b003e00                __sp_irq = (__sp_svc - 0x100)
                0x0b003d00                __sp_usr = (__sp_irq - 0x100)

.init           0x02000000      0x30c
                0x02000000                __text_start = .
 *(.init)
 .init          0x02000000      0x300 /opt/devkitPro/devkitARM/lib/gcc/arm-eabi/4.3.3/../../../../arm-eabi/lib/thumb/ds_arm9_crt0.o
                0x02000000                _start
 .init          0x02000300        0x4 /opt/devkitPro/devkitARM/lib/gcc/arm-eabi/4.3.3/thumb/crti.o
                0x02000300                _init
 .init          0x02000304        0x8 /opt/devkitPro/devkitARM/lib/gcc/arm-eabi/4.3.3/thumb/crtn.o
                0x0200030c                . = ALIGN (0x4)

.plt
 *(.plt)

.text           0x02000340    0x22634
 *(EXCLUDE_FILE(*.itcm*) .text)
 .text          0x02000340        0x0 /opt/devkitPro/devkitARM/lib/gcc/arm-eabi/4.3.3/../../../../arm-eabi/lib/thumb/ds_arm9_crt0.o
 .text          0x02000340        0x0 /opt/devkitPro/devkitARM/lib/gcc/arm-eabi/4.3.3/thumb/crti.o
 .text          0x02000340       0x70 /opt/devkitPro/devkitARM/lib/gcc/arm-eabi/4.3.3/thumb/crtbegin.o
 .text          0x020003b0        0x0 soundbank.bin.o
 .text          0x020003b0        0x0 backimage.o
 .text          0x020003b0        0x0 Balcony1.o
 .text          0x020003b0        0x0 Balcony2.o
 .text          0x020003b0        0x0 big_clock.o
 .text          0x020003b0        0x0 big_rainbow.o
 .text          0x020003b0        0x0 big_shield.o
 .text          0x020003b0        0x0 Building1.o
 .text          0x020003b0        0x0 Building2.o
 .text          0x020003b0        0x0 clock.o
 .text          0x020003b0        0x0 clouds.o
 .text          0x020003b0        0x0 game_over.o
 .text          0x020003b0        0x0 keyboard.o
 .text          0x020003b0        0x0 numbers.o
 .text          0x020003b0        0x0 nums.o
 .text          0x020003b0        0x0 NyanCat1.o
 .text          0x020003b0        0x0 NyanCat2.o
 .text          0x020003b0        0x0 NyanCat3.o
 .text          0x020003b0        0x0 NyanCat4.o
 .text          0x020003b0        0x0 NyanCat5.o
 .text          0x020003b0        0x0 NyanCat6.o
 .text          0x020003b0        0x0 rainbow2.o
 .text          0x020003b0        0x0 rainbow.o
 .text          0x020003b0        0x0 shield.o
 .text          0x020003b0        0x0 start.o
 .text          0x020003b0      0x110 Audio.o
                0x020003d8                Audio_PlayMusic
                0x020004b0                Audio_pickup
                0x02000454                Audio_startSlowmo
                0x02000494                Audio_endSlowmo
                0x02000438                Audio_endBoost
                0x020003b0                Audio_Init
                0x020003f4                Audio_startBoost
 .text          0x020004c0      0xc58 game.o
                0x0200104c                game_nameAcquisition
                0x02000704                game_activateSlowmo
                0x020004d8                game_shift_sprite
                0x020008a4                game_shift_main
                0x020007fc                game_pickupPowerup
                0x02000b1c                game_updateName
                0x0200068c                game_play
                0x02000afc                game_over
                0x0200069c                game_activateShield
                0x0200058c                game_checkInput
                0x020004fc                game_init
                0x0200077c                game_activateBoost
                0x020004c0                game_shift_back
                0x020010d8                game_welcomeScreen
 .text          0x02001118     0x23d8 Graphics.o
                0x02001ff8                graphics_update_map
                0x020030d8                graphics_dispName
                0x020021dc                graphics_shift_sprite
                0x020019ac                graphics_setupBG2_sub
                0x0200349c                graphics_WelcomeFree
                0x02002b3c                graphics_setSpriteVisibility
                0x02003124                graphics_initWelcome
                0x020029e8                graphics_drawRainbow
                0x020012d4                graphics_init_sprite
                0x02002cf0                graphics_drawNum
                0x02001cbc                graphics_build
                0x02003248                graphics_init_spriteWelcome
                0x020025f8                graphics_game_over
                0x02002af0                graphics_clearRainbow
                0x02001bec                graphics_setupBG1_sub
                0x02002f80                graphics_setConsole
                0x020017d8                graphics_setup_BG0
                0x02001118                graphics_init
                0x0200219c                graphics_shift_main
                0x02002444                graphics_jump
                0x02002fe8                graphics_initKeyboard
                0x02002990                graphics_clearPowerup
                0x02001428                graphics_setup_BG2
                0x02002c28                graphics_updatePoints
                0x02002b54                graphics_toggleRainbow
                0x020027d4                graphics_addPowerup
                0x02002420                graphics_shift_back
                0x02003390                graphics_animeWelcomeCat
                0x020014cc                graphics_setup_BG1
                0x02002b8c                graphics_drawNumber
                0x0200248c                graphics_checkCollision
                0x02002788                graphics_updateScreen
 .text          0x020034f0       0x28 main.o
                0x020034f0                main
 .text          0x02003518      0x550 Score.o
                0x02003964                Score_shifter
                0x02003690                Score_printscoreboard
                0x020039f4                Score_reset
                0x02003594                Score_readFile
                0x02003844                Score_insertResult
                0x02003908                Score_increase
                0x02003518                Score_writeFile
                0x02003a5c                Score_init
 .text          0x02003a68      0x310 Timer.o
                0x02003a68                timer_setup
                0x02003cac                timer_endBoost
                0x02003d68                timer_welcomeEnd
                0x02003bd0                timer_endSlowmo
                0x02003b2c                timer_disable
                0x02003c3c                timer_startBoost
                0x02003d18                timer_welcomeAnimation
                0x02003b48                timer_startSlowmo
 .text          0x02003d78      0x204 /opt/devkitPro/libnds/lib/libfat.a(libfat.o)
                0x02003db0                fatMount
                0x02003d78                fatUnmount
                0x02003f6c                fatMountSimple
                0x02003f5c                fatInitDefault
                0x02003e14                fatInit
 *fill*         0x02003f7c        0x4 ff
 .text          0x02003f80      0x340 /opt/devkitPro/libnds/lib/libfat.a(partition.o)
                0x02003f80                _FAT_partition_getPartitionFromPath
                0x02003f94                _FAT_partition_destructor
                0x02003fbc                _FAT_partition_constructor
 .text          0x020042c0      0x38c /opt/devkitPro/libnds/lib/libfat.a(cache.o)
                0x02004394                _FAT_cache_flush
                0x020044c0                _FAT_cache_writeLittleEndianValue
                0x02004474                _FAT_cache_writePartialSector
                0x020043ec                _FAT_cache_invalidate
                0x020045b8                _FAT_cache_destructor
                0x02004560                _FAT_cache_readLittleEndianValue
                0x020045d4                _FAT_cache_constructor
                0x02004528                _FAT_cache_readPartialSector
                0x02004410                _FAT_cache_eraseWritePartialSector
 .text          0x0200464c        0x0 /opt/devkitPro/libnds/lib/libfat.a(disc.o)
 .text          0x0200464c      0x784 /opt/devkitPro/libnds/lib/libfat.a(fatdir.o)
                0x02004700                _FAT_stat_r
                0x02004668                _FAT_dirnext_r
                0x02004c74                _FAT_unlink_r
                0x02004a98                _FAT_rename_r
                0x0200464c                _FAT_link_r
                0x02004658                _FAT_dirclose_r
                0x02004c18                _FAT_chdir_r
                0x020046cc                _FAT_dirreset_r
                0x02004780                _FAT_diropen_r
                0x02004830                _FAT_statvfs_r
                0x02004888                _FAT_mkdir_r
 .text          0x02004dd0     0x10b8 /opt/devkitPro/libnds/lib/libfat.a(fatfile.o)
                0x02004fc4                _FAT_ftruncate_r
                0x020052d4                _FAT_write_r
                0x02005110                _FAT_seek_r
                0x0200572c                _FAT_read_r
                0x02005a28                _FAT_syncToDisc
                0x02005b90                _FAT_open_r
                0x02005b08                _FAT_fsync_r
                0x02005b30                _FAT_close_r
                0x0200525c                _FAT_fstat_r
 .text          0x02005e88      0x458 /opt/devkitPro/libnds/lib/libfat.a(file_allocation_table.o)
                0x02005f78                _FAT_fat_freeClusterCount
                0x02006100                _FAT_fat_clearLinks
                0x02005e88                _FAT_fat_nextCluster
                0x02006274                _FAT_fat_linkFreeClusterCleared
                0x0200615c                _FAT_fat_trimChain
                0x020061e4                _FAT_fat_linkFreeCluster
                0x02005fa4                _FAT_fat_lastCluster
 .text          0x020062e0       0xc8 /opt/devkitPro/libnds/lib/libfat.a(filetime.o)
                0x02006318                _FAT_filetime_getDateFromRTC
                0x020062e0                _FAT_filetime_to_time_t
                0x02006360                _FAT_filetime_getTimeFromRTC
 .text          0x020063a8     0x12dc /opt/devkitPro/libnds/lib/libfat.a(directory.o)
                0x02007648                _FAT_directory_chdir
                0x02006448                _FAT_directory_entryStat
                0x02006684                _FAT_directory_removeEntry
                0x02006508                _FAT_directory_getRootEntry
                0x02006814                _FAT_directory_entryFromPosition
                0x02006954                _FAT_directory_getNextEntry
                0x02006b78                _FAT_directory_getFirstEntry
                0x0200641c                _FAT_directory_entryGetCluster
                0x02006c44                _FAT_directory_addEntry
                0x0200746c                _FAT_directory_entryFromPath
 .text          0x02007684      0xa28 /opt/devkitPro/libnds/lib/libnds9.a(console.o)
                0x02007db4                con_write
                0x02007684                consoleGetDefault
                0x02007b5c                consoleSetFont
                0x02007c08                consoleInit
                0x0200807c                nocash_write
                0x02007738                consolePrintChar
                0x02007ba8                consoleClear
                0x02007b80                consoleSetWindow
                0x0200768c                consoleSelect
                0x02007d78                consoleDemoInit
                0x020078e4                consoleLoadFont
                0x02007bbc                consoleDebugInit
 .text          0x020080ac       0xec /opt/devkitPro/libnds/lib/libnds9.a(initSystem.o)
                0x020080ac                initSystem
 .text          0x02008198      0x134 /opt/devkitPro/libnds/lib/libnds9.a(keys.o)
                0x02008258                keysSetRepeat
                0x02008248                keysDownRepeat
                0x02008294                keysCurrent
                0x02008228                keysHeld
                0x0200827c                keysUp
                0x02008234                keysDown
                0x02008198                scanKeys
 .text          0x020082cc      0x484 /opt/devkitPro/libnds/lib/libnds9.a(sprite.o)
                0x020082cc                oamDisable
                0x02008354                oamClear
                0x02008580                oamRotateScale
                0x02008320                oamGetGfxPtr
                0x020082fc                oamEnable
                0x0200837c                oamGfxPtrToOffset
                0x020085e0                oamUpdate
                0x02008644                oamInit
                0x020083b4                oamSet
 .text          0x02008750      0x364 /opt/devkitPro/libnds/lib/libnds9.a(sprite_alloc.o)
                0x0200878c                oamCountFragments
                0x02008750                resizeBuffer
                0x020088c8                oamAllocReset
                0x0200876c                getAllocHeader
                0x020088b4                oamFreeGfx
                0x02008900                simpleAlloc
                0x02008a7c                oamAllocateGfx
                0x020087d8                simpleFree
 .text          0x02008ab4       0xf4 /opt/devkitPro/libnds/lib/libnds9.a(system.o)
                0x02008b64                systemMsgHandler
                0x02008afc                powerOn
                0x02008b4c                powerValueHandler
                0x02008ab4                ledBlink
                0x02008b30                systemSleep
                0x02008acc                powerOff
 .text          0x02008ba8       0x4c /opt/devkitPro/libnds/lib/libnds9.a(touch.o)
                0x02008ba8                touchRead
                0x02008bd0                touchReadXY
 .text          0x02008bf4      0x264 /opt/devkitPro/libnds/lib/libnds9.a(trig.o)
                0x02008d8c                arcSinComp
                0x02008dbc                asinLerp
                0x02008d4c                tanLerp
                0x02008bf4                sinLutLookup
                0x02008d00                tanLutLookup
                0x02008ce4                cosLerp
                0x02008e3c                acosLerp
                0x02008c44                sinLerp
 .text          0x02008e58      0x144 /opt/devkitPro/libnds/lib/libnds9.a(video.o)
                0x02008f0c                vramSetBankF
                0x02008e9c                vramRestoreMainBanks
                0x02008f34                vramSetBankH
                0x02008ee4                vramSetBankD
                0x02008ef8                vramSetBankE
                0x02008f5c                setBrightness
                0x02008f20                vramSetBankG
                0x02008ebc                vramSetBankB
                0x02008ed0                vramSetBankC
                0x02008f48                vramSetBankI
                0x02008e58                vramSetMainBanks
                0x02008ea8                vramSetBankA
 .text          0x02008f9c      0xa94 /opt/devkitPro/libnds/lib/libnds9.a(videoGL.o)
                0x020090e4                glTexCoord2f32
                0x02009420                glTexImage2D
                0x02009058                glGenTextures
                0x02009028                glResetTextures
                0x0200973c                glRotatef32i
                0x020093c8                glTexLoadPal
                0x02009170                glTexParameter
                0x02008f9c                glGetGlobals
                0x020091f0                getNextPaletteSlot
                0x02009244                vramGetBank
                0x020091e0                alignVal
                0x020091c8                glGetTexParameter
                0x020093fc                gluTexLoadPal
                0x02008fa4                glMaterialf
                0x02009098                glBindTexture
                0x020091a0                glGetTexturePointer
                0x02009304                vramIsTextureBank
                0x020090c8                glColorTable
                0x02009364                getNextTextureSlot
                0x02009598                glInit_C
 .text          0x02009a30      0x26c /opt/devkitPro/libnds/lib/libnds9.a(dldi.o)
                0x02009ba0                dldiLoadFromFile
                0x02009a9c                dldiFree
                0x02009a68                dldiIsValid
                0x02009a30                dldiGetInternal
                0x02009aac                dldiFixDriverAddresses
 .text          0x02009c9c     0x18b8 /opt/devkitPro/libnds/lib/libnds9.a(fifosystem.o)
                0x0200ac38                fifoInternalRecvPopFirst
                0x02009d24                fifoCheckValue32
                0x02009e34                fifoCheckDatamsgLength
                0x0200a62c                fifoGetLostWordCount
                0x0200a59c                fifoGetBufferUsage
                0x0200b2fc                fifoSendValue32
                0x0200b20c                fifoInternalSend
                0x0200a304                fifoGetDatamsg
                0x0200a11c                fifoGetValue32
                0x02009f34                fifoGetAddress
                0x02009ec4                fifoCountDatamsg
                0x0200a26c                fifoForceValue32Handler
                0x02009dac                fifoCheckDatamsg
                0x0200abd8                fifoInternalRecvPeek
                0x0200b12c                fifoInternalAllocFreeBlock
                0x0200a0f4                fifoSetAddressHandler
                0x0200ab98                fifoInternalProtect
                0x0200a4e0                fifoForceDatamsgHandler
                0x0200b040                fifoInternalSendEnqueue
                0x0200b2a4                fifoSendDatamsg
                0x0200ae78                fifoInternalSendEmpty
                0x0200afc4                fifoInternalSendInterrupt
                0x0200b344                fifoSendAddress
                0x0200ae88                fifoInternalSendDeque
                0x0200a638                fifoInternalRecvInterrupt
                0x02009c9c                fifoCheckAddress
                0x0200b180                fifoInternalFreeCheck
                0x0200ad0c                fifoInternalRecvWordCount
                0x0200ad8c                fifoInternalRecvPushBack
                0x0200abb4                fifoInternalUnprotect
                0x0200a084                fifoForceAddressHandler
                0x0200a2dc                fifoSetValue32Handler
                0x0200af5c                fifoInternalBeginSend
                0x0200b380                fifoInit
                0x0200a574                fifoSetDatamsgHandler
                0x0200b15c                fifoInternalFreeBlock
 .text          0x0200b554      0x1a8 /opt/devkitPro/libnds/lib/libnds9.a(interrupts.o)
                0x0200b634                irqEnable
                0x0200b558                irqSet
                0x0200b680                irqDisable
                0x0200b5b8                irqInit
                0x0200b554                irqDummy
                0x0200b604                irqInitHandler
                0x0200b6cc                irqClear
 .text          0x0200b6fc       0x70 /opt/devkitPro/libnds/lib/libnds9.a(dcache.o)
                0x0200b6fc                DC_FlushAll
                0x0200b728                DC_FlushRange
                0x0200b750                DC_InvalidateRange
                0x0200b744                DC_InvalidateAll
 *fill*         0x0200b76c       0x14 ff
 .text          0x0200b780     0x8000 /opt/devkitPro/libnds/lib/libnds9.a(dldi_stub.o)
                0x0200b780                _io_dldi_stub
 .text          0x02013780       0x70 /opt/devkitPro/libnds/lib/libnds9.a(biosCalls.o)
                0x02013790                swiSleep
                0x020137ca                swiDecompressLZSSVram
                0x020137b2                swiFastCopy
                0x020137b6                swiSqrt
                0x02013780                swiSoftReset
                0x020137ba                swiCRC16
                0x020137ce                swiDecompressHuffman
                0x020137e6                swiSetHaltCR
                0x0201379c                swiRemainder
                0x020137c2                swiUnpackBits
                0x020137c6                swiDecompressLZSSWram
                0x020137e2                swiDecodeDelta16
                0x02013784                swiDelay
                0x020137a2                swiDivMod
                0x020137d6                swiDecompressRLEVram
                0x020137d2                swiDecompressRLEWram
                0x020137de                swiDecodeDelta8
                0x02013798                swiDivide
                0x02013794                swiChangeSoundBias
                0x0201378c                swiWaitForVBlank
                0x02013788                swiIntrWait
                0x020137be                swiIsDebugger
                0x020137da                swiWaitForIRQ
                0x020137ae                swiCopy
 .text          0x020137f0       0x98 /opt/devkitPro/libnds/lib/libnds9.a(debugprint.o)
                0x020137f0                nocashMessage
 .text          0x02013888        0x0 /opt/devkitPro/libnds/lib/libnds9.a(interruptDispatcher.o)
 .text          0x02013888        0x0 /opt/devkitPro/libnds/lib/libnds9.a(default_font.bin.o)
 .text          0x02013888      0x320 /opt/devkitPro/libnds/lib/libnds9.a(background.o)
                0x020138e4                bgUpdate
                0x02013ad8                bgInit_call
                0x02013894                checkIfText
                0x020139dc                bgInitSub_call
                0x02013888                bgIsText
 .text          0x02013ba8      0x240 /opt/devkitPro/libnds/lib/libmm9.a(mm_comms.o)
                0x02013d96                mmReverbStop
                0x02013cc4                mmEffectVolume
                0x02013c2a                mmSetModulePitch
                0x02013c32                mmSelectMode
                0x02013c0a                mmPause
                0x02013c22                mmSetJingleVolume
                0x02013d2e                mmReverbEnable
                0x02013c00                mmStart
                0x02013c2e                mmSetEffectsVolume
                0x02013ce6                mmEffectCancel
                0x02013c1a                mmJingle
                0x02013c0e                mmResume
                0x02013c4a                mmStreamEnd
                0x02013bf4                mmLockChannels
                0x02013ba8                mmSetupComms
                0x02013bfa                mmUnlockChannels
                0x02013ccc                mmEffectRate
                0x02013ca0                mmEffect
                0x02013c26                mmSetModuleTempo
                0x02013ce0                mmEffectRelease
                0x02013cc8                mmEffectPanning
                0x02013c1e                mmSetModuleVolume
                0x02013d92                mmReverbStart
                0x02013d36                mmReverbConfigure
                0x02013c36                mmStreamBegin
                0x02013c16                mmPosition
                0x02013d32                mmReverbDisable
                0x02013c12                mmStop
                0x02013cec                mmEffectEx
                0x02013d2a                mmEffectCancelAll
                0x02013cd6                mmEffectScaleRate
                0x02013bea                mmSendBank
 .text          0x02013de8      0x108 /opt/devkitPro/libnds/lib/libmm9.a(mm_main9.o)
                0x02013e1e                mmInitDefault
                0x02013ea8                mmRestoreIRQ_t
                0x02013e68                mmInitDefaultMem
                0x02013e8a                mmSuspendIRQ_t
                0x02013df4                mmInit
                0x02013dee                mmSetEventHandler
                0x02013de8                mmActive
 .text          0x02013ef0      0x120 /opt/devkitPro/libnds/lib/libmm9.a(mm_memory.o)
                0x02013ef0                mmLoad
                0x02013f98                mmLoadEffect
                0x02013f40                mmUnload
                0x02013fd0                mmUnloadEffect
 .text          0x02014010      0x100 /opt/devkitPro/libnds/lib/libmm9.a(mm_soundbank.o)
                0x02014056                mmsHandleFileOp
                0x02014018                mmSoundBankInFiles
                0x02014010                mmSoundBankInMemory
                0x0201402a                mmSetCustomSoundBankHandler
 .text          0x02014110       0x3c /opt/devkitPro/libnds/lib/libmm9.a(mm_flusher.o)
                0x02014110                mmFlushBank
 .text          0x0201414c       0x8c /opt/devkitPro/devkitARM/lib/gcc/arm-eabi/4.3.3/thumb/libgcc.a(_udivsi3.o)
                0x0201414c                __udivsi3
                0x0201414c                __aeabi_uidiv
                0x020141c8                __aeabi_uidivmod
 .text          0x020141d8       0xa4 /opt/devkitPro/devkitARM/lib/gcc/arm-eabi/4.3.3/thumb/libgcc.a(_divsi3.o)
                0x020141d8                __aeabi_idiv
                0x020141d8                __divsi3
                0x0201426c                __aeabi_idivmod
 .text          0x0201427c        0x4 /opt/devkitPro/devkitARM/lib/gcc/arm-eabi/4.3.3/thumb/libgcc.a(_dvmd_tls.o)
                0x0201427c                __aeabi_ldiv0
                0x0201427c                __div0
                0x0201427c                __aeabi_idiv0
 .text          0x02014280      0x41c /opt/devkitPro/devkitARM/lib/gcc/arm-eabi/4.3.3/thumb/libgcc.a(_addsubdf3.o)
                0x0201463c                __floatdidf
                0x020145c0                __floatsidf
                0x0201459c                __aeabi_ui2d
                0x02014280                __aeabi_drsub
                0x020145e8                __extendsfdf2
                0x0201428c                __adddf3
                0x0201459c                __floatunsidf
                0x0201428c                __aeabi_dadd
                0x02014628                __aeabi_ul2d
                0x02014288                __aeabi_dsub
                0x02014628                __floatundidf
                0x020145c0                __aeabi_i2d
                0x0201463c                __aeabi_l2d
                0x020145e8                __aeabi_f2d
                0x02014288                __subdf3
 .text          0x0201469c      0x49c /opt/devkitPro/devkitARM/lib/gcc/arm-eabi/4.3.3/thumb/libgcc.a(_muldivdf3.o)
                0x0201492c                __aeabi_ddiv
                0x0201469c                __aeabi_dmul
                0x0201492c                __divdf3
                0x0201469c                __muldf3
 .text          0x02014b38      0x140 /opt/devkitPro/devkitARM/lib/gcc/arm-eabi/4.3.3/thumb/libgcc.a(_cmpdf2.o)
                0x02014c30                __aeabi_dcmple
                0x02014b48                __cmpdf2
                0x02014b48                __eqdf2
                0x02014b38                __gtdf2
                0x02014be8                __aeabi_cdcmple
                0x02014bcc                __aeabi_cdrcmple
                0x02014b40                __ltdf2
                0x02014c18                __aeabi_dcmplt
                0x02014b40                __ledf2
                0x02014c60                __aeabi_dcmpgt
                0x02014c48                __aeabi_dcmpge
                0x02014b48                __nedf2
                0x02014c00                __aeabi_dcmpeq
                0x02014be8                __aeabi_cdcmpeq
                0x02014b38                __gedf2
 .text          0x02014c78       0x70 /opt/devkitPro/devkitARM/lib/gcc/arm-eabi/4.3.3/thumb/libgcc.a(_muldi3.o)
                0x02014c78                __aeabi_lmul
                0x02014c78                __muldi3
 .text          0x02014ce8       0x5c /opt/devkitPro/devkitARM/lib/gcc/arm-eabi/4.3.3/../../../../arm-eabi/lib/thumb/libg.a(lib_a-bsearch.o)
                0x02014ce8                bsearch
 .text          0x02014d44       0x2c /opt/devkitPro/devkitARM/lib/gcc/arm-eabi/4.3.3/../../../../arm-eabi/lib/thumb/libg.a(lib_a-clock.o)
                0x02014d44                clock
 .text          0x02014d70       0xc0 /opt/devkitPro/devkitARM/lib/gcc/arm-eabi/4.3.3/../../../../arm-eabi/lib/thumb/libg.a(lib_a-fclose.o)
                0x02014d70                _fclose_r
                0x02014e14                fclose
 .text          0x02014e30      0x150 /opt/devkitPro/devkitARM/lib/gcc/arm-eabi/4.3.3/../../../../arm-eabi/lib/thumb/libg.a(lib_a-fflush.o)
                0x02014f4c                fflush
                0x02014e30                _fflush_r
 .text          0x02014f80      0x1f0 /opt/devkitPro/devkitARM/lib/gcc/arm-eabi/4.3.3/../../../../arm-eabi/lib/thumb/libg.a(lib_a-findfp.o)
                0x0201504c                __sinit
                0x020150a8                __sfmoreglue
                0x02014fe4                _cleanup
                0x02014fd0                _cleanup_r
                0x02014fb4                __fp_lock_all
                0x02014f80                __sfp_lock_acquire
                0x020150dc                __sfp
                0x02014f8c                __sinit_lock_release
                0x02014f98                __fp_unlock_all
                0x02014f84                __sfp_lock_release
                0x02014f88                __sinit_lock_acquire
 .text          0x02015170       0xa4 /opt/devkitPro/devkitARM/lib/gcc/arm-eabi/4.3.3/../../../../arm-eabi/lib/thumb/libg.a(lib_a-fopen.o)
                0x020151f8                fopen
                0x02015170                _fopen_r
 .text          0x02015214       0x38 /opt/devkitPro/devkitARM/lib/gcc/arm-eabi/4.3.3/../../../../arm-eabi/lib/thumb/libg.a(lib_a-fprintf.o)
                0x02015214                fprintf
                0x02015234                _fprintf_r
 .text          0x0201524c      0x19c /opt/devkitPro/devkitARM/lib/gcc/arm-eabi/4.3.3/../../../../arm-eabi/lib/thumb/libg.a(lib_a-fread.o)
                0x020153c0                fread
                0x0201524c                _fread_r
 .text          0x020153e8      0x23c /opt/devkitPro/devkitARM/lib/gcc/arm-eabi/4.3.3/../../../../arm-eabi/lib/thumb/libg.a(lib_a-freer.o)
                0x02015490                _free_r
                0x020153e8                _malloc_trim_r
 .text          0x02015624       0x38 /opt/devkitPro/devkitARM/lib/gcc/arm-eabi/4.3.3/../../../../arm-eabi/lib/thumb/libg.a(lib_a-fscanf.o)
                0x0201563c                fscanf
                0x02015624                _fscanf_r
 .text          0x0201565c      0x30c /opt/devkitPro/devkitARM/lib/gcc/arm-eabi/4.3.3/../../../../arm-eabi/lib/thumb/libg.a(lib_a-fseek.o)
                0x02015940                fseek
                0x0201565c                _fseek_r
 .text          0x02015968       0xc8 /opt/devkitPro/devkitARM/lib/gcc/arm-eabi/4.3.3/../../../../arm-eabi/lib/thumb/libg.a(lib_a-fwalk.o)
                0x020159d0                _fwalk
                0x02015968                _fwalk_reent
 .text          0x02015a30        0x0 /opt/devkitPro/devkitARM/lib/gcc/arm-eabi/4.3.3/../../../../arm-eabi/lib/thumb/libg.a(lib_a-impure.o)
 .text          0x02015a30       0x88 /opt/devkitPro/devkitARM/lib/gcc/arm-eabi/4.3.3/../../../../arm-eabi/lib/thumb/libg.a(lib_a-init.o)
                0x02015a60                __libc_init_array
                0x02015a30                __libc_fini_array
 .text          0x02015ab8       0x3c /opt/devkitPro/devkitARM/lib/gcc/arm-eabi/4.3.3/../../../../arm-eabi/lib/thumb/libg.a(lib_a-iprintf.o)
                0x02015ab8                _iprintf_r
                0x02015ad0                iprintf
 .text          0x02015af4       0x10 /opt/devkitPro/devkitARM/lib/gcc/arm-eabi/4.3.3/../../../../arm-eabi/lib/thumb/libg.a(lib_a-lcltime_r.o)
                0x02015af4                localtime_r
 .text          0x02015b04      0x28c /opt/devkitPro/devkitARM/lib/gcc/arm-eabi/4.3.3/../../../../arm-eabi/lib/thumb/libg.a(lib_a-locale.o)
                0x02015b20                _setlocale_r
                0x02015b04                __locale_charset
                0x02015b10                _localeconv_r
                0x02015d74                setlocale
                0x02015b18                localeconv
 .text          0x02015d90       0xe8 /opt/devkitPro/devkitARM/lib/gcc/arm-eabi/4.3.3/../../../../arm-eabi/lib/thumb/libg.a(lib_a-makebuf.o)
                0x02015d90                __smakebuf_r
 .text          0x02015e78       0x30 /opt/devkitPro/devkitARM/lib/gcc/arm-eabi/4.3.3/../../../../arm-eabi/lib/thumb/libg.a(lib_a-malloc.o)
                0x02015e90                malloc
                0x02015e78                free
 .text          0x02015ea8      0x510 /opt/devkitPro/devkitARM/lib/gcc/arm-eabi/4.3.3/../../../../arm-eabi/lib/thumb/libg.a(lib_a-mallocr.o)
                0x02015ea8                _malloc_r
 .text          0x020163b8       0x70 /opt/devkitPro/devkitARM/lib/gcc/arm-eabi/4.3.3/../../../../arm-eabi/lib/thumb/libg.a(lib_a-mbrtowc.o)
                0x02016400                mbrtowc
                0x020163b8                _mbrtowc_r
 .text          0x02016428       0xf4 /opt/devkitPro/devkitARM/lib/gcc/arm-eabi/4.3.3/../../../../arm-eabi/lib/thumb/libg.a(lib_a-mbsrtowcs.o)
                0x020164f4                mbsrtowcs
                0x02016428                _mbsrtowcs_r
 .text          0x0201651c      0x69c /opt/devkitPro/devkitARM/lib/gcc/arm-eabi/4.3.3/../../../../arm-eabi/lib/thumb/libg.a(lib_a-mbtowc_r.o)
                0x0201651c                _mbtowc_r
 .text          0x02016bb8       0x58 /opt/devkitPro/devkitARM/lib/gcc/arm-eabi/4.3.3/../../../../arm-eabi/lib/thumb/libg.a(lib_a-memcmp.o)
                0x02016bb8                memcmp
 .text          0x02016c10       0x88 /opt/devkitPro/devkitARM/lib/gcc/arm-eabi/4.3.3/../../../../arm-eabi/lib/thumb/libg.a(lib_a-memcpy.o)
                0x02016c10                memcpy
 .text          0x02016c98       0xb0 /opt/devkitPro/devkitARM/lib/gcc/arm-eabi/4.3.3/../../../../arm-eabi/lib/thumb/libg.a(lib_a-memmove.o)
                0x02016c98                memmove
 .text          0x02016d48       0xb0 /opt/devkitPro/devkitARM/lib/gcc/arm-eabi/4.3.3/../../../../arm-eabi/lib/thumb/libg.a(lib_a-memset.o)
                0x02016d48                memset
 .text          0x02016df8      0x4b0 /opt/devkitPro/devkitARM/lib/gcc/arm-eabi/4.3.3/../../../../arm-eabi/lib/thumb/libg.a(lib_a-mktime.o)
                0x02017014                mktime
 .text          0x020172a8      0x518 /opt/devkitPro/devkitARM/lib/gcc/arm-eabi/4.3.3/../../../../arm-eabi/lib/thumb/libg.a(lib_a-mktm_r.o)
                0x020172a8                __tzcalc_limits
                0x02017448                _mktm_r
 .text          0x020177c0        0x8 /opt/devkitPro/devkitARM/lib/gcc/arm-eabi/4.3.3/../../../../arm-eabi/lib/thumb/libg.a(lib_a-mlock.o)
                0x020177c4                __malloc_unlock
                0x020177c0                __malloc_lock
 .text          0x020177c8       0x3c /opt/devkitPro/devkitARM/lib/gcc/arm-eabi/4.3.3/../../../../arm-eabi/lib/thumb/libg.a(lib_a-printf.o)
                0x020177c8                printf
                0x020177ec                _printf_r
 .text          0x02017804       0x88 /opt/devkitPro/devkitARM/lib/gcc/arm-eabi/4.3.3/../../../../arm-eabi/lib/thumb/libg.a(lib_a-puts.o)
                0x02017804                _puts_r
                0x02017874                puts
 *fill*         0x0201788c        0x4 ff
 .text          0x02017890       0x58 /opt/devkitPro/devkitARM/lib/gcc/arm-eabi/4.3.3/../../../../arm-eabi/lib/thumb/libg.a(lib_a-rand.o)
                0x020178a4                rand
                0x02017890                srand
 .text          0x020178e8       0x1c /opt/devkitPro/devkitARM/lib/gcc/arm-eabi/4.3.3/../../../../arm-eabi/lib/thumb/libg.a(lib_a-realloc.o)
                0x020178e8                realloc
 .text          0x02017904      0x340 /opt/devkitPro/devkitARM/lib/gcc/arm-eabi/4.3.3/../../../../arm-eabi/lib/thumb/libg.a(lib_a-reallocr.o)
                0x02017904                _realloc_r
 .text          0x02017c44      0x128 /opt/devkitPro/devkitARM/lib/gcc/arm-eabi/4.3.3/../../../../arm-eabi/lib/thumb/libg.a(lib_a-refill.o)
                0x02017c44                __srefill_r
 .text          0x02017d6c      0x114 /opt/devkitPro/devkitARM/lib/gcc/arm-eabi/4.3.3/../../../../arm-eabi/lib/thumb/libg.a(lib_a-setvbuf.o)
                0x02017d6c                setvbuf
 .text          0x02017e80       0xa4 /opt/devkitPro/devkitARM/lib/gcc/arm-eabi/4.3.3/../../../../arm-eabi/lib/thumb/libg.a(lib_a-siscanf.o)
                0x02017e84                _siscanf_r
                0x02017ed4                siscanf
 .text          0x02017f24       0xb8 /opt/devkitPro/devkitARM/lib/gcc/arm-eabi/4.3.3/../../../../arm-eabi/lib/thumb/libg.a(lib_a-stdio.o)
                0x02017f38                __sseek
                0x02017fac                __sread
                0x02017f24                __sclose
                0x02017f6c                __swrite
 .text          0x02017fdc       0xc4 /opt/devkitPro/devkitARM/lib/gcc/arm-eabi/4.3.3/../../../../arm-eabi/lib/thumb/libg.a(lib_a-strchr.o)
                0x02017fdc                strchr
 .text          0x020180a0       0x5c /opt/devkitPro/devkitARM/lib/gcc/arm-eabi/4.3.3/../../../../arm-eabi/lib/thumb/libg.a(lib_a-strcmp.o)
                0x020180a0                strcmp
 .text          0x020180fc       0x48 /opt/devkitPro/devkitARM/lib/gcc/arm-eabi/4.3.3/../../../../arm-eabi/lib/thumb/libg.a(lib_a-strcpy.o)
                0x020180fc                strcpy
 .text          0x02018144       0x60 /opt/devkitPro/devkitARM/lib/gcc/arm-eabi/4.3.3/../../../../arm-eabi/lib/thumb/libg.a(lib_a-strlen.o)
                0x02018144                strlen
 .text          0x020181a4       0x94 /opt/devkitPro/devkitARM/lib/gcc/arm-eabi/4.3.3/../../../../arm-eabi/lib/thumb/libg.a(lib_a-strncasecmp.o)
                0x020181a4                strncasecmp
 .text          0x02018238       0x9c /opt/devkitPro/devkitARM/lib/gcc/arm-eabi/4.3.3/../../../../arm-eabi/lib/thumb/libg.a(lib_a-strncmp.o)
                0x02018238                strncmp
 .text          0x020182d4       0x74 /opt/devkitPro/devkitARM/lib/gcc/arm-eabi/4.3.3/../../../../arm-eabi/lib/thumb/libg.a(lib_a-strncpy.o)
                0x020182d4                strncpy
 .text          0x02018348       0x2c /opt/devkitPro/devkitARM/lib/gcc/arm-eabi/4.3.3/../../../../arm-eabi/lib/thumb/libg.a(lib_a-strnlen.o)
                0x02018348                strnlen
 .text          0x02018374       0x48 /opt/devkitPro/devkitARM/lib/gcc/arm-eabi/4.3.3/../../../../arm-eabi/lib/thumb/libg.a(lib_a-strpbrk.o)
                0x02018374                strpbrk
 .text          0x020183bc       0x34 /opt/devkitPro/devkitARM/lib/gcc/arm-eabi/4.3.3/../../../../arm-eabi/lib/thumb/libg.a(lib_a-strrchr.o)
                0x020183bc                strrchr
 .text          0x020183f0      0x8fc /opt/devkitPro/devkitARM/lib/gcc/arm-eabi/4.3.3/../../../../arm-eabi/lib/thumb/libg.a(lib_a-svfiscanf.o)
                0x020184c4                __ssvfiscanf_r
 .text          0x02018cec       0x18 /opt/devkitPro/devkitARM/lib/gcc/arm-eabi/4.3.3/../../../../arm-eabi/lib/thumb/libg.a(lib_a-sysclose.o)
                0x02018cec                close
 .text          0x02018d04       0x24 /opt/devkitPro/devkitARM/lib/gcc/arm-eabi/4.3.3/../../../../arm-eabi/lib/thumb/libg.a(lib_a-syslseek.o)
                0x02018d04                lseek
 .text          0x02018d28       0x1c /opt/devkitPro/devkitARM/lib/gcc/arm-eabi/4.3.3/../../../../arm-eabi/lib/thumb/libg.a(lib_a-sysopen.o)
                0x02018d28                open
 .text          0x02018d44       0x24 /opt/devkitPro/devkitARM/lib/gcc/arm-eabi/4.3.3/../../../../arm-eabi/lib/thumb/libg.a(lib_a-sysread.o)
                0x02018d44                read
 .text          0x02018d68       0x34 /opt/devkitPro/devkitARM/lib/gcc/arm-eabi/4.3.3/../../../../arm-eabi/lib/thumb/libg.a(lib_a-time.o)
                0x02018d68                time
 .text          0x02018d9c      0x4dc /opt/devkitPro/devkitARM/lib/gcc/arm-eabi/4.3.3/../../../../arm-eabi/lib/thumb/libg.a(lib_a-towlower.o)
                0x02018d9c                towlower
 .text          0x02019278      0x5d8 /opt/devkitPro/devkitARM/lib/gcc/arm-eabi/4.3.3/../../../../arm-eabi/lib/thumb/libg.a(lib_a-towupper.o)
                0x02019278                towupper
 .text          0x02019850        0x8 /opt/devkitPro/devkitARM/lib/gcc/arm-eabi/4.3.3/../../../../arm-eabi/lib/thumb/libg.a(lib_a-tzlock.o)
                0x02019854                __tz_unlock
                0x02019850                __tz_lock
 .text          0x02019858        0x0 /opt/devkitPro/devkitARM/lib/gcc/arm-eabi/4.3.3/../../../../arm-eabi/lib/thumb/libg.a(lib_a-tzvars.o)
 .text          0x02019858      0x1a0 /opt/devkitPro/devkitARM/lib/gcc/arm-eabi/4.3.3/../../../../arm-eabi/lib/thumb/libg.a(lib_a-ungetc.o)
                0x020199dc                ungetc
                0x02019858                __submore
                0x020198d4                _ungetc_r
 .text          0x020199f8      0xc44 /opt/devkitPro/devkitARM/lib/gcc/arm-eabi/4.3.3/../../../../arm-eabi/lib/thumb/libg.a(lib_a-vfiprintf.o)
                0x0201a618                vfiprintf
                0x02019a18                _vfiprintf_r
 *fill*         0x0201a63c        0x4 ff
 .text          0x0201a640     0x16f8 /opt/devkitPro/devkitARM/lib/gcc/arm-eabi/4.3.3/../../../../arm-eabi/lib/thumb/libg.a(lib_a-vfprintf.o)
                0x0201a660                _vfprintf_r
                0x0201bd14                vfprintf
 .text          0x0201bd38      0xcd0 /opt/devkitPro/devkitARM/lib/gcc/arm-eabi/4.3.3/../../../../arm-eabi/lib/thumb/libg.a(lib_a-vfscanf.o)
                0x0201c97c                __svfscanf
                0x0201c9a0                _vfscanf_r
                0x0201c9d0                vfscanf
                0x0201bd38                __svfscanf_r
 .text          0x0201ca08       0x68 /opt/devkitPro/devkitARM/lib/gcc/arm-eabi/4.3.3/../../../../arm-eabi/lib/thumb/libg.a(lib_a-wcrtomb.o)
                0x0201ca08                _wcrtomb_r
                0x0201ca4c                wcrtomb
 .text          0x0201ca70      0x108 /opt/devkitPro/devkitARM/lib/gcc/arm-eabi/4.3.3/../../../../arm-eabi/lib/thumb/libg.a(lib_a-wcsrtombs.o)
                0x0201ca70                _wcsrtombs_r
                0x0201cb50                wcsrtombs
 .text          0x0201cb78       0x40 /opt/devkitPro/devkitARM/lib/gcc/arm-eabi/4.3.3/../../../../arm-eabi/lib/thumb/libg.a(lib_a-wctob.o)
                0x0201cb78                wctob
 .text          0x0201cbb8      0x2c8 /opt/devkitPro/devkitARM/lib/gcc/arm-eabi/4.3.3/../../../../arm-eabi/lib/thumb/libg.a(lib_a-wctomb_r.o)
                0x0201cbb8                _wctomb_r
 .text          0x0201ce80       0xc8 /opt/devkitPro/devkitARM/lib/gcc/arm-eabi/4.3.3/../../../../arm-eabi/lib/thumb/libg.a(lib_a-wsetup.o)
                0x0201ce80                __swsetup_r
 .text          0x0201cf48        0x0 /opt/devkitPro/devkitARM/lib/gcc/arm-eabi/4.3.3/../../../../arm-eabi/lib/thumb/libg.a(lib_a-ctype_.o)
 .text          0x0201cf48       0x44 /opt/devkitPro/devkitARM/lib/gcc/arm-eabi/4.3.3/../../../../arm-eabi/lib/thumb/libg.a(lib_a-div.o)
                0x0201cf48                div
 *fill*         0x0201cf8c        0x4 ff
 .text          0x0201cf90      0xf70 /opt/devkitPro/devkitARM/lib/gcc/arm-eabi/4.3.3/../../../../arm-eabi/lib/thumb/libg.a(lib_a-dtoa.o)
                0x0201d0fc                _dtoa_r
 .text          0x0201df00       0x7c /opt/devkitPro/devkitARM/lib/gcc/arm-eabi/4.3.3/../../../../arm-eabi/lib/thumb/libg.a(lib_a-flags.o)
                0x0201df00                __sflags
 .text          0x0201df7c      0x318 /opt/devkitPro/devkitARM/lib/gcc/arm-eabi/4.3.3/../../../../arm-eabi/lib/thumb/libg.a(lib_a-fvwrite.o)
                0x0201df7c                __sfvwrite_r
 .text          0x0201e294        0x8 /opt/devkitPro/devkitARM/lib/gcc/arm-eabi/4.3.3/../../../../arm-eabi/lib/thumb/libg.a(lib_a-gettzinfo.o)
                0x0201e294                __gettzinfo
 .text          0x0201e29c       0xec /opt/devkitPro/devkitARM/lib/gcc/arm-eabi/4.3.3/../../../../arm-eabi/lib/thumb/libg.a(lib_a-iswspace.o)
                0x0201e29c                iswspace
 .text          0x0201e388      0x178 /opt/devkitPro/devkitARM/lib/gcc/arm-eabi/4.3.3/../../../../arm-eabi/lib/thumb/libg.a(lib_a-jp2uc.o)
                0x0201e388                __jp2uc
 .text          0x0201e500       0x8c /opt/devkitPro/devkitARM/lib/gcc/arm-eabi/4.3.3/../../../../arm-eabi/lib/thumb/libg.a(lib_a-memchr.o)
                0x0201e500                memchr
 *fill*         0x0201e58c        0x4 ff
 .text          0x0201e590      0x9e8 /opt/devkitPro/devkitARM/lib/gcc/arm-eabi/4.3.3/../../../../arm-eabi/lib/thumb/libg.a(lib_a-mprec.o)
                0x0201e808                _mprec_log10
                0x0201e898                __any_on
                0x0201e8f4                _Balloc
                0x0201e7b4                __ratio
                0x0201ed60                __i2b
                0x0201e6f8                __b2d
                0x0201eed8                __s2b
                0x0201e668                __mcmp
                0x0201e5ac                __hi0bits
                0x0201ee20                __pow5mult
                0x0201eb40                __lshift
                0x0201ec00                __multiply
                0x0201e948                __d2b
                0x0201e84c                __copybits
                0x0201e6ac                __ulp
                0x0201ea1c                __mdiff
                0x0201e600                __lo0bits
                0x0201ed78                __multadd
                0x0201e590                _Bfree
 .text          0x0201ef78       0x24 /opt/devkitPro/devkitARM/lib/gcc/arm-eabi/4.3.3/../../../../arm-eabi/lib/thumb/libg.a(lib_a-s_isinfd.o)
                0x0201ef78                __isinfd
 .text          0x0201ef9c       0x1c /opt/devkitPro/devkitARM/lib/gcc/arm-eabi/4.3.3/../../../../arm-eabi/lib/thumb/libg.a(lib_a-s_isnand.o)
                0x0201ef9c                __isnand
 .text          0x0201efb8       0x78 /opt/devkitPro/devkitARM/lib/gcc/arm-eabi/4.3.3/../../../../arm-eabi/lib/thumb/libg.a(lib_a-sccl.o)
                0x0201efb8                __sccl
 .text          0x0201f030        0x8 /opt/devkitPro/devkitARM/lib/gcc/arm-eabi/4.3.3/../../../../arm-eabi/lib/thumb/libg.a(lib_a-sf_nan.o)
                0x0201f030                nanf
 .text          0x0201f038       0x84 /opt/devkitPro/devkitARM/lib/gcc/arm-eabi/4.3.3/../../../../arm-eabi/lib/thumb/libg.a(lib_a-sprintf.o)
                0x0201f07c                _sprintf_r
                0x0201f038                sprintf
 *fill*         0x0201f0bc        0x4 ff
 .text          0x0201f0c0      0xf10 /opt/devkitPro/devkitARM/lib/gcc/arm-eabi/4.3.3/../../../../arm-eabi/lib/thumb/libg.a(lib_a-strtod.o)
                0x0201f0c0                _strtod_r
                0x0201ffb4                strtod
                0x0201ff78                strtof
 .text          0x0201ffd0      0x18c /opt/devkitPro/devkitARM/lib/gcc/arm-eabi/4.3.3/../../../../arm-eabi/lib/thumb/libg.a(lib_a-strtol.o)
                0x02020138                strtol
                0x0201ffd0                _strtol_r
 .text          0x0202015c      0x190 /opt/devkitPro/devkitARM/lib/gcc/arm-eabi/4.3.3/../../../../arm-eabi/lib/thumb/libg.a(lib_a-strtoul.o)
                0x020202c8                strtoul
                0x0202015c                _strtoul_r
 *fill*         0x020202ec        0x4 ff
 .text          0x020202f0     0x15e0 /opt/devkitPro/devkitARM/lib/gcc/arm-eabi/4.3.3/../../../../arm-eabi/lib/thumb/libg.a(lib_a-svfprintf.o)
                0x0202041c                _svfprintf_r
 .text          0x020218d0       0x5c /opt/devkitPro/devkitARM/lib/gcc/arm-eabi/4.3.3/../../../../arm-eabi/lib/thumb/libg.a(lib_a-callocr.o)
                0x020218d0                _calloc_r
 .text          0x0202192c      0x5e8 /opt/devkitPro/devkitARM/lib/gcc/arm-eabi/4.3.3/../../../../arm-eabi/lib/thumb/libg.a(lib_a-gdtoa-gethex.o)
                0x0202192c                __hexdig_init
                0x02021a3c                __gethex
 .text          0x02021f14      0x1a4 /opt/devkitPro/devkitARM/lib/gcc/arm-eabi/4.3.3/../../../../arm-eabi/lib/thumb/libg.a(lib_a-gdtoa-hexnan.o)
                0x02021f14                __hexnan
 .text          0x020220b8      0x134 /opt/devkitPro/devkitARM/lib/gcc/arm-eabi/4.3.3/../../../../arm-eabi/lib/thumb/libsysbase.a(iosupport.o)
                0x020221c8                RemoveDevice
                0x020220b8                setDefaultDevice
                0x020220cc                AddDevice
                0x020221a8                GetDeviceOpTab
                0x02022144                FindDevice
 .text          0x020221ec       0x54 /opt/devkitPro/devkitARM/lib/gcc/arm-eabi/4.3.3/../../../../arm-eabi/lib/thumb/libsysbase.a(close.o)
                0x020221ec                _close_r
 .text          0x02022240       0x5c /opt/devkitPro/devkitARM/lib/gcc/arm-eabi/4.3.3/../../../../arm-eabi/lib/thumb/libsysbase.a(fstat.o)
                0x02022240                _fstat_r
 .text          0x0202229c        0x4 /opt/devkitPro/devkitARM/lib/gcc/arm-eabi/4.3.3/../../../../arm-eabi/lib/thumb/libsysbase.a(isatty.o)
                0x0202229c                _isatty_r
 .text          0x020222a0       0x54 /opt/devkitPro/devkitARM/lib/gcc/arm-eabi/4.3.3/../../../../arm-eabi/lib/thumb/libsysbase.a(lseek.o)
                0x020222a0                _lseek_r
 .text          0x020222f4       0x9c /opt/devkitPro/devkitARM/lib/gcc/arm-eabi/4.3.3/../../../../arm-eabi/lib/thumb/libsysbase.a(open.o)
                0x020222f4                _open_r
 .text          0x02022390       0x54 /opt/devkitPro/devkitARM/lib/gcc/arm-eabi/4.3.3/../../../../arm-eabi/lib/thumb/libsysbase.a(read.o)
                0x02022390                _read_r
 .text          0x020223e4       0x54 /opt/devkitPro/devkitARM/lib/gcc/arm-eabi/4.3.3/../../../../arm-eabi/lib/thumb/libsysbase.a(sbrk.o)
                0x020223e4                _sbrk_r
 .text          0x02022438       0x4c /opt/devkitPro/devkitARM/lib/gcc/arm-eabi/4.3.3/../../../../arm-eabi/lib/thumb/libsysbase.a(times.o)
                0x02022440                _gettimeofday_r
                0x02022438                _times_r
                0x0202246c                _times
 .text          0x02022484       0x54 /opt/devkitPro/devkitARM/lib/gcc/arm-eabi/4.3.3/../../../../arm-eabi/lib/thumb/libsysbase.a(write.o)
                0x02022484                _write_r
 .text          0x020224d8        0x0 /opt/devkitPro/devkitARM/lib/gcc/arm-eabi/4.3.3/../../../../arm-eabi/lib/thumb/libsysbase.a(malloc_vars.o)
 .text          0x020224d8      0x25c /opt/devkitPro/devkitARM/lib/gcc/arm-eabi/4.3.3/../../../../arm-eabi/lib/thumb/libsysbase.a(chdir.o)
                0x02022644                chdir
                0x020224d8                getcwd
                0x02022528                _concatenate_path
 .text          0x02022734       0x54 /opt/devkitPro/devkitARM/lib/gcc/arm-eabi/4.3.3/../../../../arm-eabi/lib/thumb/libsysbase.a(build_argv.o)
                0x02022734                build_argv
 .text          0x02022788       0x90 /opt/devkitPro/devkitARM/lib/gcc/arm-eabi/4.3.3/../../../../arm-eabi/lib/thumb/libsysbase.a(handle_manager.o)
                0x020227e8                __release_handle
                0x020227a8                __alloc_handle
                0x02022788                __get_handle
 .text          0x02022818       0x5c /opt/devkitPro/devkitARM/lib/gcc/arm-eabi/4.3.3/thumb/libgcc.a(_fixdfsi.o)
                0x02022818                __fixdfsi
                0x02022818                __aeabi_d2iz
 .text          0x02022874       0x54 /opt/devkitPro/devkitARM/lib/gcc/arm-eabi/4.3.3/thumb/libgcc.a(_fixunsdfsi.o)
                0x02022874                __fixunsdfsi
                0x02022874                __aeabi_d2uiz
 .text          0x020228c8       0xa0 /opt/devkitPro/devkitARM/lib/gcc/arm-eabi/4.3.3/thumb/libgcc.a(_truncdfsf2.o)
                0x020228c8                __aeabi_d2f
                0x020228c8                __truncdfsf2
 .text          0x02022968        0xc /opt/devkitPro/devkitARM/lib/gcc/arm-eabi/4.3.3/../../../../arm-eabi/lib/thumb/libg.a(lib_a-errno.o)
                0x02022968                __errno
 .text          0x02022974        0x0 /opt/devkitPro/devkitARM/lib/gcc/arm-eabi/4.3.3/thumb/crtend.o
 .text          0x02022974        0x0 /opt/devkitPro/devkitARM/lib/gcc/arm-eabi/4.3.3/thumb/crtn.o
 *(.text.*)
 *(.stub)
 *(.gnu.warning)
 *(.gnu.linkonce.t*)
 *(.glue_7)
 .glue_7        0x02022974        0x0 /opt/devkitPro/devkitARM/lib/gcc/arm-eabi/4.3.3/../../../../arm-eabi/lib/thumb/ds_arm9_crt0.o
 .glue_7        0x02022974        0x0 /opt/devkitPro/devkitARM/lib/gcc/arm-eabi/4.3.3/thumb/crti.o
 .glue_7        0x02022974        0x0 /opt/devkitPro/devkitARM/lib/gcc/arm-eabi/4.3.3/thumb/crtbegin.o
 .glue_7        0x02022974        0x0 soundbank.bin.o
 .glue_7        0x02022974        0x0 backimage.o
 .glue_7        0x02022974        0x0 Balcony1.o
 .glue_7        0x02022974        0x0 Balcony2.o
 .glue_7        0x02022974        0x0 big_clock.o
 .glue_7        0x02022974        0x0 big_rainbow.o
 .glue_7        0x02022974        0x0 big_shield.o
 .glue_7        0x02022974        0x0 Building1.o
 .glue_7        0x02022974        0x0 Building2.o
 .glue_7        0x02022974        0x0 clock.o
 .glue_7        0x02022974        0x0 clouds.o
 .glue_7        0x02022974        0x0 game_over.o
 .glue_7        0x02022974        0x0 keyboard.o
 .glue_7        0x02022974        0x0 numbers.o
 .glue_7        0x02022974        0x0 nums.o
 .glue_7        0x02022974        0x0 NyanCat1.o
 .glue_7        0x02022974        0x0 NyanCat2.o
 .glue_7        0x02022974        0x0 NyanCat3.o
 .glue_7        0x02022974        0x0 NyanCat4.o
 .glue_7        0x02022974        0x0 NyanCat5.o
 .glue_7        0x02022974        0x0 NyanCat6.o
 .glue_7        0x02022974        0x0 rainbow2.o
 .glue_7        0x02022974        0x0 rainbow.o
 .glue_7        0x02022974        0x0 shield.o
 .glue_7        0x02022974        0x0 start.o
 .glue_7        0x02022974        0x0 Audio.o
 .glue_7        0x02022974        0x0 game.o
 .glue_7        0x02022974        0x0 Graphics.o
 .glue_7        0x02022974        0x0 main.o
 .glue_7        0x02022974        0x0 Score.o
 .glue_7        0x02022974        0x0 Timer.o
 .glue_7        0x02022974        0x0 /opt/devkitPro/libnds/lib/libfat.a(libfat.o)
 .glue_7        0x02022974        0x0 /opt/devkitPro/libnds/lib/libfat.a(partition.o)
 .glue_7        0x02022974        0x0 /opt/devkitPro/libnds/lib/libfat.a(cache.o)
 .glue_7        0x02022974        0x0 /opt/devkitPro/libnds/lib/libfat.a(disc.o)
 .glue_7        0x02022974        0x0 /opt/devkitPro/libnds/lib/libfat.a(fatdir.o)
 .glue_7        0x02022974        0x0 /opt/devkitPro/libnds/lib/libfat.a(fatfile.o)
 .glue_7        0x02022974        0x0 /opt/devkitPro/libnds/lib/libfat.a(file_allocation_table.o)
 .glue_7        0x02022974        0x0 /opt/devkitPro/libnds/lib/libfat.a(filetime.o)
 .glue_7        0x02022974        0x0 /opt/devkitPro/libnds/lib/libfat.a(directory.o)
 .glue_7        0x02022974        0x0 /opt/devkitPro/libnds/lib/libnds9.a(console.o)
 .glue_7        0x02022974        0x0 /opt/devkitPro/libnds/lib/libnds9.a(initSystem.o)
 .glue_7        0x02022974        0x0 /opt/devkitPro/libnds/lib/libnds9.a(keys.o)
 .glue_7        0x02022974        0x0 /opt/devkitPro/libnds/lib/libnds9.a(sprite.o)
 .glue_7        0x02022974        0x0 /opt/devkitPro/libnds/lib/libnds9.a(sprite_alloc.o)
 .glue_7        0x02022974        0x0 /opt/devkitPro/libnds/lib/libnds9.a(system.o)
 .glue_7        0x02022974        0x0 /opt/devkitPro/libnds/lib/libnds9.a(touch.o)
 .glue_7        0x02022974        0x0 /opt/devkitPro/libnds/lib/libnds9.a(trig.o)
 .glue_7        0x02022974        0x0 /opt/devkitPro/libnds/lib/libnds9.a(video.o)
 .glue_7        0x02022974        0x0 /opt/devkitPro/libnds/lib/libnds9.a(videoGL.o)
 .glue_7        0x02022974        0x0 /opt/devkitPro/libnds/lib/libnds9.a(dldi.o)
 .glue_7        0x02022974        0x0 /opt/devkitPro/libnds/lib/libnds9.a(fifosystem.o)
 .glue_7        0x02022974        0x0 /opt/devkitPro/libnds/lib/libnds9.a(interrupts.o)
 .glue_7        0x02022974        0x0 /opt/devkitPro/libnds/lib/libnds9.a(dcache.o)
 .glue_7        0x02022974        0x0 /opt/devkitPro/libnds/lib/libnds9.a(dldi_stub.o)
 .glue_7        0x02022974        0x0 /opt/devkitPro/libnds/lib/libnds9.a(biosCalls.o)
 .glue_7        0x02022974        0x0 /opt/devkitPro/libnds/lib/libnds9.a(debugprint.o)
 .glue_7        0x02022974        0x0 /opt/devkitPro/libnds/lib/libnds9.a(interruptDispatcher.o)
 .glue_7        0x02022974        0x0 /opt/devkitPro/libnds/lib/libnds9.a(default_font.bin.o)
 .glue_7        0x02022974        0x0 /opt/devkitPro/libnds/lib/libnds9.a(background.o)
 .glue_7        0x02022974        0x0 /opt/devkitPro/libnds/lib/libmm9.a(mm_comms.o)
 .glue_7        0x02022974        0x0 /opt/devkitPro/libnds/lib/libmm9.a(mm_main9.o)
 .glue_7        0x02022974        0x0 /opt/devkitPro/libnds/lib/libmm9.a(mm_memory.o)
 .glue_7        0x02022974        0x0 /opt/devkitPro/libnds/lib/libmm9.a(mm_soundbank.o)
 .glue_7        0x02022974        0x0 /opt/devkitPro/libnds/lib/libmm9.a(mm_flusher.o)
 .glue_7        0x02022974        0x0 /opt/devkitPro/devkitARM/lib/gcc/arm-eabi/4.3.3/thumb/libgcc.a(_udivsi3.o)
 .glue_7        0x02022974        0x0 /opt/devkitPro/devkitARM/lib/gcc/arm-eabi/4.3.3/thumb/libgcc.a(_divsi3.o)
 .glue_7        0x02022974        0x0 /opt/devkitPro/devkitARM/lib/gcc/arm-eabi/4.3.3/thumb/libgcc.a(_dvmd_tls.o)
 .glue_7        0x02022974        0x0 /opt/devkitPro/devkitARM/lib/gcc/arm-eabi/4.3.3/thumb/libgcc.a(_addsubdf3.o)
 .glue_7        0x02022974        0x0 /opt/devkitPro/devkitARM/lib/gcc/arm-eabi/4.3.3/thumb/libgcc.a(_muldivdf3.o)
 .glue_7        0x02022974        0x0 /opt/devkitPro/devkitARM/lib/gcc/arm-eabi/4.3.3/thumb/libgcc.a(_cmpdf2.o)
 .glue_7        0x02022974        0x0 /opt/devkitPro/devkitARM/lib/gcc/arm-eabi/4.3.3/thumb/libgcc.a(_muldi3.o)
 .glue_7        0x02022974        0x0 /opt/devkitPro/devkitARM/lib/gcc/arm-eabi/4.3.3/../../../../arm-eabi/lib/thumb/libg.a(lib_a-bsearch.o)
 .glue_7        0x02022974        0x0 /opt/devkitPro/devkitARM/lib/gcc/arm-eabi/4.3.3/../../../../arm-eabi/lib/thumb/libg.a(lib_a-clock.o)
 .glue_7        0x02022974        0x0 /opt/devkitPro/devkitARM/lib/gcc/arm-eabi/4.3.3/../../../../arm-eabi/lib/thumb/libg.a(lib_a-fclose.o)
 .glue_7        0x02022974        0x0 /opt/devkitPro/devkitARM/lib/gcc/arm-eabi/4.3.3/../../../../arm-eabi/lib/thumb/libg.a(lib_a-fflush.o)
 .glue_7        0x02022974        0x0 /opt/devkitPro/devkitARM/lib/gcc/arm-eabi/4.3.3/../../../../arm-eabi/lib/thumb/libg.a(lib_a-findfp.o)
 .glue_7        0x02022974        0x0 /opt/devkitPro/devkitARM/lib/gcc/arm-eabi/4.3.3/../../../../arm-eabi/lib/thumb/libg.a(lib_a-fopen.o)
 .glue_7        0x02022974        0x0 /opt/devkitPro/devkitARM/lib/gcc/arm-eabi/4.3.3/../../../../arm-eabi/lib/thumb/libg.a(lib_a-fprintf.o)
 .glue_7        0x02022974        0x0 /opt/devkitPro/devkitARM/lib/gcc/arm-eabi/4.3.3/../../../../arm-eabi/lib/thumb/libg.a(lib_a-fread.o)
 .glue_7        0x02022974        0x0 /opt/devkitPro/devkitARM/lib/gcc/arm-eabi/4.3.3/../../../../arm-eabi/lib/thumb/libg.a(lib_a-freer.o)
 .glue_7        0x02022974        0x0 /opt/devkitPro/devkitARM/lib/gcc/arm-eabi/4.3.3/../../../../arm-eabi/lib/thumb/libg.a(lib_a-fscanf.o)
 .glue_7        0x02022974        0x0 /opt/devkitPro/devkitARM/lib/gcc/arm-eabi/4.3.3/../../../../arm-eabi/lib/thumb/libg.a(lib_a-fseek.o)
 .glue_7        0x02022974        0x0 /opt/devkitPro/devkitARM/lib/gcc/arm-eabi/4.3.3/../../../../arm-eabi/lib/thumb/libg.a(lib_a-fwalk.o)
 .glue_7        0x02022974        0x0 /opt/devkitPro/devkitARM/lib/gcc/arm-eabi/4.3.3/../../../../arm-eabi/lib/thumb/libg.a(lib_a-impure.o)
 .glue_7        0x02022974        0x0 /opt/devkitPro/devkitARM/lib/gcc/arm-eabi/4.3.3/../../../../arm-eabi/lib/thumb/libg.a(lib_a-init.o)
 .glue_7        0x02022974        0x0 /opt/devkitPro/devkitARM/lib/gcc/arm-eabi/4.3.3/../../../../arm-eabi/lib/thumb/libg.a(lib_a-iprintf.o)
 .glue_7        0x02022974        0x0 /opt/devkitPro/devkitARM/lib/gcc/arm-eabi/4.3.3/../../../../arm-eabi/lib/thumb/libg.a(lib_a-lcltime_r.o)
 .glue_7        0x02022974        0x0 /opt/devkitPro/devkitARM/lib/gcc/arm-eabi/4.3.3/../../../../arm-eabi/lib/thumb/libg.a(lib_a-locale.o)
 .glue_7        0x02022974        0x0 /opt/devkitPro/devkitARM/lib/gcc/arm-eabi/4.3.3/../../../../arm-eabi/lib/thumb/libg.a(lib_a-makebuf.o)
 .glue_7        0x02022974        0x0 /opt/devkitPro/devkitARM/lib/gcc/arm-eabi/4.3.3/../../../../arm-eabi/lib/thumb/libg.a(lib_a-malloc.o)
 .glue_7        0x02022974        0x0 /opt/devkitPro/devkitARM/lib/gcc/arm-eabi/4.3.3/../../../../arm-eabi/lib/thumb/libg.a(lib_a-mallocr.o)
 .glue_7        0x02022974        0x0 /opt/devkitPro/devkitARM/lib/gcc/arm-eabi/4.3.3/../../../../arm-eabi/lib/thumb/libg.a(lib_a-mbrtowc.o)
 .glue_7        0x02022974        0x0 /opt/devkitPro/devkitARM/lib/gcc/arm-eabi/4.3.3/../../../../arm-eabi/lib/thumb/libg.a(lib_a-mbsrtowcs.o)
 .glue_7        0x02022974        0x0 /opt/devkitPro/devkitARM/lib/gcc/arm-eabi/4.3.3/../../../../arm-eabi/lib/thumb/libg.a(lib_a-mbtowc_r.o)
 .glue_7        0x02022974        0x0 /opt/devkitPro/devkitARM/lib/gcc/arm-eabi/4.3.3/../../../../arm-eabi/lib/thumb/libg.a(lib_a-memcmp.o)
 .glue_7        0x02022974        0x0 /opt/devkitPro/devkitARM/lib/gcc/arm-eabi/4.3.3/../../../../arm-eabi/lib/thumb/libg.a(lib_a-memcpy.o)
 .glue_7        0x02022974        0x0 /opt/devkitPro/devkitARM/lib/gcc/arm-eabi/4.3.3/../../../../arm-eabi/lib/thumb/libg.a(lib_a-memmove.o)
 .glue_7        0x02022974        0x0 /opt/devkitPro/devkitARM/lib/gcc/arm-eabi/4.3.3/../../../../arm-eabi/lib/thumb/libg.a(lib_a-memset.o)
 .glue_7        0x02022974        0x0 /opt/devkitPro/devkitARM/lib/gcc/arm-eabi/4.3.3/../../../../arm-eabi/lib/thumb/libg.a(lib_a-mktime.o)
 .glue_7        0x02022974        0x0 /opt/devkitPro/devkitARM/lib/gcc/arm-eabi/4.3.3/../../../../arm-eabi/lib/thumb/libg.a(lib_a-mktm_r.o)
 .glue_7        0x02022974        0x0 /opt/devkitPro/devkitARM/lib/gcc/arm-eabi/4.3.3/../../../../arm-eabi/lib/thumb/libg.a(lib_a-mlock.o)
 .glue_7        0x02022974        0x0 /opt/devkitPro/devkitARM/lib/gcc/arm-eabi/4.3.3/../../../../arm-eabi/lib/thumb/libg.a(lib_a-printf.o)
 .glue_7        0x02022974        0x0 /opt/devkitPro/devkitARM/lib/gcc/arm-eabi/4.3.3/../../../../arm-eabi/lib/thumb/libg.a(lib_a-puts.o)
 .glue_7        0x02022974        0x0 /opt/devkitPro/devkitARM/lib/gcc/arm-eabi/4.3.3/../../../../arm-eabi/lib/thumb/libg.a(lib_a-rand.o)
 .glue_7        0x02022974        0x0 /opt/devkitPro/devkitARM/lib/gcc/arm-eabi/4.3.3/../../../../arm-eabi/lib/thumb/libg.a(lib_a-realloc.o)
 .glue_7        0x02022974        0x0 /opt/devkitPro/devkitARM/lib/gcc/arm-eabi/4.3.3/../../../../arm-eabi/lib/thumb/libg.a(lib_a-reallocr.o)
 .glue_7        0x02022974        0x0 /opt/devkitPro/devkitARM/lib/gcc/arm-eabi/4.3.3/../../../../arm-eabi/lib/thumb/libg.a(lib_a-refill.o)
 .glue_7        0x02022974        0x0 /opt/devkitPro/devkitARM/lib/gcc/arm-eabi/4.3.3/../../../../arm-eabi/lib/thumb/libg.a(lib_a-setvbuf.o)
 .glue_7        0x02022974        0x0 /opt/devkitPro/devkitARM/lib/gcc/arm-eabi/4.3.3/../../../../arm-eabi/lib/thumb/libg.a(lib_a-siscanf.o)
 .glue_7        0x02022974        0x0 /opt/devkitPro/devkitARM/lib/gcc/arm-eabi/4.3.3/../../../../arm-eabi/lib/thumb/libg.a(lib_a-stdio.o)
 .glue_7        0x02022974        0x0 /opt/devkitPro/devkitARM/lib/gcc/arm-eabi/4.3.3/../../../../arm-eabi/lib/thumb/libg.a(lib_a-strchr.o)
 .glue_7        0x02022974        0x0 /opt/devkitPro/devkitARM/lib/gcc/arm-eabi/4.3.3/../../../../arm-eabi/lib/thumb/libg.a(lib_a-strcmp.o)
 .glue_7        0x02022974        0x0 /opt/devkitPro/devkitARM/lib/gcc/arm-eabi/4.3.3/../../../../arm-eabi/lib/thumb/libg.a(lib_a-strcpy.o)
 .glue_7        0x02022974        0x0 /opt/devkitPro/devkitARM/lib/gcc/arm-eabi/4.3.3/../../../../arm-eabi/lib/thumb/libg.a(lib_a-strlen.o)
 .glue_7        0x02022974        0x0 /opt/devkitPro/devkitARM/lib/gcc/arm-eabi/4.3.3/../../../../arm-eabi/lib/thumb/libg.a(lib_a-strncasecmp.o)
 .glue_7        0x02022974        0x0 /opt/devkitPro/devkitARM/lib/gcc/arm-eabi/4.3.3/../../../../arm-eabi/lib/thumb/libg.a(lib_a-strncmp.o)
 .glue_7        0x02022974        0x0 /opt/devkitPro/devkitARM/lib/gcc/arm-eabi/4.3.3/../../../../arm-eabi/lib/thumb/libg.a(lib_a-strncpy.o)
 .glue_7        0x02022974        0x0 /opt/devkitPro/devkitARM/lib/gcc/arm-eabi/4.3.3/../../../../arm-eabi/lib/thumb/libg.a(lib_a-strnlen.o)
 .glue_7        0x02022974        0x0 /opt/devkitPro/devkitARM/lib/gcc/arm-eabi/4.3.3/../../../../arm-eabi/lib/thumb/libg.a(lib_a-strpbrk.o)
 .glue_7        0x02022974        0x0 /opt/devkitPro/devkitARM/lib/gcc/arm-eabi/4.3.3/../../../../arm-eabi/lib/thumb/libg.a(lib_a-strrchr.o)
 .glue_7        0x02022974        0x0 /opt/devkitPro/devkitARM/lib/gcc/arm-eabi/4.3.3/../../../../arm-eabi/lib/thumb/libg.a(lib_a-svfiscanf.o)
 .glue_7        0x02022974        0x0 /opt/devkitPro/devkitARM/lib/gcc/arm-eabi/4.3.3/../../../../arm-eabi/lib/thumb/libg.a(lib_a-sysclose.o)
 .glue_7        0x02022974        0x0 /opt/devkitPro/devkitARM/lib/gcc/arm-eabi/4.3.3/../../../../arm-eabi/lib/thumb/libg.a(lib_a-syslseek.o)
 .glue_7        0x02022974        0x0 /opt/devkitPro/devkitARM/lib/gcc/arm-eabi/4.3.3/../../../../arm-eabi/lib/thumb/libg.a(lib_a-sysopen.o)
 .glue_7        0x02022974        0x0 /opt/devkitPro/devkitARM/lib/gcc/arm-eabi/4.3.3/../../../../arm-eabi/lib/thumb/libg.a(lib_a-sysread.o)
 .glue_7        0x02022974        0x0 /opt/devkitPro/devkitARM/lib/gcc/arm-eabi/4.3.3/../../../../arm-eabi/lib/thumb/libg.a(lib_a-time.o)
 .glue_7        0x02022974        0x0 /opt/devkitPro/devkitARM/lib/gcc/arm-eabi/4.3.3/../../../../arm-eabi/lib/thumb/libg.a(lib_a-towlower.o)
 .glue_7        0x02022974        0x0 /opt/devkitPro/devkitARM/lib/gcc/arm-eabi/4.3.3/../../../../arm-eabi/lib/thumb/libg.a(lib_a-towupper.o)
 .glue_7        0x02022974        0x0 /opt/devkitPro/devkitARM/lib/gcc/arm-eabi/4.3.3/../../../../arm-eabi/lib/thumb/libg.a(lib_a-tzlock.o)
 .glue_7        0x02022974        0x0 /opt/devkitPro/devkitARM/lib/gcc/arm-eabi/4.3.3/../../../../arm-eabi/lib/thumb/libg.a(lib_a-tzvars.o)
 .glue_7        0x02022974        0x0 /opt/devkitPro/devkitARM/lib/gcc/arm-eabi/4.3.3/../../../../arm-eabi/lib/thumb/libg.a(lib_a-ungetc.o)
 .glue_7        0x02022974        0x0 /opt/devkitPro/devkitARM/lib/gcc/arm-eabi/4.3.3/../../../../arm-eabi/lib/thumb/libg.a(lib_a-vfiprintf.o)
 .glue_7        0x02022974        0x0 /opt/devkitPro/devkitARM/lib/gcc/arm-eabi/4.3.3/../../../../arm-eabi/lib/thumb/libg.a(lib_a-vfprintf.o)
 .glue_7        0x02022974        0x0 /opt/devkitPro/devkitARM/lib/gcc/arm-eabi/4.3.3/../../../../arm-eabi/lib/thumb/libg.a(lib_a-vfscanf.o)
 .glue_7        0x02022974        0x0 /opt/devkitPro/devkitARM/lib/gcc/arm-eabi/4.3.3/../../../../arm-eabi/lib/thumb/libg.a(lib_a-wcrtomb.o)
 .glue_7        0x02022974        0x0 /opt/devkitPro/devkitARM/lib/gcc/arm-eabi/4.3.3/../../../../arm-eabi/lib/thumb/libg.a(lib_a-wcsrtombs.o)
 .glue_7        0x02022974        0x0 /opt/devkitPro/devkitARM/lib/gcc/arm-eabi/4.3.3/../../../../arm-eabi/lib/thumb/libg.a(lib_a-wctob.o)
 .glue_7        0x02022974        0x0 /opt/devkitPro/devkitARM/lib/gcc/arm-eabi/4.3.3/../../../../arm-eabi/lib/thumb/libg.a(lib_a-wctomb_r.o)
 .glue_7        0x02022974        0x0 /opt/devkitPro/devkitARM/lib/gcc/arm-eabi/4.3.3/../../../../arm-eabi/lib/thumb/libg.a(lib_a-wsetup.o)
 .glue_7        0x02022974        0x0 /opt/devkitPro/devkitARM/lib/gcc/arm-eabi/4.3.3/../../../../arm-eabi/lib/thumb/libg.a(lib_a-ctype_.o)
 .glue_7        0x02022974        0x0 /opt/devkitPro/devkitARM/lib/gcc/arm-eabi/4.3.3/../../../../arm-eabi/lib/thumb/libg.a(lib_a-div.o)
 .glue_7        0x02022974        0x0 /opt/devkitPro/devkitARM/lib/gcc/arm-eabi/4.3.3/../../../../arm-eabi/lib/thumb/libg.a(lib_a-dtoa.o)
 .glue_7        0x02022974        0x0 /opt/devkitPro/devkitARM/lib/gcc/arm-eabi/4.3.3/../../../../arm-eabi/lib/thumb/libg.a(lib_a-flags.o)
 .glue_7        0x02022974        0x0 /opt/devkitPro/devkitARM/lib/gcc/arm-eabi/4.3.3/../../../../arm-eabi/lib/thumb/libg.a(lib_a-fvwrite.o)
 .glue_7        0x02022974        0x0 /opt/devkitPro/devkitARM/lib/gcc/arm-eabi/4.3.3/../../../../arm-eabi/lib/thumb/libg.a(lib_a-gettzinfo.o)
 .glue_7        0x02022974        0x0 /opt/devkitPro/devkitARM/lib/gcc/arm-eabi/4.3.3/../../../../arm-eabi/lib/thumb/libg.a(lib_a-iswspace.o)
 .glue_7        0x02022974        0x0 /opt/devkitPro/devkitARM/lib/gcc/arm-eabi/4.3.3/../../../../arm-eabi/lib/thumb/libg.a(lib_a-jp2uc.o)
 .glue_7        0x02022974        0x0 /opt/devkitPro/devkitARM/lib/gcc/arm-eabi/4.3.3/../../../../arm-eabi/lib/thumb/libg.a(lib_a-memchr.o)
 .glue_7        0x02022974        0x0 /opt/devkitPro/devkitARM/lib/gcc/arm-eabi/4.3.3/../../../../arm-eabi/lib/thumb/libg.a(lib_a-mprec.o)
 .glue_7        0x02022974        0x0 /opt/devkitPro/devkitARM/lib/gcc/arm-eabi/4.3.3/../../../../arm-eabi/lib/thumb/libg.a(lib_a-s_isinfd.o)
 .glue_7        0x02022974        0x0 /opt/devkitPro/devkitARM/lib/gcc/arm-eabi/4.3.3/../../../../arm-eabi/lib/thumb/libg.a(lib_a-s_isnand.o)
 .glue_7        0x02022974        0x0 /opt/devkitPro/devkitARM/lib/gcc/arm-eabi/4.3.3/../../../../arm-eabi/lib/thumb/libg.a(lib_a-sccl.o)
 .glue_7        0x02022974        0x0 /opt/devkitPro/devkitARM/lib/gcc/arm-eabi/4.3.3/../../../../arm-eabi/lib/thumb/libg.a(lib_a-sf_nan.o)
 .glue_7        0x02022974        0x0 /opt/devkitPro/devkitARM/lib/gcc/arm-eabi/4.3.3/../../../../arm-eabi/lib/thumb/libg.a(lib_a-sprintf.o)
 .glue_7        0x02022974        0x0 /opt/devkitPro/devkitARM/lib/gcc/arm-eabi/4.3.3/../../../../arm-eabi/lib/thumb/libg.a(lib_a-strtod.o)
 .glue_7        0x02022974        0x0 /opt/devkitPro/devkitARM/lib/gcc/arm-eabi/4.3.3/../../../../arm-eabi/lib/thumb/libg.a(lib_a-strtol.o)
 .glue_7        0x02022974        0x0 /opt/devkitPro/devkitARM/lib/gcc/arm-eabi/4.3.3/../../../../arm-eabi/lib/thumb/libg.a(lib_a-strtoul.o)
 .glue_7        0x02022974        0x0 /opt/devkitPro/devkitARM/lib/gcc/arm-eabi/4.3.3/../../../../arm-eabi/lib/thumb/libg.a(lib_a-svfprintf.o)
 .glue_7        0x02022974        0x0 /opt/devkitPro/devkitARM/lib/gcc/arm-eabi/4.3.3/../../../../arm-eabi/lib/thumb/libg.a(lib_a-callocr.o)
 .glue_7        0x02022974        0x0 /opt/devkitPro/devkitARM/lib/gcc/arm-eabi/4.3.3/../../../../arm-eabi/lib/thumb/libg.a(lib_a-gdtoa-gethex.o)
 .glue_7        0x02022974        0x0 /opt/devkitPro/devkitARM/lib/gcc/arm-eabi/4.3.3/../../../../arm-eabi/lib/thumb/libg.a(lib_a-gdtoa-hexnan.o)
 .glue_7        0x02022974        0x0 /opt/devkitPro/devkitARM/lib/gcc/arm-eabi/4.3.3/../../../../arm-eabi/lib/thumb/libsysbase.a(iosupport.o)
 .glue_7        0x02022974        0x0 /opt/devkitPro/devkitARM/lib/gcc/arm-eabi/4.3.3/../../../../arm-eabi/lib/thumb/libsysbase.a(close.o)
 .glue_7        0x02022974        0x0 /opt/devkitPro/devkitARM/lib/gcc/arm-eabi/4.3.3/../../../../arm-eabi/lib/thumb/libsysbase.a(fstat.o)
 .glue_7        0x02022974        0x0 /opt/devkitPro/devkitARM/lib/gcc/arm-eabi/4.3.3/../../../../arm-eabi/lib/thumb/libsysbase.a(isatty.o)
 .glue_7        0x02022974        0x0 /opt/devkitPro/devkitARM/lib/gcc/arm-eabi/4.3.3/../../../../arm-eabi/lib/thumb/libsysbase.a(lseek.o)
 .glue_7        0x02022974        0x0 /opt/devkitPro/devkitARM/lib/gcc/arm-eabi/4.3.3/../../../../arm-eabi/lib/thumb/libsysbase.a(open.o)
 .glue_7        0x02022974        0x0 /opt/devkitPro/devkitARM/lib/gcc/arm-eabi/4.3.3/../../../../arm-eabi/lib/thumb/libsysbase.a(read.o)
 .glue_7        0x02022974        0x0 /opt/devkitPro/devkitARM/lib/gcc/arm-eabi/4.3.3/../../../../arm-eabi/lib/thumb/libsysbase.a(sbrk.o)
 .glue_7        0x02022974        0x0 /opt/devkitPro/devkitARM/lib/gcc/arm-eabi/4.3.3/../../../../arm-eabi/lib/thumb/libsysbase.a(times.o)
 .glue_7        0x02022974        0x0 /opt/devkitPro/devkitARM/lib/gcc/arm-eabi/4.3.3/../../../../arm-eabi/lib/thumb/libsysbase.a(write.o)
 .glue_7        0x02022974        0x0 /opt/devkitPro/devkitARM/lib/gcc/arm-eabi/4.3.3/../../../../arm-eabi/lib/thumb/libsysbase.a(malloc_vars.o)
 .glue_7        0x02022974        0x0 /opt/devkitPro/devkitARM/lib/gcc/arm-eabi/4.3.3/../../../../arm-eabi/lib/thumb/libsysbase.a(chdir.o)
 .glue_7        0x02022974        0x0 /opt/devkitPro/devkitARM/lib/gcc/arm-eabi/4.3.3/../../../../arm-eabi/lib/thumb/libsysbase.a(build_argv.o)
 .glue_7        0x02022974        0x0 /opt/devkitPro/devkitARM/lib/gcc/arm-eabi/4.3.3/../../../../arm-eabi/lib/thumb/libsysbase.a(handle_manager.o)
 .glue_7        0x02022974        0x0 /opt/devkitPro/devkitARM/lib/gcc/arm-eabi/4.3.3/thumb/libgcc.a(_fixdfsi.o)
 .glue_7        0x02022974        0x0 /opt/devkitPro/devkitARM/lib/gcc/arm-eabi/4.3.3/thumb/libgcc.a(_fixunsdfsi.o)
 .glue_7        0x02022974        0x0 /opt/devkitPro/devkitARM/lib/gcc/arm-eabi/4.3.3/thumb/libgcc.a(_truncdfsf2.o)
 .glue_7        0x02022974        0x0 /opt/devkitPro/devkitARM/lib/gcc/arm-eabi/4.3.3/../../../../arm-eabi/lib/thumb/libg.a(lib_a-errno.o)
 .glue_7        0x02022974        0x0 /opt/devkitPro/devkitARM/lib/gcc/arm-eabi/4.3.3/thumb/crtend.o
 .glue_7        0x02022974        0x0 /opt/devkitPro/devkitARM/lib/gcc/arm-eabi/4.3.3/thumb/crtn.o
 *(.glue_7t)
 .glue_7t       0x02022974        0x0 /opt/devkitPro/devkitARM/lib/gcc/arm-eabi/4.3.3/../../../../arm-eabi/lib/thumb/ds_arm9_crt0.o
 .glue_7t       0x02022974        0x0 /opt/devkitPro/devkitARM/lib/gcc/arm-eabi/4.3.3/thumb/crti.o
 .glue_7t       0x02022974        0x0 /opt/devkitPro/devkitARM/lib/gcc/arm-eabi/4.3.3/thumb/crtbegin.o
 .glue_7t       0x02022974        0x0 soundbank.bin.o
 .glue_7t       0x02022974        0x0 backimage.o
 .glue_7t       0x02022974        0x0 Balcony1.o
 .glue_7t       0x02022974        0x0 Balcony2.o
 .glue_7t       0x02022974        0x0 big_clock.o
 .glue_7t       0x02022974        0x0 big_rainbow.o
 .glue_7t       0x02022974        0x0 big_shield.o
 .glue_7t       0x02022974        0x0 Building1.o
 .glue_7t       0x02022974        0x0 Building2.o
 .glue_7t       0x02022974        0x0 clock.o
 .glue_7t       0x02022974        0x0 clouds.o
 .glue_7t       0x02022974        0x0 game_over.o
 .glue_7t       0x02022974        0x0 keyboard.o
 .glue_7t       0x02022974        0x0 numbers.o
 .glue_7t       0x02022974        0x0 nums.o
 .glue_7t       0x02022974        0x0 NyanCat1.o
 .glue_7t       0x02022974        0x0 NyanCat2.o
 .glue_7t       0x02022974        0x0 NyanCat3.o
 .glue_7t       0x02022974        0x0 NyanCat4.o
 .glue_7t       0x02022974        0x0 NyanCat5.o
 .glue_7t       0x02022974        0x0 NyanCat6.o
 .glue_7t       0x02022974        0x0 rainbow2.o
 .glue_7t       0x02022974        0x0 rainbow.o
 .glue_7t       0x02022974        0x0 shield.o
 .glue_7t       0x02022974        0x0 start.o
 .glue_7t       0x02022974        0x0 Audio.o
 .glue_7t       0x02022974        0x0 game.o
 .glue_7t       0x02022974        0x0 Graphics.o
 .glue_7t       0x02022974        0x0 main.o
 .glue_7t       0x02022974        0x0 Score.o
 .glue_7t       0x02022974        0x0 Timer.o
 .glue_7t       0x02022974        0x0 /opt/devkitPro/libnds/lib/libfat.a(libfat.o)
 .glue_7t       0x02022974        0x0 /opt/devkitPro/libnds/lib/libfat.a(partition.o)
 .glue_7t       0x02022974        0x0 /opt/devkitPro/libnds/lib/libfat.a(cache.o)
 .glue_7t       0x02022974        0x0 /opt/devkitPro/libnds/lib/libfat.a(disc.o)
 .glue_7t       0x02022974        0x0 /opt/devkitPro/libnds/lib/libfat.a(fatdir.o)
 .glue_7t       0x02022974        0x0 /opt/devkitPro/libnds/lib/libfat.a(fatfile.o)
 .glue_7t       0x02022974        0x0 /opt/devkitPro/libnds/lib/libfat.a(file_allocation_table.o)
 .glue_7t       0x02022974        0x0 /opt/devkitPro/libnds/lib/libfat.a(filetime.o)
 .glue_7t       0x02022974        0x0 /opt/devkitPro/libnds/lib/libfat.a(directory.o)
 .glue_7t       0x02022974        0x0 /opt/devkitPro/libnds/lib/libnds9.a(console.o)
 .glue_7t       0x02022974        0x0 /opt/devkitPro/libnds/lib/libnds9.a(initSystem.o)
 .glue_7t       0x02022974        0x0 /opt/devkitPro/libnds/lib/libnds9.a(keys.o)
 .glue_7t       0x02022974        0x0 /opt/devkitPro/libnds/lib/libnds9.a(sprite.o)
 .glue_7t       0x02022974        0x0 /opt/devkitPro/libnds/lib/libnds9.a(sprite_alloc.o)
 .glue_7t       0x02022974        0x0 /opt/devkitPro/libnds/lib/libnds9.a(system.o)
 .glue_7t       0x02022974        0x0 /opt/devkitPro/libnds/lib/libnds9.a(touch.o)
 .glue_7t       0x02022974        0x0 /opt/devkitPro/libnds/lib/libnds9.a(trig.o)
 .glue_7t       0x02022974        0x0 /opt/devkitPro/libnds/lib/libnds9.a(video.o)
 .glue_7t       0x02022974        0x0 /opt/devkitPro/libnds/lib/libnds9.a(videoGL.o)
 .glue_7t       0x02022974        0x0 /opt/devkitPro/libnds/lib/libnds9.a(dldi.o)
 .glue_7t       0x02022974        0x0 /opt/devkitPro/libnds/lib/libnds9.a(fifosystem.o)
 .glue_7t       0x02022974        0x0 /opt/devkitPro/libnds/lib/libnds9.a(interrupts.o)
 .glue_7t       0x02022974        0x0 /opt/devkitPro/libnds/lib/libnds9.a(dcache.o)
 .glue_7t       0x02022974        0x0 /opt/devkitPro/libnds/lib/libnds9.a(dldi_stub.o)
 .glue_7t       0x02022974        0x0 /opt/devkitPro/libnds/lib/libnds9.a(biosCalls.o)
 .glue_7t       0x02022974        0x0 /opt/devkitPro/libnds/lib/libnds9.a(debugprint.o)
 .glue_7t       0x02022974        0x0 /opt/devkitPro/libnds/lib/libnds9.a(interruptDispatcher.o)
 .glue_7t       0x02022974        0x0 /opt/devkitPro/libnds/lib/libnds9.a(default_font.bin.o)
 .glue_7t       0x02022974        0x0 /opt/devkitPro/libnds/lib/libnds9.a(background.o)
 .glue_7t       0x02022974        0x0 /opt/devkitPro/libnds/lib/libmm9.a(mm_comms.o)
 .glue_7t       0x02022974        0x0 /opt/devkitPro/libnds/lib/libmm9.a(mm_main9.o)
 .glue_7t       0x02022974        0x0 /opt/devkitPro/libnds/lib/libmm9.a(mm_memory.o)
 .glue_7t       0x02022974        0x0 /opt/devkitPro/libnds/lib/libmm9.a(mm_soundbank.o)
 .glue_7t       0x02022974        0x0 /opt/devkitPro/libnds/lib/libmm9.a(mm_flusher.o)
 .glue_7t       0x02022974        0x0 /opt/devkitPro/devkitARM/lib/gcc/arm-eabi/4.3.3/thumb/libgcc.a(_udivsi3.o)
 .glue_7t       0x02022974        0x0 /opt/devkitPro/devkitARM/lib/gcc/arm-eabi/4.3.3/thumb/libgcc.a(_divsi3.o)
 .glue_7t       0x02022974        0x0 /opt/devkitPro/devkitARM/lib/gcc/arm-eabi/4.3.3/thumb/libgcc.a(_dvmd_tls.o)
 .glue_7t       0x02022974        0x0 /opt/devkitPro/devkitARM/lib/gcc/arm-eabi/4.3.3/thumb/libgcc.a(_addsubdf3.o)
 .glue_7t       0x02022974        0x0 /opt/devkitPro/devkitARM/lib/gcc/arm-eabi/4.3.3/thumb/libgcc.a(_muldivdf3.o)
 .glue_7t       0x02022974        0x0 /opt/devkitPro/devkitARM/lib/gcc/arm-eabi/4.3.3/thumb/libgcc.a(_cmpdf2.o)
 .glue_7t       0x02022974        0x0 /opt/devkitPro/devkitARM/lib/gcc/arm-eabi/4.3.3/thumb/libgcc.a(_muldi3.o)
 .glue_7t       0x02022974        0x0 /opt/devkitPro/devkitARM/lib/gcc/arm-eabi/4.3.3/../../../../arm-eabi/lib/thumb/libg.a(lib_a-bsearch.o)
 .glue_7t       0x02022974        0x0 /opt/devkitPro/devkitARM/lib/gcc/arm-eabi/4.3.3/../../../../arm-eabi/lib/thumb/libg.a(lib_a-clock.o)
 .glue_7t       0x02022974        0x0 /opt/devkitPro/devkitARM/lib/gcc/arm-eabi/4.3.3/../../../../arm-eabi/lib/thumb/libg.a(lib_a-fclose.o)
 .glue_7t       0x02022974        0x0 /opt/devkitPro/devkitARM/lib/gcc/arm-eabi/4.3.3/../../../../arm-eabi/lib/thumb/libg.a(lib_a-fflush.o)
 .glue_7t       0x02022974        0x0 /opt/devkitPro/devkitARM/lib/gcc/arm-eabi/4.3.3/../../../../arm-eabi/lib/thumb/libg.a(lib_a-findfp.o)
 .glue_7t       0x02022974        0x0 /opt/devkitPro/devkitARM/lib/gcc/arm-eabi/4.3.3/../../../../arm-eabi/lib/thumb/libg.a(lib_a-fopen.o)
 .glue_7t       0x02022974        0x0 /opt/devkitPro/devkitARM/lib/gcc/arm-eabi/4.3.3/../../../../arm-eabi/lib/thumb/libg.a(lib_a-fprintf.o)
 .glue_7t       0x02022974        0x0 /opt/devkitPro/devkitARM/lib/gcc/arm-eabi/4.3.3/../../../../arm-eabi/lib/thumb/libg.a(lib_a-fread.o)
 .glue_7t       0x02022974        0x0 /opt/devkitPro/devkitARM/lib/gcc/arm-eabi/4.3.3/../../../../arm-eabi/lib/thumb/libg.a(lib_a-freer.o)
 .glue_7t       0x02022974        0x0 /opt/devkitPro/devkitARM/lib/gcc/arm-eabi/4.3.3/../../../../arm-eabi/lib/thumb/libg.a(lib_a-fscanf.o)
 .glue_7t       0x02022974        0x0 /opt/devkitPro/devkitARM/lib/gcc/arm-eabi/4.3.3/../../../../arm-eabi/lib/thumb/libg.a(lib_a-fseek.o)
 .glue_7t       0x02022974        0x0 /opt/devkitPro/devkitARM/lib/gcc/arm-eabi/4.3.3/../../../../arm-eabi/lib/thumb/libg.a(lib_a-fwalk.o)
 .glue_7t       0x02022974        0x0 /opt/devkitPro/devkitARM/lib/gcc/arm-eabi/4.3.3/../../../../arm-eabi/lib/thumb/libg.a(lib_a-impure.o)
 .glue_7t       0x02022974        0x0 /opt/devkitPro/devkitARM/lib/gcc/arm-eabi/4.3.3/../../../../arm-eabi/lib/thumb/libg.a(lib_a-init.o)
 .glue_7t       0x02022974        0x0 /opt/devkitPro/devkitARM/lib/gcc/arm-eabi/4.3.3/../../../../arm-eabi/lib/thumb/libg.a(lib_a-iprintf.o)
 .glue_7t       0x02022974        0x0 /opt/devkitPro/devkitARM/lib/gcc/arm-eabi/4.3.3/../../../../arm-eabi/lib/thumb/libg.a(lib_a-lcltime_r.o)
 .glue_7t       0x02022974        0x0 /opt/devkitPro/devkitARM/lib/gcc/arm-eabi/4.3.3/../../../../arm-eabi/lib/thumb/libg.a(lib_a-locale.o)
 .glue_7t       0x02022974        0x0 /opt/devkitPro/devkitARM/lib/gcc/arm-eabi/4.3.3/../../../../arm-eabi/lib/thumb/libg.a(lib_a-makebuf.o)
 .glue_7t       0x02022974        0x0 /opt/devkitPro/devkitARM/lib/gcc/arm-eabi/4.3.3/../../../../arm-eabi/lib/thumb/libg.a(lib_a-malloc.o)
 .glue_7t       0x02022974        0x0 /opt/devkitPro/devkitARM/lib/gcc/arm-eabi/4.3.3/../../../../arm-eabi/lib/thumb/libg.a(lib_a-mallocr.o)
 .glue_7t       0x02022974        0x0 /opt/devkitPro/devkitARM/lib/gcc/arm-eabi/4.3.3/../../../../arm-eabi/lib/thumb/libg.a(lib_a-mbrtowc.o)
 .glue_7t       0x02022974        0x0 /opt/devkitPro/devkitARM/lib/gcc/arm-eabi/4.3.3/../../../../arm-eabi/lib/thumb/libg.a(lib_a-mbsrtowcs.o)
 .glue_7t       0x02022974        0x0 /opt/devkitPro/devkitARM/lib/gcc/arm-eabi/4.3.3/../../../../arm-eabi/lib/thumb/libg.a(lib_a-mbtowc_r.o)
 .glue_7t       0x02022974        0x0 /opt/devkitPro/devkitARM/lib/gcc/arm-eabi/4.3.3/../../../../arm-eabi/lib/thumb/libg.a(lib_a-memcmp.o)
 .glue_7t       0x02022974        0x0 /opt/devkitPro/devkitARM/lib/gcc/arm-eabi/4.3.3/../../../../arm-eabi/lib/thumb/libg.a(lib_a-memcpy.o)
 .glue_7t       0x02022974        0x0 /opt/devkitPro/devkitARM/lib/gcc/arm-eabi/4.3.3/../../../../arm-eabi/lib/thumb/libg.a(lib_a-memmove.o)
 .glue_7t       0x02022974        0x0 /opt/devkitPro/devkitARM/lib/gcc/arm-eabi/4.3.3/../../../../arm-eabi/lib/thumb/libg.a(lib_a-memset.o)
 .glue_7t       0x02022974        0x0 /opt/devkitPro/devkitARM/lib/gcc/arm-eabi/4.3.3/../../../../arm-eabi/lib/thumb/libg.a(lib_a-mktime.o)
 .glue_7t       0x02022974        0x0 /opt/devkitPro/devkitARM/lib/gcc/arm-eabi/4.3.3/../../../../arm-eabi/lib/thumb/libg.a(lib_a-mktm_r.o)
 .glue_7t       0x02022974        0x0 /opt/devkitPro/devkitARM/lib/gcc/arm-eabi/4.3.3/../../../../arm-eabi/lib/thumb/libg.a(lib_a-mlock.o)
 .glue_7t       0x02022974        0x0 /opt/devkitPro/devkitARM/lib/gcc/arm-eabi/4.3.3/../../../../arm-eabi/lib/thumb/libg.a(lib_a-printf.o)
 .glue_7t       0x02022974        0x0 /opt/devkitPro/devkitARM/lib/gcc/arm-eabi/4.3.3/../../../../arm-eabi/lib/thumb/libg.a(lib_a-puts.o)
 .glue_7t       0x02022974        0x0 /opt/devkitPro/devkitARM/lib/gcc/arm-eabi/4.3.3/../../../../arm-eabi/lib/thumb/libg.a(lib_a-rand.o)
 .glue_7t       0x02022974        0x0 /opt/devkitPro/devkitARM/lib/gcc/arm-eabi/4.3.3/../../../../arm-eabi/lib/thumb/libg.a(lib_a-realloc.o)
 .glue_7t       0x02022974        0x0 /opt/devkitPro/devkitARM/lib/gcc/arm-eabi/4.3.3/../../../../arm-eabi/lib/thumb/libg.a(lib_a-reallocr.o)
 .glue_7t       0x02022974        0x0 /opt/devkitPro/devkitARM/lib/gcc/arm-eabi/4.3.3/../../../../arm-eabi/lib/thumb/libg.a(lib_a-refill.o)
 .glue_7t       0x02022974        0x0 /opt/devkitPro/devkitARM/lib/gcc/arm-eabi/4.3.3/../../../../arm-eabi/lib/thumb/libg.a(lib_a-setvbuf.o)
 .glue_7t       0x02022974        0x0 /opt/devkitPro/devkitARM/lib/gcc/arm-eabi/4.3.3/../../../../arm-eabi/lib/thumb/libg.a(lib_a-siscanf.o)
 .glue_7t       0x02022974        0x0 /opt/devkitPro/devkitARM/lib/gcc/arm-eabi/4.3.3/../../../../arm-eabi/lib/thumb/libg.a(lib_a-stdio.o)
 .glue_7t       0x02022974        0x0 /opt/devkitPro/devkitARM/lib/gcc/arm-eabi/4.3.3/../../../../arm-eabi/lib/thumb/libg.a(lib_a-strchr.o)
 .glue_7t       0x02022974        0x0 /opt/devkitPro/devkitARM/lib/gcc/arm-eabi/4.3.3/../../../../arm-eabi/lib/thumb/libg.a(lib_a-strcmp.o)
 .glue_7t       0x02022974        0x0 /opt/devkitPro/devkitARM/lib/gcc/arm-eabi/4.3.3/../../../../arm-eabi/lib/thumb/libg.a(lib_a-strcpy.o)
 .glue_7t       0x02022974        0x0 /opt/devkitPro/devkitARM/lib/gcc/arm-eabi/4.3.3/../../../../arm-eabi/lib/thumb/libg.a(lib_a-strlen.o)
 .glue_7t       0x02022974        0x0 /opt/devkitPro/devkitARM/lib/gcc/arm-eabi/4.3.3/../../../../arm-eabi/lib/thumb/libg.a(lib_a-strncasecmp.o)
 .glue_7t       0x02022974        0x0 /opt/devkitPro/devkitARM/lib/gcc/arm-eabi/4.3.3/../../../../arm-eabi/lib/thumb/libg.a(lib_a-strncmp.o)
 .glue_7t       0x02022974        0x0 /opt/devkitPro/devkitARM/lib/gcc/arm-eabi/4.3.3/../../../../arm-eabi/lib/thumb/libg.a(lib_a-strncpy.o)
 .glue_7t       0x02022974        0x0 /opt/devkitPro/devkitARM/lib/gcc/arm-eabi/4.3.3/../../../../arm-eabi/lib/thumb/libg.a(lib_a-strnlen.o)
 .glue_7t       0x02022974        0x0 /opt/devkitPro/devkitARM/lib/gcc/arm-eabi/4.3.3/../../../../arm-eabi/lib/thumb/libg.a(lib_a-strpbrk.o)
 .glue_7t       0x02022974        0x0 /opt/devkitPro/devkitARM/lib/gcc/arm-eabi/4.3.3/../../../../arm-eabi/lib/thumb/libg.a(lib_a-strrchr.o)
 .glue_7t       0x02022974        0x0 /opt/devkitPro/devkitARM/lib/gcc/arm-eabi/4.3.3/../../../../arm-eabi/lib/thumb/libg.a(lib_a-svfiscanf.o)
 .glue_7t       0x02022974        0x0 /opt/devkitPro/devkitARM/lib/gcc/arm-eabi/4.3.3/../../../../arm-eabi/lib/thumb/libg.a(lib_a-sysclose.o)
 .glue_7t       0x02022974        0x0 /opt/devkitPro/devkitARM/lib/gcc/arm-eabi/4.3.3/../../../../arm-eabi/lib/thumb/libg.a(lib_a-syslseek.o)
 .glue_7t       0x02022974        0x0 /opt/devkitPro/devkitARM/lib/gcc/arm-eabi/4.3.3/../../../../arm-eabi/lib/thumb/libg.a(lib_a-sysopen.o)
 .glue_7t       0x02022974        0x0 /opt/devkitPro/devkitARM/lib/gcc/arm-eabi/4.3.3/../../../../arm-eabi/lib/thumb/libg.a(lib_a-sysread.o)
 .glue_7t       0x02022974        0x0 /opt/devkitPro/devkitARM/lib/gcc/arm-eabi/4.3.3/../../../../arm-eabi/lib/thumb/libg.a(lib_a-time.o)
 .glue_7t       0x02022974        0x0 /opt/devkitPro/devkitARM/lib/gcc/arm-eabi/4.3.3/../../../../arm-eabi/lib/thumb/libg.a(lib_a-towlower.o)
 .glue_7t       0x02022974        0x0 /opt/devkitPro/devkitARM/lib/gcc/arm-eabi/4.3.3/../../../../arm-eabi/lib/thumb/libg.a(lib_a-towupper.o)
 .glue_7t       0x02022974        0x0 /opt/devkitPro/devkitARM/lib/gcc/arm-eabi/4.3.3/../../../../arm-eabi/lib/thumb/libg.a(lib_a-tzlock.o)
 .glue_7t       0x02022974        0x0 /opt/devkitPro/devkitARM/lib/gcc/arm-eabi/4.3.3/../../../../arm-eabi/lib/thumb/libg.a(lib_a-tzvars.o)
 .glue_7t       0x02022974        0x0 /opt/devkitPro/devkitARM/lib/gcc/arm-eabi/4.3.3/../../../../arm-eabi/lib/thumb/libg.a(lib_a-ungetc.o)
 .glue_7t       0x02022974        0x0 /opt/devkitPro/devkitARM/lib/gcc/arm-eabi/4.3.3/../../../../arm-eabi/lib/thumb/libg.a(lib_a-vfiprintf.o)
 .glue_7t       0x02022974        0x0 /opt/devkitPro/devkitARM/lib/gcc/arm-eabi/4.3.3/../../../../arm-eabi/lib/thumb/libg.a(lib_a-vfprintf.o)
 .glue_7t       0x02022974        0x0 /opt/devkitPro/devkitARM/lib/gcc/arm-eabi/4.3.3/../../../../arm-eabi/lib/thumb/libg.a(lib_a-vfscanf.o)
 .glue_7t       0x02022974        0x0 /opt/devkitPro/devkitARM/lib/gcc/arm-eabi/4.3.3/../../../../arm-eabi/lib/thumb/libg.a(lib_a-wcrtomb.o)
 .glue_7t       0x02022974        0x0 /opt/devkitPro/devkitARM/lib/gcc/arm-eabi/4.3.3/../../../../arm-eabi/lib/thumb/libg.a(lib_a-wcsrtombs.o)
 .glue_7t       0x02022974        0x0 /opt/devkitPro/devkitARM/lib/gcc/arm-eabi/4.3.3/../../../../arm-eabi/lib/thumb/libg.a(lib_a-wctob.o)
 .glue_7t       0x02022974        0x0 /opt/devkitPro/devkitARM/lib/gcc/arm-eabi/4.3.3/../../../../arm-eabi/lib/thumb/libg.a(lib_a-wctomb_r.o)
 .glue_7t       0x02022974        0x0 /opt/devkitPro/devkitARM/lib/gcc/arm-eabi/4.3.3/../../../../arm-eabi/lib/thumb/libg.a(lib_a-wsetup.o)
 .glue_7t       0x02022974        0x0 /opt/devkitPro/devkitARM/lib/gcc/arm-eabi/4.3.3/../../../../arm-eabi/lib/thumb/libg.a(lib_a-ctype_.o)
 .glue_7t       0x02022974        0x0 /opt/devkitPro/devkitARM/lib/gcc/arm-eabi/4.3.3/../../../../arm-eabi/lib/thumb/libg.a(lib_a-div.o)
 .glue_7t       0x02022974        0x0 /opt/devkitPro/devkitARM/lib/gcc/arm-eabi/4.3.3/../../../../arm-eabi/lib/thumb/libg.a(lib_a-dtoa.o)
 .glue_7t       0x02022974        0x0 /opt/devkitPro/devkitARM/lib/gcc/arm-eabi/4.3.3/../../../../arm-eabi/lib/thumb/libg.a(lib_a-flags.o)
 .glue_7t       0x02022974        0x0 /opt/devkitPro/devkitARM/lib/gcc/arm-eabi/4.3.3/../../../../arm-eabi/lib/thumb/libg.a(lib_a-fvwrite.o)
 .glue_7t       0x02022974        0x0 /opt/devkitPro/devkitARM/lib/gcc/arm-eabi/4.3.3/../../../../arm-eabi/lib/thumb/libg.a(lib_a-gettzinfo.o)
 .glue_7t       0x02022974        0x0 /opt/devkitPro/devkitARM/lib/gcc/arm-eabi/4.3.3/../../../../arm-eabi/lib/thumb/libg.a(lib_a-iswspace.o)
 .glue_7t       0x02022974        0x0 /opt/devkitPro/devkitARM/lib/gcc/arm-eabi/4.3.3/../../../../arm-eabi/lib/thumb/libg.a(lib_a-jp2uc.o)
 .glue_7t       0x02022974        0x0 /opt/devkitPro/devkitARM/lib/gcc/arm-eabi/4.3.3/../../../../arm-eabi/lib/thumb/libg.a(lib_a-memchr.o)
 .glue_7t       0x02022974        0x0 /opt/devkitPro/devkitARM/lib/gcc/arm-eabi/4.3.3/../../../../arm-eabi/lib/thumb/libg.a(lib_a-mprec.o)
 .glue_7t       0x02022974        0x0 /opt/devkitPro/devkitARM/lib/gcc/arm-eabi/4.3.3/../../../../arm-eabi/lib/thumb/libg.a(lib_a-s_isinfd.o)
 .glue_7t       0x02022974        0x0 /opt/devkitPro/devkitARM/lib/gcc/arm-eabi/4.3.3/../../../../arm-eabi/lib/thumb/libg.a(lib_a-s_isnand.o)
 .glue_7t       0x02022974        0x0 /opt/devkitPro/devkitARM/lib/gcc/arm-eabi/4.3.3/../../../../arm-eabi/lib/thumb/libg.a(lib_a-sccl.o)
 .glue_7t       0x02022974        0x0 /opt/devkitPro/devkitARM/lib/gcc/arm-eabi/4.3.3/../../../../arm-eabi/lib/thumb/libg.a(lib_a-sf_nan.o)
 .glue_7t       0x02022974        0x0 /opt/devkitPro/devkitARM/lib/gcc/arm-eabi/4.3.3/../../../../arm-eabi/lib/thumb/libg.a(lib_a-sprintf.o)
 .glue_7t       0x02022974        0x0 /opt/devkitPro/devkitARM/lib/gcc/arm-eabi/4.3.3/../../../../arm-eabi/lib/thumb/libg.a(lib_a-strtod.o)
 .glue_7t       0x02022974        0x0 /opt/devkitPro/devkitARM/lib/gcc/arm-eabi/4.3.3/../../../../arm-eabi/lib/thumb/libg.a(lib_a-strtol.o)
 .glue_7t       0x02022974        0x0 /opt/devkitPro/devkitARM/lib/gcc/arm-eabi/4.3.3/../../../../arm-eabi/lib/thumb/libg.a(lib_a-strtoul.o)
 .glue_7t       0x02022974        0x0 /opt/devkitPro/devkitARM/lib/gcc/arm-eabi/4.3.3/../../../../arm-eabi/lib/thumb/libg.a(lib_a-svfprintf.o)
 .glue_7t       0x02022974        0x0 /opt/devkitPro/devkitARM/lib/gcc/arm-eabi/4.3.3/../../../../arm-eabi/lib/thumb/libg.a(lib_a-callocr.o)
 .glue_7t       0x02022974        0x0 /opt/devkitPro/devkitARM/lib/gcc/arm-eabi/4.3.3/../../../../arm-eabi/lib/thumb/libg.a(lib_a-gdtoa-gethex.o)
 .glue_7t       0x02022974        0x0 /opt/devkitPro/devkitARM/lib/gcc/arm-eabi/4.3.3/../../../../arm-eabi/lib/thumb/libg.a(lib_a-gdtoa-hexnan.o)
 .glue_7t       0x02022974        0x0 /opt/devkitPro/devkitARM/lib/gcc/arm-eabi/4.3.3/../../../../arm-eabi/lib/thumb/libsysbase.a(iosupport.o)
 .glue_7t       0x02022974        0x0 /opt/devkitPro/devkitARM/lib/gcc/arm-eabi/4.3.3/../../../../arm-eabi/lib/thumb/libsysbase.a(close.o)
 .glue_7t       0x02022974        0x0 /opt/devkitPro/devkitARM/lib/gcc/arm-eabi/4.3.3/../../../../arm-eabi/lib/thumb/libsysbase.a(fstat.o)
 .glue_7t       0x02022974        0x0 /opt/devkitPro/devkitARM/lib/gcc/arm-eabi/4.3.3/../../../../arm-eabi/lib/thumb/libsysbase.a(isatty.o)